
> my-v0-project@0.1.0 test D:\AnhTri\Chuyen_Nganh\CN9\Capstone\uni-club
> jest "--no-coverage"

FAIL __tests__/service/eventApi.test.ts
  ΓùÅ Console

    console.error
      Error creating event: { response: { status: 400, data: { message: 'Validation error' } } }

      267 |     return data
      268 |   } catch (error) {
    > 269 |     console.error("Error creating event:", error)
          |             ^
      270 |     throw error
      271 |   }
      272 | }

      at error (service/eventApi.ts:269:13)
      at Object.<anonymous> (__tests__/service/eventApi.test.ts:217:7)

    console.error
      Error updating event 1: { response: { status: 403 } }

      424 |     return data
      425 |   } catch (error) {
    > 426 |     console.error(`Error updating event ${id}:`, error)
          |             ^
      427 |     throw error
      428 |   }
      429 | }

      at error (service/eventApi.ts:426:13)
      at Object.<anonymous> (__tests__/service/eventApi.test.ts:241:7)

    console.error
      Error deleting event 999: { response: { status: 404 } }

      433 |     await axiosInstance.delete(`api/events/${id}`)
      434 |   } catch (error) {
    > 435 |     console.error(`Error deleting event ${id}:`, error)
          |             ^
      436 |     throw error
      437 |   }
      438 | }

      at error (service/eventApi.ts:435:13)
      at Object.<anonymous> (__tests__/service/eventApi.test.ts:259:7)

    console.error
      Error registering for event 1: { response: { status: 400, data: { message: 'Event is full' } } }

      507 |     return data
      508 |   } catch (error) {
    > 509 |     console.error(`Error registering for event ${eventId}:`, error)
          |             ^
      510 |     throw error
      511 |   }
      512 | }

      at error (service/eventApi.ts:509:13)
      at Object.<anonymous> (__tests__/service/eventApi.test.ts:282:7)

  ΓùÅ EventApi ΓÇ║ fetchEvents ΓÇ║ should fetch events successfully

    TypeError: (0 , _eventApi.fetchEvents) is not a function

      138 |       ;(axiosInstance.get as jest.Mock).mockResolvedValue({ data: mockEvents })
      139 |
    > 140 |       const result = await fetchEvents()
          |                                       ^
      141 |
      142 |       expect(axiosInstance.get).toHaveBeenCalledWith('/api/events')
      143 |       expect(result).toEqual(mockEvents)

      at Object.<anonymous> (__tests__/service/eventApi.test.ts:140:39)

  ΓùÅ EventApi ΓÇ║ fetchEvents ΓÇ║ should handle errors when fetching events

    TypeError: (0 , _eventApi.fetchEvents) is not a function

      147 |       ;(axiosInstance.get as jest.Mock).mockRejectedValue(new Error('Network error'))
      148 |
    > 149 |       await expect(fetchEvents()).rejects.toThrow('Network error')
          |                               ^
      150 |     })
      151 |   })
      152 |

      at Object.<anonymous> (__tests__/service/eventApi.test.ts:149:31)

  ΓùÅ EventApi ΓÇ║ fetchEventById ΓÇ║ should fetch event by id successfully

    TypeError: (0 , _eventApi.fetchEventById) is not a function

      161 |       ;(axiosInstance.get as jest.Mock).mockResolvedValue({ data: mockEvent })
      162 |
    > 163 |       const result = await fetchEventById(1)
          |                                          ^
      164 |
      165 |       expect(axiosInstance.get).toHaveBeenCalledWith('/api/events/1')
      166 |       expect(result).toEqual(mockEvent)

      at Object.<anonymous> (__tests__/service/eventApi.test.ts:163:42)

  ΓùÅ EventApi ΓÇ║ fetchEventById ΓÇ║ should handle 404 error

    TypeError: (0 , _eventApi.fetchEventById) is not a function

      172 |       })
      173 |
    > 174 |       await expect(fetchEventById(999)).rejects.toBeTruthy()
          |                                  ^
      175 |     })
      176 |   })
      177 |

      at Object.<anonymous> (__tests__/service/eventApi.test.ts:174:34)

  ΓùÅ EventApi ΓÇ║ createEvent ΓÇ║ should create event successfully

    expect(jest.fn()).toHaveBeenCalledWith(...expected)

    - Expected
    + Received

    - "/api/events",
    + "api/events",
      {"commitPointCost": 10, "days": [{"date": "2024-01-15", "endTime": "17:00", "startTime": "09:00"}], "description": "Event Description", "hostClubId": 1, "locationId": 1, "maxCheckInCount": 100, "name": "New Event", "registrationDeadline": "2024-01-10", "type": "PUBLIC"},

    Number of calls: 1

      205 |       const result = await createEvent(mockPayload)
      206 |
    > 207 |       expect(axiosInstance.post).toHaveBeenCalledWith('/api/events', mockPayload)
          |                                  ^
      208 |       expect(result).toEqual(mockResponse)
      209 |     })
      210 |

      at Object.toHaveBeenCalledWith (__tests__/service/eventApi.test.ts:207:34)

  ΓùÅ EventApi ΓÇ║ updateEvent ΓÇ║ should update event successfully

    expect(jest.fn()).toHaveBeenCalledWith(...expected)

    - Expected
    + Received

    - "/api/events/1",
    + "api/events/1",
      {"description": "Updated Description", "name": "Updated Event"},

    Number of calls: 1

      230 |       const result = await updateEvent(1, mockUpdate)
      231 |
    > 232 |       expect(axiosInstance.put).toHaveBeenCalledWith('/api/events/1', mockUpdate)
          |                                 ^
      233 |       expect(result).toEqual(mockResponse)
      234 |     })
      235 |

      at Object.toHaveBeenCalledWith (__tests__/service/eventApi.test.ts:232:33)

  ΓùÅ EventApi ΓÇ║ deleteEvent ΓÇ║ should delete event successfully

    expect(jest.fn()).toHaveBeenCalledWith(...expected)

    Expected: "/api/events/1"
    Received: "api/events/1"

    Number of calls: 1

      249 |       await deleteEvent(1)
      250 |
    > 251 |       expect(axiosInstance.delete).toHaveBeenCalledWith('/api/events/1')
          |                                    ^
      252 |     })
      253 |
      254 |     it('should handle delete failure', async () => {

      at Object.toHaveBeenCalledWith (__tests__/service/eventApi.test.ts:251:36)

  ΓùÅ EventApi ΓÇ║ registerForEvent ΓÇ║ should register for event successfully

    expect(jest.fn()).toHaveBeenCalledWith(...expected)

    Expected: "/api/events/1/register"
    Received: "/api/events/register", {"eventId": 1}

    Number of calls: 1

      271 |       const result = await registerForEvent(1)
      272 |
    > 273 |       expect(axiosInstance.post).toHaveBeenCalledWith('/api/events/1/register')
          |                                  ^
      274 |       expect(result).toEqual(mockResponse)
      275 |     })
      276 |

      at Object.toHaveBeenCalledWith (__tests__/service/eventApi.test.ts:273:34)

  ΓùÅ EventApi ΓÇ║ checkInToEvent ΓÇ║ should check in to event successfully

    TypeError: (0 , _eventApi.checkInToEvent) is not a function

      292 |       ;(axiosInstance.post as jest.Mock).mockResolvedValue({ data: mockResponse })
      293 |
    > 294 |       const result = await checkInToEvent(1, 'CHECK123')
          |                                          ^
      295 |
      296 |       expect(axiosInstance.post).toHaveBeenCalledWith('/api/events/1/checkin', {
      297 |         checkInCode: 'CHECK123',

      at Object.<anonymous> (__tests__/service/eventApi.test.ts:294:42)

  ΓùÅ EventApi ΓÇ║ checkInToEvent ΓÇ║ should handle invalid check-in code

    TypeError: (0 , _eventApi.checkInToEvent) is not a function

      305 |       })
      306 |
    > 307 |       await expect(checkInToEvent(1, 'INVALID')).rejects.toBeTruthy()
          |                                  ^
      308 |     })
      309 |
      310 |     it('should handle already checked in', async () => {

      at Object.<anonymous> (__tests__/service/eventApi.test.ts:307:34)

  ΓùÅ EventApi ΓÇ║ checkInToEvent ΓÇ║ should handle already checked in

    TypeError: (0 , _eventApi.checkInToEvent) is not a function

      313 |       })
      314 |
    > 315 |       await expect(checkInToEvent(1, 'CHECK123')).rejects.toBeTruthy()
          |                                  ^
      316 |     })
      317 |   })
      318 | })

      at Object.<anonymous> (__tests__/service/eventApi.test.ts:315:34)

FAIL __tests__/service/clubApi.test.ts
  ΓùÅ Console

    console.error
      Error fetching clubs: Error: Network error
          at Object.<anonymous> (D:\AnhTri\Chuyen_Nganh\CN9\Capstone\uni-club\__tests__\service\clubApi.test.ts:55:9)
          at Promise.then.completed (D:\AnhTri\Chuyen_Nganh\CN9\Capstone\uni-club\node_modules\.pnpm\jest-circus@29.7.0\node_modules\jest-circus\build\utils.js:298:28)
          at new Promise (<anonymous>)
          at callAsyncCircusFn (D:\AnhTri\Chuyen_Nganh\CN9\Capstone\uni-club\node_modules\.pnpm\jest-circus@29.7.0\node_modules\jest-circus\build\utils.js:231:10)
          at _callCircusTest (D:\AnhTri\Chuyen_Nganh\CN9\Capstone\uni-club\node_modules\.pnpm\jest-circus@29.7.0\node_modules\jest-circus\build\run.js:316:40)
          at processTicksAndRejections (node:internal/process/task_queues:105:5)
          at _runTest (D:\AnhTri\Chuyen_Nganh\CN9\Capstone\uni-club\node_modules\.pnpm\jest-circus@29.7.0\node_modules\jest-circus\build\run.js:252:3)
          at _runTestsForDescribeBlock (D:\AnhTri\Chuyen_Nganh\CN9\Capstone\uni-club\node_modules\.pnpm\jest-circus@29.7.0\node_modules\jest-circus\build\run.js:126:9)
          at _runTestsForDescribeBlock (D:\AnhTri\Chuyen_Nganh\CN9\Capstone\uni-club\node_modules\.pnpm\jest-circus@29.7.0\node_modules\jest-circus\build\run.js:121:9)
          at _runTestsForDescribeBlock (D:\AnhTri\Chuyen_Nganh\CN9\Capstone\uni-club\node_modules\.pnpm\jest-circus@29.7.0\node_modules\jest-circus\build\run.js:121:9)
          at run (D:\AnhTri\Chuyen_Nganh\CN9\Capstone\uni-club\node_modules\.pnpm\jest-circus@29.7.0\node_modules\jest-circus\build\run.js:71:3)
          at runAndTransformResultsToJestFormat (D:\AnhTri\Chuyen_Nganh\CN9\Capstone\uni-club\node_modules\.pnpm\jest-circus@29.7.0\node_modules\jest-circus\build\legacy-code-todo-rewrite\jestAdapterInit.js:122:21)
          at jestAdapter (D:\AnhTri\Chuyen_Nganh\CN9\Capstone\uni-club\node_modules\.pnpm\jest-circus@29.7.0\node_modules\jest-circus\build\legacy-code-todo-rewrite\jestAdapter.js:79:19)
          at runTestInternal (D:\AnhTri\Chuyen_Nganh\CN9\Capstone\uni-club\node_modules\.pnpm\jest-runner@29.7.0\node_modules\jest-runner\build\runTest.js:367:16)
          at runTest (D:\AnhTri\Chuyen_Nganh\CN9\Capstone\uni-club\node_modules\.pnpm\jest-runner@29.7.0\node_modules\jest-runner\build\runTest.js:444:34)
          at Object.worker (D:\AnhTri\Chuyen_Nganh\CN9\Capstone\uni-club\node_modules\.pnpm\jest-runner@29.7.0\node_modules\jest-runner\build\testWorker.js:106:12)

      56 |     return response.data
      57 |   } catch (error) {
    > 58 |     console.error("Error fetching clubs:", error)
         |             ^
      59 |     throw error
      60 |   }
      61 | }

      at error (service/clubApi.ts:58:13)
      at Object.<anonymous> (__tests__/service/clubApi.test.ts:58:7)

    console.error
      Lß╗ùi khi lß║Ñy th├┤ng tin club ID 999: { response: { status: 404, data: { message: 'Club not found' } } }

      108 |     return response.data as ClubApiResponse; // Trß║ú vß╗ü dß╗» liß╗çu tß╗½ API
      109 |   } catch (error: any) {
    > 110 |     console.error(`Lß╗ùi khi lß║Ñy th├┤ng tin club ID ${clubId}:`, error);
          |             ^
      111 |     // Trß║ú vß╗ü mß╗Öt object lß╗ùi c├│ cß║Ñu tr├║c t╞░╞íng tß╗▒ ─æß╗â component xß╗¡ l├╜
      112 |     return {
      113 |       success: false,

      at error (service/clubApi.ts:110:13)
      at Object.<anonymous> (__tests__/service/clubApi.test.ts:90:7)

    console.error
      Error creating club: { response: { status: 400, data: { message: 'Name is required' } } }

      75 |     return response.data
      76 |   } catch (error) {
    > 77 |     console.error("Error creating club:", error)
         |             ^
      78 |     throw error
      79 |   }
      80 | }

      at error (service/clubApi.ts:77:13)
      at Object.<anonymous> (__tests__/service/clubApi.test.ts:119:7)

    console.error
      Error updating club: { response: { status: 403, data: { message: 'Unauthorized' } } }

      87 |     return response.data
      88 |   } catch (error) {
    > 89 |     console.error("Error updating club:", error)
         |             ^
      90 |     throw error
      91 |   }
      92 | }

      at error (service/clubApi.ts:89:13)
      at Object.<anonymous> (__tests__/service/clubApi.test.ts:147:7)

    console.error
      Error deleting club: {
        response: { status: 500, data: { message: 'Internal server error' } }
      }

       98 |     return response.data
       99 |   } catch (error) {
    > 100 |     console.error("Error deleting club:", error)
          |             ^
      101 |     throw error
      102 |   }
      103 | }

      at error (service/clubApi.ts:100:13)
      at Object.<anonymous> (__tests__/service/clubApi.test.ts:170:7)

  ΓùÅ ClubApi ΓÇ║ fetchClub ΓÇ║ should fetch clubs successfully

    expect(jest.fn()).toHaveBeenCalledWith(...expected)

    - Expected
    + Received

      "/api/clubs",
      Object {
        "params": Object {
    -     "page": 0,
    -     "size": 70,
    -     "sort": "name",
    +     "pageable": "{\"page\":0,\"size\":70,\"sort\":[\"name\"]}",
        },
      },

    Number of calls: 1

      32 |       const result = await fetchClub()
      33 |
    > 34 |       expect(axiosInstance.get).toHaveBeenCalledWith('/api/clubs', {
         |                                 ^
      35 |         params: { page: 0, size: 70, sort: 'name' }
      36 |       })
      37 |       expect(result).toEqual(mockResponse)

      at Object.toHaveBeenCalledWith (__tests__/service/clubApi.test.ts:34:33)

  ΓùÅ ClubApi ΓÇ║ getClubById ΓÇ║ should handle club not found

    expect(received).rejects.toBeTruthy()

    Received promise resolved instead of rejected
    Resolved to value: {"data": null, "message": "Club not found", "success": false}

      88 |       })
      89 |
    > 90 |       await expect(getClubById(999)).rejects.toBeTruthy()
         |             ^
      91 |     })
      92 |   })
      93 |

      at expect (node_modules/.pnpm/expect@29.7.0/node_modules/expect/build/index.js:113:15)
      at Object.expect (__tests__/service/clubApi.test.ts:90:13)

PASS __tests__/lib/utils.test.ts
FAIL __tests__/service/walletApi.test.ts
  ΓùÅ Console

    console.error
      walletApi.getWallet failed { response: { status: 404, data: { message: 'Wallet not found' } } }

      118 |     return res.data
      119 |   } catch (err) {
    > 120 |     console.error("walletApi.getWallet failed", err)
          |             ^
      121 |     throw err
      122 |   }
      123 | }

      at error (service/walletApi.ts:120:13)
      at Object.<anonymous> (__tests__/service/walletApi.test.ts:42:7)

    console.error
      Failed to transfer points {
        response: { status: 400, data: { message: 'Insufficient balance' } }
      }

      166 |     return res.data;
      167 |   } catch (err) {
    > 168 |     console.error("Failed to transfer points", err)
          |             ^
      169 |     throw err
      170 |   }
      171 | };

      at error (service/walletApi.ts:168:13)
      at Object.<anonymous> (__tests__/service/walletApi.test.ts:120:7)

    console.error
      Failed to transfer points {
        response: { status: 400, data: { message: 'Amount must be positive' } }
      }

      166 |     return res.data;
      167 |   } catch (err) {
    > 168 |     console.error("Failed to transfer points", err)
          |             ^
      169 |     throw err
      170 |   }
      171 | };

      at error (service/walletApi.ts:168:13)
      at Object.<anonymous> (__tests__/service/walletApi.test.ts:137:7)

    console.error
      Failed to reward points to user 999 { response: { status: 404 } }

      218 |     return res.data;
      219 |   } catch (err) {
    > 220 |     console.error(`Failed to reward points to user ${userId}`, err)
          |             ^
      221 |     throw err
      222 |   }
      223 | };

      at error (service/walletApi.ts:220:13)
      at Object.<anonymous> (__tests__/service/walletApi.test.ts:227:7)

    console.error
      Failed to reward points to club 999 { response: { status: 404 } }

      236 |     return res.data;
      237 |   } catch (err) {
    > 238 |     console.error(`Failed to reward points to club ${clubId}`, err)
          |             ^
      239 |     throw err
      240 |   }
      241 | };

      at error (service/walletApi.ts:238:13)
      at Object.<anonymous> (__tests__/service/walletApi.test.ts:260:7)

    console.error
      walletApi.getWallet failed Error: Network timeout
          at Object.<anonymous> (D:\AnhTri\Chuyen_Nganh\CN9\Capstone\uni-club\__tests__\service\walletApi.test.ts:269:9)
          at Promise.then.completed (D:\AnhTri\Chuyen_Nganh\CN9\Capstone\uni-club\node_modules\.pnpm\jest-circus@29.7.0\node_modules\jest-circus\build\utils.js:298:28)
          at new Promise (<anonymous>)
          at callAsyncCircusFn (D:\AnhTri\Chuyen_Nganh\CN9\Capstone\uni-club\node_modules\.pnpm\jest-circus@29.7.0\node_modules\jest-circus\build\utils.js:231:10)
          at _callCircusTest (D:\AnhTri\Chuyen_Nganh\CN9\Capstone\uni-club\node_modules\.pnpm\jest-circus@29.7.0\node_modules\jest-circus\build\run.js:316:40)
          at processTicksAndRejections (node:internal/process/task_queues:105:5)
          at _runTest (D:\AnhTri\Chuyen_Nganh\CN9\Capstone\uni-club\node_modules\.pnpm\jest-circus@29.7.0\node_modules\jest-circus\build\run.js:252:3)
          at _runTestsForDescribeBlock (D:\AnhTri\Chuyen_Nganh\CN9\Capstone\uni-club\node_modules\.pnpm\jest-circus@29.7.0\node_modules\jest-circus\build\run.js:126:9)
          at _runTestsForDescribeBlock (D:\AnhTri\Chuyen_Nganh\CN9\Capstone\uni-club\node_modules\.pnpm\jest-circus@29.7.0\node_modules\jest-circus\build\run.js:121:9)
          at _runTestsForDescribeBlock (D:\AnhTri\Chuyen_Nganh\CN9\Capstone\uni-club\node_modules\.pnpm\jest-circus@29.7.0\node_modules\jest-circus\build\run.js:121:9)
          at run (D:\AnhTri\Chuyen_Nganh\CN9\Capstone\uni-club\node_modules\.pnpm\jest-circus@29.7.0\node_modules\jest-circus\build\run.js:71:3)
          at runAndTransformResultsToJestFormat (D:\AnhTri\Chuyen_Nganh\CN9\Capstone\uni-club\node_modules\.pnpm\jest-circus@29.7.0\node_modules\jest-circus\build\legacy-code-todo-rewrite\jestAdapterInit.js:122:21)
          at jestAdapter (D:\AnhTri\Chuyen_Nganh\CN9\Capstone\uni-club\node_modules\.pnpm\jest-circus@29.7.0\node_modules\jest-circus\build\legacy-code-todo-rewrite\jestAdapter.js:79:19)
          at runTestInternal (D:\AnhTri\Chuyen_Nganh\CN9\Capstone\uni-club\node_modules\.pnpm\jest-runner@29.7.0\node_modules\jest-runner\build\runTest.js:367:16)
          at runTest (D:\AnhTri\Chuyen_Nganh\CN9\Capstone\uni-club\node_modules\.pnpm\jest-runner@29.7.0\node_modules\jest-runner\build\runTest.js:444:34)
          at Object.worker (D:\AnhTri\Chuyen_Nganh\CN9\Capstone\uni-club\node_modules\.pnpm\jest-runner@29.7.0\node_modules\jest-runner\build\testWorker.js:106:12)

      118 |     return res.data
      119 |   } catch (err) {
    > 120 |     console.error("walletApi.getWallet failed", err)
          |             ^
      121 |     throw err
      122 |   }
      123 | }

      at error (service/walletApi.ts:120:13)
      at Object.<anonymous> (__tests__/service/walletApi.test.ts:272:7)

  ΓùÅ WalletApi ΓÇ║ getWallet ΓÇ║ should fetch wallet successfully

    expect(jest.fn()).toHaveBeenCalledWith(...expected)

    Expected: "/api/wallets/user/123"
    Received: "/api/wallets/me"

    Number of calls: 1

      30 |       const result = await getWallet(123)
      31 |
    > 32 |       expect(axiosInstance.get).toHaveBeenCalledWith('/api/wallets/user/123')
         |                                 ^
      33 |       expect(result).toEqual(mockWallet)
      34 |       expect(result.balance).toBe(1000)
      35 |     })

      at Object.toHaveBeenCalledWith (__tests__/service/walletApi.test.ts:32:33)

  ΓùÅ WalletApi ΓÇ║ getWalletTransactions ΓÇ║ should fetch transactions successfully

    expect(received).toHaveLength(expected)

    Matcher error: received value must have a length property whose value must be a number

    Received has value: undefined

      67 |
      68 |       expect(axiosInstance.get).toHaveBeenCalledWith('/api/wallets/1/transactions')
    > 69 |       expect(result).toHaveLength(2)
         |                      ^
      70 |       expect(result[0].type).toBe('CREDIT')
      71 |     })
      72 |

      at Object.toHaveLength (__tests__/service/walletApi.test.ts:69:22)

  ΓùÅ WalletApi ΓÇ║ getWalletTransactions ΓÇ║ should handle empty transactions

    expect(received).toEqual(expected) // deep equality

    Expected: []
    Received: undefined

      76 |       const result = await getWalletTransactions(1)
      77 |
    > 78 |       expect(result).toEqual([])
         |                      ^
      79 |     })
      80 |   })
      81 |

      at Object.toEqual (__tests__/service/walletApi.test.ts:78:22)

  ΓùÅ WalletApi ΓÇ║ addPoints ΓÇ║ should add points successfully

    TypeError: (0 , _walletApi.addPoints) is not a function

      153 |       ;(axiosInstance.post as jest.Mock).mockResolvedValue({ data: mockResponse })
      154 |
    > 155 |       const result = await addPoints(1, 100)
          |                                     ^
      156 |
      157 |       expect(axiosInstance.post).toHaveBeenCalledWith('/api/wallets/1/add', {
      158 |         amount: 100,

      at Object.<anonymous> (__tests__/service/walletApi.test.ts:155:37)

  ΓùÅ WalletApi ΓÇ║ addPoints ΓÇ║ should handle invalid wallet id

    TypeError: (0 , _walletApi.addPoints) is not a function

      166 |       })
      167 |
    > 168 |       await expect(addPoints(999, 100)).rejects.toBeTruthy()
          |                             ^
      169 |     })
      170 |   })
      171 |

      at Object.<anonymous> (__tests__/service/walletApi.test.ts:168:29)

  ΓùÅ WalletApi ΓÇ║ reducePoints ΓÇ║ should reduce points successfully

    TypeError: (0 , _walletApi.reducePoints) is not a function

      178 |       ;(axiosInstance.post as jest.Mock).mockResolvedValue({ data: mockResponse })
      179 |
    > 180 |       const result = await reducePoints(1, 100)
          |                                        ^
      181 |
      182 |       expect(axiosInstance.post).toHaveBeenCalledWith('/api/wallets/1/reduce', {
      183 |         amount: 100,

      at Object.<anonymous> (__tests__/service/walletApi.test.ts:180:40)

  ΓùÅ WalletApi ΓÇ║ reducePoints ΓÇ║ should handle insufficient balance for reduction

    TypeError: (0 , _walletApi.reducePoints) is not a function

      194 |       })
      195 |
    > 196 |       await expect(reducePoints(1, 10000)).rejects.toBeTruthy()
          |                                ^
      197 |     })
      198 |   })
      199 |

      at Object.<anonymous> (__tests__/service/walletApi.test.ts:196:32)

  ΓùÅ WalletApi ΓÇ║ rewardPointsToUser ΓÇ║ should reward points to user successfully

    expect(jest.fn()).toHaveBeenCalledWith(...expected)

    Expected: "/api/wallets/reward/user", {"points": 50, "reason": "Event participation", "userId": 123}
    Received: "/api/wallets/reward/123", null, {"params": {"points": 50, "reason": "Event participation"}}

    Number of calls: 1

      212 |       })
      213 |
    > 214 |       expect(axiosInstance.post).toHaveBeenCalledWith('/api/wallets/reward/user', {
          |                                  ^
      215 |         userId: 123,
      216 |         points: 50,
      217 |         reason: 'Event participation',

      at Object.toHaveBeenCalledWith (__tests__/service/walletApi.test.ts:214:34)

  ΓùÅ WalletApi ΓÇ║ rewardPointsToClub ΓÇ║ should reward points to club successfully

    expect(jest.fn()).toHaveBeenCalledWith(...expected)

    Expected: "/api/wallets/reward/club", {"clubId": 1, "points": 200, "reason": "Event hosting"}
    Received: "/api/wallets/reward/club/1", null, {"params": {"points": 200, "reason": "Event hosting"}}

    Number of calls: 1

      245 |       })
      246 |
    > 247 |       expect(axiosInstance.post).toHaveBeenCalledWith('/api/wallets/reward/club', {
          |                                  ^
      248 |         clubId: 1,
      249 |         points: 200,
      250 |         reason: 'Event hosting',

      at Object.toHaveBeenCalledWith (__tests__/service/walletApi.test.ts:247:34)

  ΓùÅ WalletApi ΓÇ║ Edge Cases ΓÇ║ should handle server error

    TypeError: (0 , _walletApi.addPoints) is not a function

      278 |       })
      279 |
    > 280 |       await expect(addPoints(1, 100)).rejects.toBeTruthy()
          |                             ^
      281 |     })
      282 |   })
      283 | })

      at Object.<anonymous> (__tests__/service/walletApi.test.ts:280:29)

PASS __tests__/lib/clipboardManager.test.ts
FAIL __tests__/components/empty-state.test.tsx
  ΓùÅ Console

    console.error
      Warning: React.jsx: type is invalid -- expected a string (for built-in components) or a class/function (for composite components) but got: undefined. You likely forgot to export your component from the file it's defined in, or you might have mixed up default and named imports.
      
      Check the render method of `EmptyState`.
          at Icon (D:\AnhTri\Chuyen_Nganh\CN9\Capstone\uni-club\components\empty-state.tsx:17:36)

      19 |     <Card className="border-dashed">
      20 |       <CardContent className="flex flex-col items-center justify-center py-12 text-center">
    > 21 |         <Icon className="h-12 w-12 text-muted-foreground mb-4" />
         |         ^
      22 |         <h3 className="text-lg font-semibold mb-2">{title}</h3>
      23 |         <p className="text-muted-foreground mb-4 max-w-sm">{description}</p>
      24 |         {action && <Button onClick={action.onClick}>{action.label}</Button>}

      at printWarning (node_modules/.pnpm/react@18.3.1/node_modules/react/cjs/react-jsx-runtime.development.js:87:30)
      at error (node_modules/.pnpm/react@18.3.1/node_modules/react/cjs/react-jsx-runtime.development.js:61:7)
      at jsxWithValidation (node_modules/.pnpm/react@18.3.1/node_modules/react/cjs/react-jsx-runtime.development.js:1245:7)
      at jsxWithValidationDynamic (node_modules/.pnpm/react@18.3.1/node_modules/react/cjs/react-jsx-runtime.development.js:1320:12)
      at EmptyState (components/empty-state.tsx:21:9)
      at renderWithHooks (node_modules/.pnpm/react-dom@18.3.1_react@18.3.1/node_modules/react-dom/cjs/react-dom.development.js:15486:18)
      at mountIndeterminateComponent (node_modules/.pnpm/react-dom@18.3.1_react@18.3.1/node_modules/react-dom/cjs/react-dom.development.js:20103:13)
      at beginWork (node_modules/.pnpm/react-dom@18.3.1_react@18.3.1/node_modules/react-dom/cjs/react-dom.development.js:21626:16)
      at beginWork$1 (node_modules/.pnpm/react-dom@18.3.1_react@18.3.1/node_modules/react-dom/cjs/react-dom.development.js:27465:14)
      at performUnitOfWork (node_modules/.pnpm/react-dom@18.3.1_react@18.3.1/node_modules/react-dom/cjs/react-dom.development.js:26599:12)
      at workLoopSync (node_modules/.pnpm/react-dom@18.3.1_react@18.3.1/node_modules/react-dom/cjs/react-dom.development.js:26505:5)
      at renderRootSync (node_modules/.pnpm/react-dom@18.3.1_react@18.3.1/node_modules/react-dom/cjs/react-dom.development.js:26473:7)
      at performConcurrentWorkOnRoot (node_modules/.pnpm/react-dom@18.3.1_react@18.3.1/node_modules/react-dom/cjs/react-dom.development.js:25777:74)
      at flushActQueue (node_modules/.pnpm/react@18.3.1/node_modules/react/cjs/react.development.js:2667:24)
      at act (node_modules/.pnpm/react@18.3.1/node_modules/react/cjs/react.development.js:2582:11)
      at node_modules/.pnpm/@testing-library+react@14.3_f87cc36fb81efefb9e092b092e2536a9/node_modules/@testing-library/react/dist/act-compat.js:47:25
      at renderRoot (node_modules/.pnpm/@testing-library+react@14.3_f87cc36fb81efefb9e092b092e2536a9/node_modules/@testing-library/react/dist/pure.js:180:26)
      at render (node_modules/.pnpm/@testing-library+react@14.3_f87cc36fb81efefb9e092b092e2536a9/node_modules/@testing-library/react/dist/pure.js:271:10)
      at Object.<anonymous> (__tests__/components/empty-state.test.tsx:7:11)

    console.error
      Error: Uncaught [Error: Element type is invalid: expected a string (for built-in components) or a class/function (for composite components) but got: undefined. You likely forgot to export your component from the file it's defined in, or you might have mixed up default and named imports.
      
      Check the render method of `EmptyState`.]
          at reportException (D:\AnhTri\Chuyen_Nganh\CN9\Capstone\uni-club\node_modules\.pnpm\jsdom@20.0.3\node_modules\jsdom\lib\jsdom\living\helpers\runtime-script-errors.js:66:24)
          at innerInvokeEventListeners (D:\AnhTri\Chuyen_Nganh\CN9\Capstone\uni-club\node_modules\.pnpm\jsdom@20.0.3\node_modules\jsdom\lib\jsdom\living\events\EventTarget-impl.js:353:9)
          at invokeEventListeners (D:\AnhTri\Chuyen_Nganh\CN9\Capstone\uni-club\node_modules\.pnpm\jsdom@20.0.3\node_modules\jsdom\lib\jsdom\living\events\EventTarget-impl.js:286:3)
          at HTMLUnknownElementImpl._dispatch (D:\AnhTri\Chuyen_Nganh\CN9\Capstone\uni-club\node_modules\.pnpm\jsdom@20.0.3\node_modules\jsdom\lib\jsdom\living\events\EventTarget-impl.js:233:9)
          at HTMLUnknownElementImpl.dispatchEvent (D:\AnhTri\Chuyen_Nganh\CN9\Capstone\uni-club\node_modules\.pnpm\jsdom@20.0.3\node_modules\jsdom\lib\jsdom\living\events\EventTarget-impl.js:104:17)
          at HTMLUnknownElement.dispatchEvent (D:\AnhTri\Chuyen_Nganh\CN9\Capstone\uni-club\node_modules\.pnpm\jsdom@20.0.3\node_modules\jsdom\lib\jsdom\living\generated\EventTarget.js:241:34)
          at Object.invokeGuardedCallbackDev (D:\AnhTri\Chuyen_Nganh\CN9\Capstone\uni-club\node_modules\.pnpm\react-dom@18.3.1_react@18.3.1\node_modules\react-dom\cjs\react-dom.development.js:4213:16)
          at invokeGuardedCallback (D:\AnhTri\Chuyen_Nganh\CN9\Capstone\uni-club\node_modules\.pnpm\react-dom@18.3.1_react@18.3.1\node_modules\react-dom\cjs\react-dom.development.js:4277:31)
          at beginWork$1 (D:\AnhTri\Chuyen_Nganh\CN9\Capstone\uni-club\node_modules\.pnpm\react-dom@18.3.1_react@18.3.1\node_modules\react-dom\cjs\react-dom.development.js:27490:7)
          at performUnitOfWork (D:\AnhTri\Chuyen_Nganh\CN9\Capstone\uni-club\node_modules\.pnpm\react-dom@18.3.1_react@18.3.1\node_modules\react-dom\cjs\react-dom.development.js:26599:12)
          at workLoopSync (D:\AnhTri\Chuyen_Nganh\CN9\Capstone\uni-club\node_modules\.pnpm\react-dom@18.3.1_react@18.3.1\node_modules\react-dom\cjs\react-dom.development.js:26505:5)
          at renderRootSync (D:\AnhTri\Chuyen_Nganh\CN9\Capstone\uni-club\node_modules\.pnpm\react-dom@18.3.1_react@18.3.1\node_modules\react-dom\cjs\react-dom.development.js:26473:7)
          at performConcurrentWorkOnRoot (D:\AnhTri\Chuyen_Nganh\CN9\Capstone\uni-club\node_modules\.pnpm\react-dom@18.3.1_react@18.3.1\node_modules\react-dom\cjs\react-dom.development.js:25777:74)
          at flushActQueue (D:\AnhTri\Chuyen_Nganh\CN9\Capstone\uni-club\node_modules\.pnpm\react@18.3.1\node_modules\react\cjs\react.development.js:2667:24)
          at act (D:\AnhTri\Chuyen_Nganh\CN9\Capstone\uni-club\node_modules\.pnpm\react@18.3.1\node_modules\react\cjs\react.development.js:2582:11)
          at D:\AnhTri\Chuyen_Nganh\CN9\Capstone\uni-club\node_modules\.pnpm\@testing-library+react@14.3_f87cc36fb81efefb9e092b092e2536a9\node_modules\@testing-library\react\dist\act-compat.js:47:25
          at renderRoot (D:\AnhTri\Chuyen_Nganh\CN9\Capstone\uni-club\node_modules\.pnpm\@testing-library+react@14.3_f87cc36fb81efefb9e092b092e2536a9\node_modules\@testing-library\react\dist\pure.js:180:26)
          at render (D:\AnhTri\Chuyen_Nganh\CN9\Capstone\uni-club\node_modules\.pnpm\@testing-library+react@14.3_f87cc36fb81efefb9e092b092e2536a9\node_modules\@testing-library\react\dist\pure.js:271:10)
          at Object.<anonymous> (D:\AnhTri\Chuyen_Nganh\CN9\Capstone\uni-club\__tests__\components\empty-state.test.tsx:7:11)
          at Promise.then.completed (D:\AnhTri\Chuyen_Nganh\CN9\Capstone\uni-club\node_modules\.pnpm\jest-circus@29.7.0\node_modules\jest-circus\build\utils.js:298:28)
          at new Promise (<anonymous>)
          at callAsyncCircusFn (D:\AnhTri\Chuyen_Nganh\CN9\Capstone\uni-club\node_modules\.pnpm\jest-circus@29.7.0\node_modules\jest-circus\build\utils.js:231:10)
          at _callCircusTest (D:\AnhTri\Chuyen_Nganh\CN9\Capstone\uni-club\node_modules\.pnpm\jest-circus@29.7.0\node_modules\jest-circus\build\run.js:316:40)
          at processTicksAndRejections (node:internal/process/task_queues:105:5)
          at _runTest (D:\AnhTri\Chuyen_Nganh\CN9\Capstone\uni-club\node_modules\.pnpm\jest-circus@29.7.0\node_modules\jest-circus\build\run.js:252:3)
          at _runTestsForDescribeBlock (D:\AnhTri\Chuyen_Nganh\CN9\Capstone\uni-club\node_modules\.pnpm\jest-circus@29.7.0\node_modules\jest-circus\build\run.js:126:9)
          at _runTestsForDescribeBlock (D:\AnhTri\Chuyen_Nganh\CN9\Capstone\uni-club\node_modules\.pnpm\jest-circus@29.7.0\node_modules\jest-circus\build\run.js:121:9)
          at run (D:\AnhTri\Chuyen_Nganh\CN9\Capstone\uni-club\node_modules\.pnpm\jest-circus@29.7.0\node_modules\jest-circus\build\run.js:71:3)
          at runAndTransformResultsToJestFormat (D:\AnhTri\Chuyen_Nganh\CN9\Capstone\uni-club\node_modules\.pnpm\jest-circus@29.7.0\node_modules\jest-circus\build\legacy-code-todo-rewrite\jestAdapterInit.js:122:21)
          at jestAdapter (D:\AnhTri\Chuyen_Nganh\CN9\Capstone\uni-club\node_modules\.pnpm\jest-circus@29.7.0\node_modules\jest-circus\build\legacy-code-todo-rewrite\jestAdapter.js:79:19)
          at runTestInternal (D:\AnhTri\Chuyen_Nganh\CN9\Capstone\uni-club\node_modules\.pnpm\jest-runner@29.7.0\node_modules\jest-runner\build\runTest.js:367:16)
          at runTest (D:\AnhTri\Chuyen_Nganh\CN9\Capstone\uni-club\node_modules\.pnpm\jest-runner@29.7.0\node_modules\jest-runner\build\runTest.js:444:34)
          at Object.worker (D:\AnhTri\Chuyen_Nganh\CN9\Capstone\uni-club\node_modules\.pnpm\jest-runner@29.7.0\node_modules\jest-runner\build\testWorker.js:106:12) {
        detail: Error: Element type is invalid: expected a string (for built-in components) or a class/function (for composite components) but got: undefined. You likely forgot to export your component from the file it's defined in, or you might have mixed up default and named imports.
        
        Check the render method of `EmptyState`.
            at createFiberFromTypeAndProps (D:\AnhTri\Chuyen_Nganh\CN9\Capstone\uni-club\node_modules\.pnpm\react-dom@18.3.1_react@18.3.1\node_modules\react-dom\cjs\react-dom.development.js:28478:17)
            at createFiberFromElement (D:\AnhTri\Chuyen_Nganh\CN9\Capstone\uni-club\node_modules\.pnpm\react-dom@18.3.1_react@18.3.1\node_modules\react-dom\cjs\react-dom.development.js:28504:15)
            at createChild (D:\AnhTri\Chuyen_Nganh\CN9\Capstone\uni-club\node_modules\.pnpm\react-dom@18.3.1_react@18.3.1\node_modules\react-dom\cjs\react-dom.development.js:13345:28)
            at reconcileChildrenArray (D:\AnhTri\Chuyen_Nganh\CN9\Capstone\uni-club\node_modules\.pnpm\react-dom@18.3.1_react@18.3.1\node_modules\react-dom\cjs\react-dom.development.js:13640:25)
            at reconcileChildFibers (D:\AnhTri\Chuyen_Nganh\CN9\Capstone\uni-club\node_modules\.pnpm\react-dom@18.3.1_react@18.3.1\node_modules\react-dom\cjs\react-dom.development.js:14057:16)
            at reconcileChildren (D:\AnhTri\Chuyen_Nganh\CN9\Capstone\uni-club\node_modules\.pnpm\react-dom@18.3.1_react@18.3.1\node_modules\react-dom\cjs\react-dom.development.js:19186:28)
            at updateHostComponent (D:\AnhTri\Chuyen_Nganh\CN9\Capstone\uni-club\node_modules\.pnpm\react-dom@18.3.1_react@18.3.1\node_modules\react-dom\cjs\react-dom.development.js:19953:3)
            at beginWork (D:\AnhTri\Chuyen_Nganh\CN9\Capstone\uni-club\node_modules\.pnpm\react-dom@18.3.1_react@18.3.1\node_modules\react-dom\cjs\react-dom.development.js:21657:14)
            at HTMLUnknownElement.callCallback (D:\AnhTri\Chuyen_Nganh\CN9\Capstone\uni-club\node_modules\.pnpm\react-dom@18.3.1_react@18.3.1\node_modules\react-dom\cjs\react-dom.development.js:4164:14)
            at HTMLUnknownElement.callTheUserObjectsOperation (D:\AnhTri\Chuyen_Nganh\CN9\Capstone\uni-club\node_modules\.pnpm\jsdom@20.0.3\node_modules\jsdom\lib\jsdom\living\generated\EventListener.js:26:30)
            at innerInvokeEventListeners (D:\AnhTri\Chuyen_Nganh\CN9\Capstone\uni-club\node_modules\.pnpm\jsdom@20.0.3\node_modules\jsdom\lib\jsdom\living\events\EventTarget-impl.js:350:25)
            at invokeEventListeners (D:\AnhTri\Chuyen_Nganh\CN9\Capstone\uni-club\node_modules\.pnpm\jsdom@20.0.3\node_modules\jsdom\lib\jsdom\living\events\EventTarget-impl.js:286:3)
            at HTMLUnknownElementImpl._dispatch (D:\AnhTri\Chuyen_Nganh\CN9\Capstone\uni-club\node_modules\.pnpm\jsdom@20.0.3\node_modules\jsdom\lib\jsdom\living\events\EventTarget-impl.js:233:9)
            at HTMLUnknownElementImpl.dispatchEvent (D:\AnhTri\Chuyen_Nganh\CN9\Capstone\uni-club\node_modules\.pnpm\jsdom@20.0.3\node_modules\jsdom\lib\jsdom\living\events\EventTarget-impl.js:104:17)
            at HTMLUnknownElement.dispatchEvent (D:\AnhTri\Chuyen_Nganh\CN9\Capstone\uni-club\node_modules\.pnpm\jsdom@20.0.3\node_modules\jsdom\lib\jsdom\living\generated\EventTarget.js:241:34)
            at Object.invokeGuardedCallbackDev (D:\AnhTri\Chuyen_Nganh\CN9\Capstone\uni-club\node_modules\.pnpm\react-dom@18.3.1_react@18.3.1\node_modules\react-dom\cjs\react-dom.development.js:4213:16)
            at invokeGuardedCallback (D:\AnhTri\Chuyen_Nganh\CN9\Capstone\uni-club\node_modules\.pnpm\react-dom@18.3.1_react@18.3.1\node_modules\react-dom\cjs\react-dom.development.js:4277:31)
            at beginWork$1 (D:\AnhTri\Chuyen_Nganh\CN9\Capstone\uni-club\node_modules\.pnpm\react-dom@18.3.1_react@18.3.1\node_modules\react-dom\cjs\react-dom.development.js:27490:7)
            at performUnitOfWork (D:\AnhTri\Chuyen_Nganh\CN9\Capstone\uni-club\node_modules\.pnpm\react-dom@18.3.1_react@18.3.1\node_modules\react-dom\cjs\react-dom.development.js:26599:12)
            at workLoopSync (D:\AnhTri\Chuyen_Nganh\CN9\Capstone\uni-club\node_modules\.pnpm\react-dom@18.3.1_react@18.3.1\node_modules\react-dom\cjs\react-dom.development.js:26505:5)
            at renderRootSync (D:\AnhTri\Chuyen_Nganh\CN9\Capstone\uni-club\node_modules\.pnpm\react-dom@18.3.1_react@18.3.1\node_modules\react-dom\cjs\react-dom.development.js:26473:7)
            at performConcurrentWorkOnRoot (D:\AnhTri\Chuyen_Nganh\CN9\Capstone\uni-club\node_modules\.pnpm\react-dom@18.3.1_react@18.3.1\node_modules\react-dom\cjs\react-dom.development.js:25777:74)
            at flushActQueue (D:\AnhTri\Chuyen_Nganh\CN9\Capstone\uni-club\node_modules\.pnpm\react@18.3.1\node_modules\react\cjs\react.development.js:2667:24)
            at act (D:\AnhTri\Chuyen_Nganh\CN9\Capstone\uni-club\node_modules\.pnpm\react@18.3.1\node_modules\react\cjs\react.development.js:2582:11)
            at D:\AnhTri\Chuyen_Nganh\CN9\Capstone\uni-club\node_modules\.pnpm\@testing-library+react@14.3_f87cc36fb81efefb9e092b092e2536a9\node_modules\@testing-library\react\dist\act-compat.js:47:25
            at renderRoot (D:\AnhTri\Chuyen_Nganh\CN9\Capstone\uni-club\node_modules\.pnpm\@testing-library+react@14.3_f87cc36fb81efefb9e092b092e2536a9\node_modules\@testing-library\react\dist\pure.js:180:26)
            at render (D:\AnhTri\Chuyen_Nganh\CN9\Capstone\uni-club\node_modules\.pnpm\@testing-library+react@14.3_f87cc36fb81efefb9e092b092e2536a9\node_modules\@testing-library\react\dist\pure.js:271:10)
            at Object.<anonymous> (D:\AnhTri\Chuyen_Nganh\CN9\Capstone\uni-club\__tests__\components\empty-state.test.tsx:7:11)
            at Promise.then.completed (D:\AnhTri\Chuyen_Nganh\CN9\Capstone\uni-club\node_modules\.pnpm\jest-circus@29.7.0\node_modules\jest-circus\build\utils.js:298:28)
            at new Promise (<anonymous>)
            at callAsyncCircusFn (D:\AnhTri\Chuyen_Nganh\CN9\Capstone\uni-club\node_modules\.pnpm\jest-circus@29.7.0\node_modules\jest-circus\build\utils.js:231:10)
            at _callCircusTest (D:\AnhTri\Chuyen_Nganh\CN9\Capstone\uni-club\node_modules\.pnpm\jest-circus@29.7.0\node_modules\jest-circus\build\run.js:316:40)
            at processTicksAndRejections (node:internal/process/task_queues:105:5)
            at _runTest (D:\AnhTri\Chuyen_Nganh\CN9\Capstone\uni-club\node_modules\.pnpm\jest-circus@29.7.0\node_modules\jest-circus\build\run.js:252:3)
            at _runTestsForDescribeBlock (D:\AnhTri\Chuyen_Nganh\CN9\Capstone\uni-club\node_modules\.pnpm\jest-circus@29.7.0\node_modules\jest-circus\build\run.js:126:9)
            at _runTestsForDescribeBlock (D:\AnhTri\Chuyen_Nganh\CN9\Capstone\uni-club\node_modules\.pnpm\jest-circus@29.7.0\node_modules\jest-circus\build\run.js:121:9)
            at run (D:\AnhTri\Chuyen_Nganh\CN9\Capstone\uni-club\node_modules\.pnpm\jest-circus@29.7.0\node_modules\jest-circus\build\run.js:71:3)
            at runAndTransformResultsToJestFormat (D:\AnhTri\Chuyen_Nganh\CN9\Capstone\uni-club\node_modules\.pnpm\jest-circus@29.7.0\node_modules\jest-circus\build\legacy-code-todo-rewrite\jestAdapterInit.js:122:21)
            at jestAdapter (D:\AnhTri\Chuyen_Nganh\CN9\Capstone\uni-club\node_modules\.pnpm\jest-circus@29.7.0\node_modules\jest-circus\build\legacy-code-todo-rewrite\jestAdapter.js:79:19)
            at runTestInternal (D:\AnhTri\Chuyen_Nganh\CN9\Capstone\uni-club\node_modules\.pnpm\jest-runner@29.7.0\node_modules\jest-runner\build\runTest.js:367:16)
            at runTest (D:\AnhTri\Chuyen_Nganh\CN9\Capstone\uni-club\node_modules\.pnpm\jest-runner@29.7.0\node_modules\jest-runner\build\runTest.js:444:34)
            at Object.worker (D:\AnhTri\Chuyen_Nganh\CN9\Capstone\uni-club\node_modules\.pnpm\jest-runner@29.7.0\node_modules\jest-runner\build\testWorker.js:106:12),
        type: 'unhandled exception'
      }

       5 | describe('EmptyState Component', () => {
       6 |   it('should render with title and description', () => {
    >  7 |     render(
         |           ^
       8 |       <EmptyState
       9 |         title="No data found"
      10 |         description="There are no items to display"

      at VirtualConsole.<anonymous> (node_modules/.pnpm/jest-environment-jsdom@29.7.0/node_modules/jest-environment-jsdom/build/index.js:63:23)
      at reportException (node_modules/.pnpm/jsdom@20.0.3/node_modules/jsdom/lib/jsdom/living/helpers/runtime-script-errors.js:70:28)
      at innerInvokeEventListeners (node_modules/.pnpm/jsdom@20.0.3/node_modules/jsdom/lib/jsdom/living/events/EventTarget-impl.js:353:9)
      at invokeEventListeners (node_modules/.pnpm/jsdom@20.0.3/node_modules/jsdom/lib/jsdom/living/events/EventTarget-impl.js:286:3)
      at HTMLUnknownElementImpl._dispatch (node_modules/.pnpm/jsdom@20.0.3/node_modules/jsdom/lib/jsdom/living/events/EventTarget-impl.js:233:9)
      at HTMLUnknownElementImpl.dispatchEvent (node_modules/.pnpm/jsdom@20.0.3/node_modules/jsdom/lib/jsdom/living/events/EventTarget-impl.js:104:17)
      at HTMLUnknownElement.dispatchEvent (node_modules/.pnpm/jsdom@20.0.3/node_modules/jsdom/lib/jsdom/living/generated/EventTarget.js:241:34)
      at Object.invokeGuardedCallbackDev (node_modules/.pnpm/react-dom@18.3.1_react@18.3.1/node_modules/react-dom/cjs/react-dom.development.js:4213:16)
      at invokeGuardedCallback (node_modules/.pnpm/react-dom@18.3.1_react@18.3.1/node_modules/react-dom/cjs/react-dom.development.js:4277:31)
      at beginWork$1 (node_modules/.pnpm/react-dom@18.3.1_react@18.3.1/node_modules/react-dom/cjs/react-dom.development.js:27490:7)
      at performUnitOfWork (node_modules/.pnpm/react-dom@18.3.1_react@18.3.1/node_modules/react-dom/cjs/react-dom.development.js:26599:12)
      at workLoopSync (node_modules/.pnpm/react-dom@18.3.1_react@18.3.1/node_modules/react-dom/cjs/react-dom.development.js:26505:5)
      at renderRootSync (node_modules/.pnpm/react-dom@18.3.1_react@18.3.1/node_modules/react-dom/cjs/react-dom.development.js:26473:7)
      at performConcurrentWorkOnRoot (node_modules/.pnpm/react-dom@18.3.1_react@18.3.1/node_modules/react-dom/cjs/react-dom.development.js:25777:74)
      at flushActQueue (node_modules/.pnpm/react@18.3.1/node_modules/react/cjs/react.development.js:2667:24)
      at act (node_modules/.pnpm/react@18.3.1/node_modules/react/cjs/react.development.js:2582:11)
      at node_modules/.pnpm/@testing-library+react@14.3_f87cc36fb81efefb9e092b092e2536a9/node_modules/@testing-library/react/dist/act-compat.js:47:25
      at renderRoot (node_modules/.pnpm/@testing-library+react@14.3_f87cc36fb81efefb9e092b092e2536a9/node_modules/@testing-library/react/dist/pure.js:180:26)
      at render (node_modules/.pnpm/@testing-library+react@14.3_f87cc36fb81efefb9e092b092e2536a9/node_modules/@testing-library/react/dist/pure.js:271:10)
      at Object.<anonymous> (__tests__/components/empty-state.test.tsx:7:11)

    console.error
      Warning: React.jsx: type is invalid -- expected a string (for built-in components) or a class/function (for composite components) but got: undefined. You likely forgot to export your component from the file it's defined in, or you might have mixed up default and named imports.
      
      Check the render method of `EmptyState`.
          at Icon (D:\AnhTri\Chuyen_Nganh\CN9\Capstone\uni-club\components\empty-state.tsx:17:36)

      19 |     <Card className="border-dashed">
      20 |       <CardContent className="flex flex-col items-center justify-center py-12 text-center">
    > 21 |         <Icon className="h-12 w-12 text-muted-foreground mb-4" />
         |         ^
      22 |         <h3 className="text-lg font-semibold mb-2">{title}</h3>
      23 |         <p className="text-muted-foreground mb-4 max-w-sm">{description}</p>
      24 |         {action && <Button onClick={action.onClick}>{action.label}</Button>}

      at printWarning (node_modules/.pnpm/react@18.3.1/node_modules/react/cjs/react-jsx-runtime.development.js:87:30)
      at error (node_modules/.pnpm/react@18.3.1/node_modules/react/cjs/react-jsx-runtime.development.js:61:7)
      at jsxWithValidation (node_modules/.pnpm/react@18.3.1/node_modules/react/cjs/react-jsx-runtime.development.js:1245:7)
      at jsxWithValidationDynamic (node_modules/.pnpm/react@18.3.1/node_modules/react/cjs/react-jsx-runtime.development.js:1320:12)
      at EmptyState (components/empty-state.tsx:21:9)
      at renderWithHooks (node_modules/.pnpm/react-dom@18.3.1_react@18.3.1/node_modules/react-dom/cjs/react-dom.development.js:15486:18)
      at mountIndeterminateComponent (node_modules/.pnpm/react-dom@18.3.1_react@18.3.1/node_modules/react-dom/cjs/react-dom.development.js:20103:13)
      at beginWork (node_modules/.pnpm/react-dom@18.3.1_react@18.3.1/node_modules/react-dom/cjs/react-dom.development.js:21626:16)
      at beginWork$1 (node_modules/.pnpm/react-dom@18.3.1_react@18.3.1/node_modules/react-dom/cjs/react-dom.development.js:27465:14)
      at performUnitOfWork (node_modules/.pnpm/react-dom@18.3.1_react@18.3.1/node_modules/react-dom/cjs/react-dom.development.js:26599:12)
      at workLoopSync (node_modules/.pnpm/react-dom@18.3.1_react@18.3.1/node_modules/react-dom/cjs/react-dom.development.js:26505:5)
      at renderRootSync (node_modules/.pnpm/react-dom@18.3.1_react@18.3.1/node_modules/react-dom/cjs/react-dom.development.js:26473:7)
      at recoverFromConcurrentError (node_modules/.pnpm/react-dom@18.3.1_react@18.3.1/node_modules/react-dom/cjs/react-dom.development.js:25889:20)
      at performConcurrentWorkOnRoot (node_modules/.pnpm/react-dom@18.3.1_react@18.3.1/node_modules/react-dom/cjs/react-dom.development.js:25789:22)
      at flushActQueue (node_modules/.pnpm/react@18.3.1/node_modules/react/cjs/react.development.js:2667:24)
      at act (node_modules/.pnpm/react@18.3.1/node_modules/react/cjs/react.development.js:2582:11)
      at node_modules/.pnpm/@testing-library+react@14.3_f87cc36fb81efefb9e092b092e2536a9/node_modules/@testing-library/react/dist/act-compat.js:47:25
      at renderRoot (node_modules/.pnpm/@testing-library+react@14.3_f87cc36fb81efefb9e092b092e2536a9/node_modules/@testing-library/react/dist/pure.js:180:26)
      at render (node_modules/.pnpm/@testing-library+react@14.3_f87cc36fb81efefb9e092b092e2536a9/node_modules/@testing-library/react/dist/pure.js:271:10)
      at Object.<anonymous> (__tests__/components/empty-state.test.tsx:7:11)

    console.error
      Error: Uncaught [Error: Element type is invalid: expected a string (for built-in components) or a class/function (for composite components) but got: undefined. You likely forgot to export your component from the file it's defined in, or you might have mixed up default and named imports.
      
      Check the render method of `EmptyState`.]
          at reportException (D:\AnhTri\Chuyen_Nganh\CN9\Capstone\uni-club\node_modules\.pnpm\jsdom@20.0.3\node_modules\jsdom\lib\jsdom\living\helpers\runtime-script-errors.js:66:24)
          at innerInvokeEventListeners (D:\AnhTri\Chuyen_Nganh\CN9\Capstone\uni-club\node_modules\.pnpm\jsdom@20.0.3\node_modules\jsdom\lib\jsdom\living\events\EventTarget-impl.js:353:9)
          at invokeEventListeners (D:\AnhTri\Chuyen_Nganh\CN9\Capstone\uni-club\node_modules\.pnpm\jsdom@20.0.3\node_modules\jsdom\lib\jsdom\living\events\EventTarget-impl.js:286:3)
          at HTMLUnknownElementImpl._dispatch (D:\AnhTri\Chuyen_Nganh\CN9\Capstone\uni-club\node_modules\.pnpm\jsdom@20.0.3\node_modules\jsdom\lib\jsdom\living\events\EventTarget-impl.js:233:9)
          at HTMLUnknownElementImpl.dispatchEvent (D:\AnhTri\Chuyen_Nganh\CN9\Capstone\uni-club\node_modules\.pnpm\jsdom@20.0.3\node_modules\jsdom\lib\jsdom\living\events\EventTarget-impl.js:104:17)
          at HTMLUnknownElement.dispatchEvent (D:\AnhTri\Chuyen_Nganh\CN9\Capstone\uni-club\node_modules\.pnpm\jsdom@20.0.3\node_modules\jsdom\lib\jsdom\living\generated\EventTarget.js:241:34)
          at Object.invokeGuardedCallbackDev (D:\AnhTri\Chuyen_Nganh\CN9\Capstone\uni-club\node_modules\.pnpm\react-dom@18.3.1_react@18.3.1\node_modules\react-dom\cjs\react-dom.development.js:4213:16)
          at invokeGuardedCallback (D:\AnhTri\Chuyen_Nganh\CN9\Capstone\uni-club\node_modules\.pnpm\react-dom@18.3.1_react@18.3.1\node_modules\react-dom\cjs\react-dom.development.js:4277:31)
          at beginWork$1 (D:\AnhTri\Chuyen_Nganh\CN9\Capstone\uni-club\node_modules\.pnpm\react-dom@18.3.1_react@18.3.1\node_modules\react-dom\cjs\react-dom.development.js:27490:7)
          at performUnitOfWork (D:\AnhTri\Chuyen_Nganh\CN9\Capstone\uni-club\node_modules\.pnpm\react-dom@18.3.1_react@18.3.1\node_modules\react-dom\cjs\react-dom.development.js:26599:12)
          at workLoopSync (D:\AnhTri\Chuyen_Nganh\CN9\Capstone\uni-club\node_modules\.pnpm\react-dom@18.3.1_react@18.3.1\node_modules\react-dom\cjs\react-dom.development.js:26505:5)
          at renderRootSync (D:\AnhTri\Chuyen_Nganh\CN9\Capstone\uni-club\node_modules\.pnpm\react-dom@18.3.1_react@18.3.1\node_modules\react-dom\cjs\react-dom.development.js:26473:7)
          at recoverFromConcurrentError (D:\AnhTri\Chuyen_Nganh\CN9\Capstone\uni-club\node_modules\.pnpm\react-dom@18.3.1_react@18.3.1\node_modules\react-dom\cjs\react-dom.development.js:25889:20)
          at performConcurrentWorkOnRoot (D:\AnhTri\Chuyen_Nganh\CN9\Capstone\uni-club\node_modules\.pnpm\react-dom@18.3.1_react@18.3.1\node_modules\react-dom\cjs\react-dom.development.js:25789:22)
          at flushActQueue (D:\AnhTri\Chuyen_Nganh\CN9\Capstone\uni-club\node_modules\.pnpm\react@18.3.1\node_modules\react\cjs\react.development.js:2667:24)
          at act (D:\AnhTri\Chuyen_Nganh\CN9\Capstone\uni-club\node_modules\.pnpm\react@18.3.1\node_modules\react\cjs\react.development.js:2582:11)
          at D:\AnhTri\Chuyen_Nganh\CN9\Capstone\uni-club\node_modules\.pnpm\@testing-library+react@14.3_f87cc36fb81efefb9e092b092e2536a9\node_modules\@testing-library\react\dist\act-compat.js:47:25
          at renderRoot (D:\AnhTri\Chuyen_Nganh\CN9\Capstone\uni-club\node_modules\.pnpm\@testing-library+react@14.3_f87cc36fb81efefb9e092b092e2536a9\node_modules\@testing-library\react\dist\pure.js:180:26)
          at render (D:\AnhTri\Chuyen_Nganh\CN9\Capstone\uni-club\node_modules\.pnpm\@testing-library+react@14.3_f87cc36fb81efefb9e092b092e2536a9\node_modules\@testing-library\react\dist\pure.js:271:10)
          at Object.<anonymous> (D:\AnhTri\Chuyen_Nganh\CN9\Capstone\uni-club\__tests__\components\empty-state.test.tsx:7:11)
          at Promise.then.completed (D:\AnhTri\Chuyen_Nganh\CN9\Capstone\uni-club\node_modules\.pnpm\jest-circus@29.7.0\node_modules\jest-circus\build\utils.js:298:28)
          at new Promise (<anonymous>)
          at callAsyncCircusFn (D:\AnhTri\Chuyen_Nganh\CN9\Capstone\uni-club\node_modules\.pnpm\jest-circus@29.7.0\node_modules\jest-circus\build\utils.js:231:10)
          at _callCircusTest (D:\AnhTri\Chuyen_Nganh\CN9\Capstone\uni-club\node_modules\.pnpm\jest-circus@29.7.0\node_modules\jest-circus\build\run.js:316:40)
          at processTicksAndRejections (node:internal/process/task_queues:105:5)
          at _runTest (D:\AnhTri\Chuyen_Nganh\CN9\Capstone\uni-club\node_modules\.pnpm\jest-circus@29.7.0\node_modules\jest-circus\build\run.js:252:3)
          at _runTestsForDescribeBlock (D:\AnhTri\Chuyen_Nganh\CN9\Capstone\uni-club\node_modules\.pnpm\jest-circus@29.7.0\node_modules\jest-circus\build\run.js:126:9)
          at _runTestsForDescribeBlock (D:\AnhTri\Chuyen_Nganh\CN9\Capstone\uni-club\node_modules\.pnpm\jest-circus@29.7.0\node_modules\jest-circus\build\run.js:121:9)
          at run (D:\AnhTri\Chuyen_Nganh\CN9\Capstone\uni-club\node_modules\.pnpm\jest-circus@29.7.0\node_modules\jest-circus\build\run.js:71:3)
          at runAndTransformResultsToJestFormat (D:\AnhTri\Chuyen_Nganh\CN9\Capstone\uni-club\node_modules\.pnpm\jest-circus@29.7.0\node_modules\jest-circus\build\legacy-code-todo-rewrite\jestAdapterInit.js:122:21)
          at jestAdapter (D:\AnhTri\Chuyen_Nganh\CN9\Capstone\uni-club\node_modules\.pnpm\jest-circus@29.7.0\node_modules\jest-circus\build\legacy-code-todo-rewrite\jestAdapter.js:79:19)
          at runTestInternal (D:\AnhTri\Chuyen_Nganh\CN9\Capstone\uni-club\node_modules\.pnpm\jest-runner@29.7.0\node_modules\jest-runner\build\runTest.js:367:16)
          at runTest (D:\AnhTri\Chuyen_Nganh\CN9\Capstone\uni-club\node_modules\.pnpm\jest-runner@29.7.0\node_modules\jest-runner\build\runTest.js:444:34)
          at Object.worker (D:\AnhTri\Chuyen_Nganh\CN9\Capstone\uni-club\node_modules\.pnpm\jest-runner@29.7.0\node_modules\jest-runner\build\testWorker.js:106:12) {
        detail: Error: Element type is invalid: expected a string (for built-in components) or a class/function (for composite components) but got: undefined. You likely forgot to export your component from the file it's defined in, or you might have mixed up default and named imports.
        
        Check the render method of `EmptyState`.
            at createFiberFromTypeAndProps (D:\AnhTri\Chuyen_Nganh\CN9\Capstone\uni-club\node_modules\.pnpm\react-dom@18.3.1_react@18.3.1\node_modules\react-dom\cjs\react-dom.development.js:28478:17)
            at createFiberFromElement (D:\AnhTri\Chuyen_Nganh\CN9\Capstone\uni-club\node_modules\.pnpm\react-dom@18.3.1_react@18.3.1\node_modules\react-dom\cjs\react-dom.development.js:28504:15)
            at createChild (D:\AnhTri\Chuyen_Nganh\CN9\Capstone\uni-club\node_modules\.pnpm\react-dom@18.3.1_react@18.3.1\node_modules\react-dom\cjs\react-dom.development.js:13345:28)
            at reconcileChildrenArray (D:\AnhTri\Chuyen_Nganh\CN9\Capstone\uni-club\node_modules\.pnpm\react-dom@18.3.1_react@18.3.1\node_modules\react-dom\cjs\react-dom.development.js:13640:25)
            at reconcileChildFibers (D:\AnhTri\Chuyen_Nganh\CN9\Capstone\uni-club\node_modules\.pnpm\react-dom@18.3.1_react@18.3.1\node_modules\react-dom\cjs\react-dom.development.js:14057:16)
            at reconcileChildren (D:\AnhTri\Chuyen_Nganh\CN9\Capstone\uni-club\node_modules\.pnpm\react-dom@18.3.1_react@18.3.1\node_modules\react-dom\cjs\react-dom.development.js:19186:28)
            at updateHostComponent (D:\AnhTri\Chuyen_Nganh\CN9\Capstone\uni-club\node_modules\.pnpm\react-dom@18.3.1_react@18.3.1\node_modules\react-dom\cjs\react-dom.development.js:19953:3)
            at beginWork (D:\AnhTri\Chuyen_Nganh\CN9\Capstone\uni-club\node_modules\.pnpm\react-dom@18.3.1_react@18.3.1\node_modules\react-dom\cjs\react-dom.development.js:21657:14)
            at HTMLUnknownElement.callCallback (D:\AnhTri\Chuyen_Nganh\CN9\Capstone\uni-club\node_modules\.pnpm\react-dom@18.3.1_react@18.3.1\node_modules\react-dom\cjs\react-dom.development.js:4164:14)
            at HTMLUnknownElement.callTheUserObjectsOperation (D:\AnhTri\Chuyen_Nganh\CN9\Capstone\uni-club\node_modules\.pnpm\jsdom@20.0.3\node_modules\jsdom\lib\jsdom\living\generated\EventListener.js:26:30)
            at innerInvokeEventListeners (D:\AnhTri\Chuyen_Nganh\CN9\Capstone\uni-club\node_modules\.pnpm\jsdom@20.0.3\node_modules\jsdom\lib\jsdom\living\events\EventTarget-impl.js:350:25)
            at invokeEventListeners (D:\AnhTri\Chuyen_Nganh\CN9\Capstone\uni-club\node_modules\.pnpm\jsdom@20.0.3\node_modules\jsdom\lib\jsdom\living\events\EventTarget-impl.js:286:3)
            at HTMLUnknownElementImpl._dispatch (D:\AnhTri\Chuyen_Nganh\CN9\Capstone\uni-club\node_modules\.pnpm\jsdom@20.0.3\node_modules\jsdom\lib\jsdom\living\events\EventTarget-impl.js:233:9)
            at HTMLUnknownElementImpl.dispatchEvent (D:\AnhTri\Chuyen_Nganh\CN9\Capstone\uni-club\node_modules\.pnpm\jsdom@20.0.3\node_modules\jsdom\lib\jsdom\living\events\EventTarget-impl.js:104:17)
            at HTMLUnknownElement.dispatchEvent (D:\AnhTri\Chuyen_Nganh\CN9\Capstone\uni-club\node_modules\.pnpm\jsdom@20.0.3\node_modules\jsdom\lib\jsdom\living\generated\EventTarget.js:241:34)
            at Object.invokeGuardedCallbackDev (D:\AnhTri\Chuyen_Nganh\CN9\Capstone\uni-club\node_modules\.pnpm\react-dom@18.3.1_react@18.3.1\node_modules\react-dom\cjs\react-dom.development.js:4213:16)
            at invokeGuardedCallback (D:\AnhTri\Chuyen_Nganh\CN9\Capstone\uni-club\node_modules\.pnpm\react-dom@18.3.1_react@18.3.1\node_modules\react-dom\cjs\react-dom.development.js:4277:31)
            at beginWork$1 (D:\AnhTri\Chuyen_Nganh\CN9\Capstone\uni-club\node_modules\.pnpm\react-dom@18.3.1_react@18.3.1\node_modules\react-dom\cjs\react-dom.development.js:27490:7)
            at performUnitOfWork (D:\AnhTri\Chuyen_Nganh\CN9\Capstone\uni-club\node_modules\.pnpm\react-dom@18.3.1_react@18.3.1\node_modules\react-dom\cjs\react-dom.development.js:26599:12)
            at workLoopSync (D:\AnhTri\Chuyen_Nganh\CN9\Capstone\uni-club\node_modules\.pnpm\react-dom@18.3.1_react@18.3.1\node_modules\react-dom\cjs\react-dom.development.js:26505:5)
            at renderRootSync (D:\AnhTri\Chuyen_Nganh\CN9\Capstone\uni-club\node_modules\.pnpm\react-dom@18.3.1_react@18.3.1\node_modules\react-dom\cjs\react-dom.development.js:26473:7)
            at recoverFromConcurrentError (D:\AnhTri\Chuyen_Nganh\CN9\Capstone\uni-club\node_modules\.pnpm\react-dom@18.3.1_react@18.3.1\node_modules\react-dom\cjs\react-dom.development.js:25889:20)
            at performConcurrentWorkOnRoot (D:\AnhTri\Chuyen_Nganh\CN9\Capstone\uni-club\node_modules\.pnpm\react-dom@18.3.1_react@18.3.1\node_modules\react-dom\cjs\react-dom.development.js:25789:22)
            at flushActQueue (D:\AnhTri\Chuyen_Nganh\CN9\Capstone\uni-club\node_modules\.pnpm\react@18.3.1\node_modules\react\cjs\react.development.js:2667:24)
            at act (D:\AnhTri\Chuyen_Nganh\CN9\Capstone\uni-club\node_modules\.pnpm\react@18.3.1\node_modules\react\cjs\react.development.js:2582:11)
            at D:\AnhTri\Chuyen_Nganh\CN9\Capstone\uni-club\node_modules\.pnpm\@testing-library+react@14.3_f87cc36fb81efefb9e092b092e2536a9\node_modules\@testing-library\react\dist\act-compat.js:47:25
            at renderRoot (D:\AnhTri\Chuyen_Nganh\CN9\Capstone\uni-club\node_modules\.pnpm\@testing-library+react@14.3_f87cc36fb81efefb9e092b092e2536a9\node_modules\@testing-library\react\dist\pure.js:180:26)
            at render (D:\AnhTri\Chuyen_Nganh\CN9\Capstone\uni-club\node_modules\.pnpm\@testing-library+react@14.3_f87cc36fb81efefb9e092b092e2536a9\node_modules\@testing-library\react\dist\pure.js:271:10)
            at Object.<anonymous> (D:\AnhTri\Chuyen_Nganh\CN9\Capstone\uni-club\__tests__\components\empty-state.test.tsx:7:11)
            at Promise.then.completed (D:\AnhTri\Chuyen_Nganh\CN9\Capstone\uni-club\node_modules\.pnpm\jest-circus@29.7.0\node_modules\jest-circus\build\utils.js:298:28)
            at new Promise (<anonymous>)
            at callAsyncCircusFn (D:\AnhTri\Chuyen_Nganh\CN9\Capstone\uni-club\node_modules\.pnpm\jest-circus@29.7.0\node_modules\jest-circus\build\utils.js:231:10)
            at _callCircusTest (D:\AnhTri\Chuyen_Nganh\CN9\Capstone\uni-club\node_modules\.pnpm\jest-circus@29.7.0\node_modules\jest-circus\build\run.js:316:40)
            at processTicksAndRejections (node:internal/process/task_queues:105:5)
            at _runTest (D:\AnhTri\Chuyen_Nganh\CN9\Capstone\uni-club\node_modules\.pnpm\jest-circus@29.7.0\node_modules\jest-circus\build\run.js:252:3)
            at _runTestsForDescribeBlock (D:\AnhTri\Chuyen_Nganh\CN9\Capstone\uni-club\node_modules\.pnpm\jest-circus@29.7.0\node_modules\jest-circus\build\run.js:126:9)
            at _runTestsForDescribeBlock (D:\AnhTri\Chuyen_Nganh\CN9\Capstone\uni-club\node_modules\.pnpm\jest-circus@29.7.0\node_modules\jest-circus\build\run.js:121:9)
            at run (D:\AnhTri\Chuyen_Nganh\CN9\Capstone\uni-club\node_modules\.pnpm\jest-circus@29.7.0\node_modules\jest-circus\build\run.js:71:3)
            at runAndTransformResultsToJestFormat (D:\AnhTri\Chuyen_Nganh\CN9\Capstone\uni-club\node_modules\.pnpm\jest-circus@29.7.0\node_modules\jest-circus\build\legacy-code-todo-rewrite\jestAdapterInit.js:122:21)
            at jestAdapter (D:\AnhTri\Chuyen_Nganh\CN9\Capstone\uni-club\node_modules\.pnpm\jest-circus@29.7.0\node_modules\jest-circus\build\legacy-code-todo-rewrite\jestAdapter.js:79:19)
            at runTestInternal (D:\AnhTri\Chuyen_Nganh\CN9\Capstone\uni-club\node_modules\.pnpm\jest-runner@29.7.0\node_modules\jest-runner\build\runTest.js:367:16)
            at runTest (D:\AnhTri\Chuyen_Nganh\CN9\Capstone\uni-club\node_modules\.pnpm\jest-runner@29.7.0\node_modules\jest-runner\build\runTest.js:444:34)
            at Object.worker (D:\AnhTri\Chuyen_Nganh\CN9\Capstone\uni-club\node_modules\.pnpm\jest-runner@29.7.0\node_modules\jest-runner\build\testWorker.js:106:12),
        type: 'unhandled exception'
      }

       5 | describe('EmptyState Component', () => {
       6 |   it('should render with title and description', () => {
    >  7 |     render(
         |           ^
       8 |       <EmptyState
       9 |         title="No data found"
      10 |         description="There are no items to display"

      at VirtualConsole.<anonymous> (node_modules/.pnpm/jest-environment-jsdom@29.7.0/node_modules/jest-environment-jsdom/build/index.js:63:23)
      at reportException (node_modules/.pnpm/jsdom@20.0.3/node_modules/jsdom/lib/jsdom/living/helpers/runtime-script-errors.js:70:28)
      at innerInvokeEventListeners (node_modules/.pnpm/jsdom@20.0.3/node_modules/jsdom/lib/jsdom/living/events/EventTarget-impl.js:353:9)
      at invokeEventListeners (node_modules/.pnpm/jsdom@20.0.3/node_modules/jsdom/lib/jsdom/living/events/EventTarget-impl.js:286:3)
      at HTMLUnknownElementImpl._dispatch (node_modules/.pnpm/jsdom@20.0.3/node_modules/jsdom/lib/jsdom/living/events/EventTarget-impl.js:233:9)
      at HTMLUnknownElementImpl.dispatchEvent (node_modules/.pnpm/jsdom@20.0.3/node_modules/jsdom/lib/jsdom/living/events/EventTarget-impl.js:104:17)
      at HTMLUnknownElement.dispatchEvent (node_modules/.pnpm/jsdom@20.0.3/node_modules/jsdom/lib/jsdom/living/generated/EventTarget.js:241:34)
      at Object.invokeGuardedCallbackDev (node_modules/.pnpm/react-dom@18.3.1_react@18.3.1/node_modules/react-dom/cjs/react-dom.development.js:4213:16)
      at invokeGuardedCallback (node_modules/.pnpm/react-dom@18.3.1_react@18.3.1/node_modules/react-dom/cjs/react-dom.development.js:4277:31)
      at beginWork$1 (node_modules/.pnpm/react-dom@18.3.1_react@18.3.1/node_modules/react-dom/cjs/react-dom.development.js:27490:7)
      at performUnitOfWork (node_modules/.pnpm/react-dom@18.3.1_react@18.3.1/node_modules/react-dom/cjs/react-dom.development.js:26599:12)
      at workLoopSync (node_modules/.pnpm/react-dom@18.3.1_react@18.3.1/node_modules/react-dom/cjs/react-dom.development.js:26505:5)
      at renderRootSync (node_modules/.pnpm/react-dom@18.3.1_react@18.3.1/node_modules/react-dom/cjs/react-dom.development.js:26473:7)
      at recoverFromConcurrentError (node_modules/.pnpm/react-dom@18.3.1_react@18.3.1/node_modules/react-dom/cjs/react-dom.development.js:25889:20)
      at performConcurrentWorkOnRoot (node_modules/.pnpm/react-dom@18.3.1_react@18.3.1/node_modules/react-dom/cjs/react-dom.development.js:25789:22)
      at flushActQueue (node_modules/.pnpm/react@18.3.1/node_modules/react/cjs/react.development.js:2667:24)
      at act (node_modules/.pnpm/react@18.3.1/node_modules/react/cjs/react.development.js:2582:11)
      at node_modules/.pnpm/@testing-library+react@14.3_f87cc36fb81efefb9e092b092e2536a9/node_modules/@testing-library/react/dist/act-compat.js:47:25
      at renderRoot (node_modules/.pnpm/@testing-library+react@14.3_f87cc36fb81efefb9e092b092e2536a9/node_modules/@testing-library/react/dist/pure.js:180:26)
      at render (node_modules/.pnpm/@testing-library+react@14.3_f87cc36fb81efefb9e092b092e2536a9/node_modules/@testing-library/react/dist/pure.js:271:10)
      at Object.<anonymous> (__tests__/components/empty-state.test.tsx:7:11)

    console.error
      The above error occurred in the <div> component:
      
          at div
          at className (D:\AnhTri\Chuyen_Nganh\CN9\Capstone\uni-club\components\ui\card.tsx:64:24)
          at div
          at className (D:\AnhTri\Chuyen_Nganh\CN9\Capstone\uni-club\components\ui\card.tsx:5:17)
          at Icon (D:\AnhTri\Chuyen_Nganh\CN9\Capstone\uni-club\components\empty-state.tsx:17:36)
      
      Consider adding an error boundary to your tree to customize error handling behavior.
      Visit https://reactjs.org/link/error-boundaries to learn more about error boundaries.

       5 | describe('EmptyState Component', () => {
       6 |   it('should render with title and description', () => {
    >  7 |     render(
         |           ^
       8 |       <EmptyState
       9 |         title="No data found"
      10 |         description="There are no items to display"

      at logCapturedError (node_modules/.pnpm/react-dom@18.3.1_react@18.3.1/node_modules/react-dom/cjs/react-dom.development.js:18704:23)
      at update.callback (node_modules/.pnpm/react-dom@18.3.1_react@18.3.1/node_modules/react-dom/cjs/react-dom.development.js:18737:5)
      at callCallback (node_modules/.pnpm/react-dom@18.3.1_react@18.3.1/node_modules/react-dom/cjs/react-dom.development.js:15036:12)
      at commitUpdateQueue (node_modules/.pnpm/react-dom@18.3.1_react@18.3.1/node_modules/react-dom/cjs/react-dom.development.js:15057:9)
      at commitLayoutEffectOnFiber (node_modules/.pnpm/react-dom@18.3.1_react@18.3.1/node_modules/react-dom/cjs/react-dom.development.js:23430:13)
      at commitLayoutMountEffects_complete (node_modules/.pnpm/react-dom@18.3.1_react@18.3.1/node_modules/react-dom/cjs/react-dom.development.js:24727:9)
      at commitLayoutEffects_begin (node_modules/.pnpm/react-dom@18.3.1_react@18.3.1/node_modules/react-dom/cjs/react-dom.development.js:24713:7)
      at commitLayoutEffects (node_modules/.pnpm/react-dom@18.3.1_react@18.3.1/node_modules/react-dom/cjs/react-dom.development.js:24651:3)
      at commitRootImpl (node_modules/.pnpm/react-dom@18.3.1_react@18.3.1/node_modules/react-dom/cjs/react-dom.development.js:26862:5)
      at commitRoot (node_modules/.pnpm/react-dom@18.3.1_react@18.3.1/node_modules/react-dom/cjs/react-dom.development.js:26721:5)
      at finishConcurrentRender (node_modules/.pnpm/react-dom@18.3.1_react@18.3.1/node_modules/react-dom/cjs/react-dom.development.js:25931:9)
      at performConcurrentWorkOnRoot (node_modules/.pnpm/react-dom@18.3.1_react@18.3.1/node_modules/react-dom/cjs/react-dom.development.js:25848:7)
      at flushActQueue (node_modules/.pnpm/react@18.3.1/node_modules/react/cjs/react.development.js:2667:24)
      at act (node_modules/.pnpm/react@18.3.1/node_modules/react/cjs/react.development.js:2582:11)
      at node_modules/.pnpm/@testing-library+react@14.3_f87cc36fb81efefb9e092b092e2536a9/node_modules/@testing-library/react/dist/act-compat.js:47:25
      at renderRoot (node_modules/.pnpm/@testing-library+react@14.3_f87cc36fb81efefb9e092b092e2536a9/node_modules/@testing-library/react/dist/pure.js:180:26)
      at render (node_modules/.pnpm/@testing-library+react@14.3_f87cc36fb81efefb9e092b092e2536a9/node_modules/@testing-library/react/dist/pure.js:271:10)
      at Object.<anonymous> (__tests__/components/empty-state.test.tsx:7:11)

    console.error
      Warning: React.jsx: type is invalid -- expected a string (for built-in components) or a class/function (for composite components) but got: <Package />. Did you accidentally export a JSX literal instead of a component?
          at Icon (D:\AnhTri\Chuyen_Nganh\CN9\Capstone\uni-club\components\empty-state.tsx:17:36)

      19 |     <Card className="border-dashed">
      20 |       <CardContent className="flex flex-col items-center justify-center py-12 text-center">
    > 21 |         <Icon className="h-12 w-12 text-muted-foreground mb-4" />
         |         ^
      22 |         <h3 className="text-lg font-semibold mb-2">{title}</h3>
      23 |         <p className="text-muted-foreground mb-4 max-w-sm">{description}</p>
      24 |         {action && <Button onClick={action.onClick}>{action.label}</Button>}

      at printWarning (node_modules/.pnpm/react@18.3.1/node_modules/react/cjs/react-jsx-runtime.development.js:87:30)
      at error (node_modules/.pnpm/react@18.3.1/node_modules/react/cjs/react-jsx-runtime.development.js:61:7)
      at jsxWithValidation (node_modules/.pnpm/react@18.3.1/node_modules/react/cjs/react-jsx-runtime.development.js:1245:7)
      at jsxWithValidationDynamic (node_modules/.pnpm/react@18.3.1/node_modules/react/cjs/react-jsx-runtime.development.js:1320:12)
      at EmptyState (components/empty-state.tsx:21:9)
      at renderWithHooks (node_modules/.pnpm/react-dom@18.3.1_react@18.3.1/node_modules/react-dom/cjs/react-dom.development.js:15486:18)
      at mountIndeterminateComponent (node_modules/.pnpm/react-dom@18.3.1_react@18.3.1/node_modules/react-dom/cjs/react-dom.development.js:20103:13)
      at beginWork (node_modules/.pnpm/react-dom@18.3.1_react@18.3.1/node_modules/react-dom/cjs/react-dom.development.js:21626:16)
      at beginWork$1 (node_modules/.pnpm/react-dom@18.3.1_react@18.3.1/node_modules/react-dom/cjs/react-dom.development.js:27465:14)
      at performUnitOfWork (node_modules/.pnpm/react-dom@18.3.1_react@18.3.1/node_modules/react-dom/cjs/react-dom.development.js:26599:12)
      at workLoopSync (node_modules/.pnpm/react-dom@18.3.1_react@18.3.1/node_modules/react-dom/cjs/react-dom.development.js:26505:5)
      at renderRootSync (node_modules/.pnpm/react-dom@18.3.1_react@18.3.1/node_modules/react-dom/cjs/react-dom.development.js:26473:7)
      at performConcurrentWorkOnRoot (node_modules/.pnpm/react-dom@18.3.1_react@18.3.1/node_modules/react-dom/cjs/react-dom.development.js:25777:74)
      at flushActQueue (node_modules/.pnpm/react@18.3.1/node_modules/react/cjs/react.development.js:2667:24)
      at act (node_modules/.pnpm/react@18.3.1/node_modules/react/cjs/react.development.js:2582:11)
      at node_modules/.pnpm/@testing-library+react@14.3_f87cc36fb81efefb9e092b092e2536a9/node_modules/@testing-library/react/dist/act-compat.js:47:25
      at renderRoot (node_modules/.pnpm/@testing-library+react@14.3_f87cc36fb81efefb9e092b092e2536a9/node_modules/@testing-library/react/dist/pure.js:180:26)
      at render (node_modules/.pnpm/@testing-library+react@14.3_f87cc36fb81efefb9e092b092e2536a9/node_modules/@testing-library/react/dist/pure.js:271:10)
      at Object.<anonymous> (__tests__/components/empty-state.test.tsx:19:11)

    console.error
      Error: Uncaught [Error: Element type is invalid: expected a string (for built-in components) or a class/function (for composite components) but got: object.
      
      Check the render method of `EmptyState`.]
          at reportException (D:\AnhTri\Chuyen_Nganh\CN9\Capstone\uni-club\node_modules\.pnpm\jsdom@20.0.3\node_modules\jsdom\lib\jsdom\living\helpers\runtime-script-errors.js:66:24)
          at innerInvokeEventListeners (D:\AnhTri\Chuyen_Nganh\CN9\Capstone\uni-club\node_modules\.pnpm\jsdom@20.0.3\node_modules\jsdom\lib\jsdom\living\events\EventTarget-impl.js:353:9)
          at invokeEventListeners (D:\AnhTri\Chuyen_Nganh\CN9\Capstone\uni-club\node_modules\.pnpm\jsdom@20.0.3\node_modules\jsdom\lib\jsdom\living\events\EventTarget-impl.js:286:3)
          at HTMLUnknownElementImpl._dispatch (D:\AnhTri\Chuyen_Nganh\CN9\Capstone\uni-club\node_modules\.pnpm\jsdom@20.0.3\node_modules\jsdom\lib\jsdom\living\events\EventTarget-impl.js:233:9)
          at HTMLUnknownElementImpl.dispatchEvent (D:\AnhTri\Chuyen_Nganh\CN9\Capstone\uni-club\node_modules\.pnpm\jsdom@20.0.3\node_modules\jsdom\lib\jsdom\living\events\EventTarget-impl.js:104:17)
          at HTMLUnknownElement.dispatchEvent (D:\AnhTri\Chuyen_Nganh\CN9\Capstone\uni-club\node_modules\.pnpm\jsdom@20.0.3\node_modules\jsdom\lib\jsdom\living\generated\EventTarget.js:241:34)
          at Object.invokeGuardedCallbackDev (D:\AnhTri\Chuyen_Nganh\CN9\Capstone\uni-club\node_modules\.pnpm\react-dom@18.3.1_react@18.3.1\node_modules\react-dom\cjs\react-dom.development.js:4213:16)
          at invokeGuardedCallback (D:\AnhTri\Chuyen_Nganh\CN9\Capstone\uni-club\node_modules\.pnpm\react-dom@18.3.1_react@18.3.1\node_modules\react-dom\cjs\react-dom.development.js:4277:31)
          at beginWork$1 (D:\AnhTri\Chuyen_Nganh\CN9\Capstone\uni-club\node_modules\.pnpm\react-dom@18.3.1_react@18.3.1\node_modules\react-dom\cjs\react-dom.development.js:27490:7)
          at performUnitOfWork (D:\AnhTri\Chuyen_Nganh\CN9\Capstone\uni-club\node_modules\.pnpm\react-dom@18.3.1_react@18.3.1\node_modules\react-dom\cjs\react-dom.development.js:26599:12)
          at workLoopSync (D:\AnhTri\Chuyen_Nganh\CN9\Capstone\uni-club\node_modules\.pnpm\react-dom@18.3.1_react@18.3.1\node_modules\react-dom\cjs\react-dom.development.js:26505:5)
          at renderRootSync (D:\AnhTri\Chuyen_Nganh\CN9\Capstone\uni-club\node_modules\.pnpm\react-dom@18.3.1_react@18.3.1\node_modules\react-dom\cjs\react-dom.development.js:26473:7)
          at performConcurrentWorkOnRoot (D:\AnhTri\Chuyen_Nganh\CN9\Capstone\uni-club\node_modules\.pnpm\react-dom@18.3.1_react@18.3.1\node_modules\react-dom\cjs\react-dom.development.js:25777:74)
          at flushActQueue (D:\AnhTri\Chuyen_Nganh\CN9\Capstone\uni-club\node_modules\.pnpm\react@18.3.1\node_modules\react\cjs\react.development.js:2667:24)
          at act (D:\AnhTri\Chuyen_Nganh\CN9\Capstone\uni-club\node_modules\.pnpm\react@18.3.1\node_modules\react\cjs\react.development.js:2582:11)
          at D:\AnhTri\Chuyen_Nganh\CN9\Capstone\uni-club\node_modules\.pnpm\@testing-library+react@14.3_f87cc36fb81efefb9e092b092e2536a9\node_modules\@testing-library\react\dist\act-compat.js:47:25
          at renderRoot (D:\AnhTri\Chuyen_Nganh\CN9\Capstone\uni-club\node_modules\.pnpm\@testing-library+react@14.3_f87cc36fb81efefb9e092b092e2536a9\node_modules\@testing-library\react\dist\pure.js:180:26)
          at render (D:\AnhTri\Chuyen_Nganh\CN9\Capstone\uni-club\node_modules\.pnpm\@testing-library+react@14.3_f87cc36fb81efefb9e092b092e2536a9\node_modules\@testing-library\react\dist\pure.js:271:10)
          at Object.<anonymous> (D:\AnhTri\Chuyen_Nganh\CN9\Capstone\uni-club\__tests__\components\empty-state.test.tsx:19:11)
          at Promise.then.completed (D:\AnhTri\Chuyen_Nganh\CN9\Capstone\uni-club\node_modules\.pnpm\jest-circus@29.7.0\node_modules\jest-circus\build\utils.js:298:28)
          at new Promise (<anonymous>)
          at callAsyncCircusFn (D:\AnhTri\Chuyen_Nganh\CN9\Capstone\uni-club\node_modules\.pnpm\jest-circus@29.7.0\node_modules\jest-circus\build\utils.js:231:10)
          at _callCircusTest (D:\AnhTri\Chuyen_Nganh\CN9\Capstone\uni-club\node_modules\.pnpm\jest-circus@29.7.0\node_modules\jest-circus\build\run.js:316:40)
          at processTicksAndRejections (node:internal/process/task_queues:105:5)
          at _runTest (D:\AnhTri\Chuyen_Nganh\CN9\Capstone\uni-club\node_modules\.pnpm\jest-circus@29.7.0\node_modules\jest-circus\build\run.js:252:3)
          at _runTestsForDescribeBlock (D:\AnhTri\Chuyen_Nganh\CN9\Capstone\uni-club\node_modules\.pnpm\jest-circus@29.7.0\node_modules\jest-circus\build\run.js:126:9)
          at _runTestsForDescribeBlock (D:\AnhTri\Chuyen_Nganh\CN9\Capstone\uni-club\node_modules\.pnpm\jest-circus@29.7.0\node_modules\jest-circus\build\run.js:121:9)
          at run (D:\AnhTri\Chuyen_Nganh\CN9\Capstone\uni-club\node_modules\.pnpm\jest-circus@29.7.0\node_modules\jest-circus\build\run.js:71:3)
          at runAndTransformResultsToJestFormat (D:\AnhTri\Chuyen_Nganh\CN9\Capstone\uni-club\node_modules\.pnpm\jest-circus@29.7.0\node_modules\jest-circus\build\legacy-code-todo-rewrite\jestAdapterInit.js:122:21)
          at jestAdapter (D:\AnhTri\Chuyen_Nganh\CN9\Capstone\uni-club\node_modules\.pnpm\jest-circus@29.7.0\node_modules\jest-circus\build\legacy-code-todo-rewrite\jestAdapter.js:79:19)
          at runTestInternal (D:\AnhTri\Chuyen_Nganh\CN9\Capstone\uni-club\node_modules\.pnpm\jest-runner@29.7.0\node_modules\jest-runner\build\runTest.js:367:16)
          at runTest (D:\AnhTri\Chuyen_Nganh\CN9\Capstone\uni-club\node_modules\.pnpm\jest-runner@29.7.0\node_modules\jest-runner\build\runTest.js:444:34)
          at Object.worker (D:\AnhTri\Chuyen_Nganh\CN9\Capstone\uni-club\node_modules\.pnpm\jest-runner@29.7.0\node_modules\jest-runner\build\testWorker.js:106:12) {
        detail: Error: Element type is invalid: expected a string (for built-in components) or a class/function (for composite components) but got: object.
        
        Check the render method of `EmptyState`.
            at createFiberFromTypeAndProps (D:\AnhTri\Chuyen_Nganh\CN9\Capstone\uni-club\node_modules\.pnpm\react-dom@18.3.1_react@18.3.1\node_modules\react-dom\cjs\react-dom.development.js:28478:17)
            at createFiberFromElement (D:\AnhTri\Chuyen_Nganh\CN9\Capstone\uni-club\node_modules\.pnpm\react-dom@18.3.1_react@18.3.1\node_modules\react-dom\cjs\react-dom.development.js:28504:15)
            at createChild (D:\AnhTri\Chuyen_Nganh\CN9\Capstone\uni-club\node_modules\.pnpm\react-dom@18.3.1_react@18.3.1\node_modules\react-dom\cjs\react-dom.development.js:13345:28)
            at reconcileChildrenArray (D:\AnhTri\Chuyen_Nganh\CN9\Capstone\uni-club\node_modules\.pnpm\react-dom@18.3.1_react@18.3.1\node_modules\react-dom\cjs\react-dom.development.js:13640:25)
            at reconcileChildFibers (D:\AnhTri\Chuyen_Nganh\CN9\Capstone\uni-club\node_modules\.pnpm\react-dom@18.3.1_react@18.3.1\node_modules\react-dom\cjs\react-dom.development.js:14057:16)
            at reconcileChildren (D:\AnhTri\Chuyen_Nganh\CN9\Capstone\uni-club\node_modules\.pnpm\react-dom@18.3.1_react@18.3.1\node_modules\react-dom\cjs\react-dom.development.js:19186:28)
            at updateHostComponent (D:\AnhTri\Chuyen_Nganh\CN9\Capstone\uni-club\node_modules\.pnpm\react-dom@18.3.1_react@18.3.1\node_modules\react-dom\cjs\react-dom.development.js:19953:3)
            at beginWork (D:\AnhTri\Chuyen_Nganh\CN9\Capstone\uni-club\node_modules\.pnpm\react-dom@18.3.1_react@18.3.1\node_modules\react-dom\cjs\react-dom.development.js:21657:14)
            at HTMLUnknownElement.callCallback (D:\AnhTri\Chuyen_Nganh\CN9\Capstone\uni-club\node_modules\.pnpm\react-dom@18.3.1_react@18.3.1\node_modules\react-dom\cjs\react-dom.development.js:4164:14)
            at HTMLUnknownElement.callTheUserObjectsOperation (D:\AnhTri\Chuyen_Nganh\CN9\Capstone\uni-club\node_modules\.pnpm\jsdom@20.0.3\node_modules\jsdom\lib\jsdom\living\generated\EventListener.js:26:30)
            at innerInvokeEventListeners (D:\AnhTri\Chuyen_Nganh\CN9\Capstone\uni-club\node_modules\.pnpm\jsdom@20.0.3\node_modules\jsdom\lib\jsdom\living\events\EventTarget-impl.js:350:25)
            at invokeEventListeners (D:\AnhTri\Chuyen_Nganh\CN9\Capstone\uni-club\node_modules\.pnpm\jsdom@20.0.3\node_modules\jsdom\lib\jsdom\living\events\EventTarget-impl.js:286:3)
            at HTMLUnknownElementImpl._dispatch (D:\AnhTri\Chuyen_Nganh\CN9\Capstone\uni-club\node_modules\.pnpm\jsdom@20.0.3\node_modules\jsdom\lib\jsdom\living\events\EventTarget-impl.js:233:9)
            at HTMLUnknownElementImpl.dispatchEvent (D:\AnhTri\Chuyen_Nganh\CN9\Capstone\uni-club\node_modules\.pnpm\jsdom@20.0.3\node_modules\jsdom\lib\jsdom\living\events\EventTarget-impl.js:104:17)
            at HTMLUnknownElement.dispatchEvent (D:\AnhTri\Chuyen_Nganh\CN9\Capstone\uni-club\node_modules\.pnpm\jsdom@20.0.3\node_modules\jsdom\lib\jsdom\living\generated\EventTarget.js:241:34)
            at Object.invokeGuardedCallbackDev (D:\AnhTri\Chuyen_Nganh\CN9\Capstone\uni-club\node_modules\.pnpm\react-dom@18.3.1_react@18.3.1\node_modules\react-dom\cjs\react-dom.development.js:4213:16)
            at invokeGuardedCallback (D:\AnhTri\Chuyen_Nganh\CN9\Capstone\uni-club\node_modules\.pnpm\react-dom@18.3.1_react@18.3.1\node_modules\react-dom\cjs\react-dom.development.js:4277:31)
            at beginWork$1 (D:\AnhTri\Chuyen_Nganh\CN9\Capstone\uni-club\node_modules\.pnpm\react-dom@18.3.1_react@18.3.1\node_modules\react-dom\cjs\react-dom.development.js:27490:7)
            at performUnitOfWork (D:\AnhTri\Chuyen_Nganh\CN9\Capstone\uni-club\node_modules\.pnpm\react-dom@18.3.1_react@18.3.1\node_modules\react-dom\cjs\react-dom.development.js:26599:12)
            at workLoopSync (D:\AnhTri\Chuyen_Nganh\CN9\Capstone\uni-club\node_modules\.pnpm\react-dom@18.3.1_react@18.3.1\node_modules\react-dom\cjs\react-dom.development.js:26505:5)
            at renderRootSync (D:\AnhTri\Chuyen_Nganh\CN9\Capstone\uni-club\node_modules\.pnpm\react-dom@18.3.1_react@18.3.1\node_modules\react-dom\cjs\react-dom.development.js:26473:7)
            at performConcurrentWorkOnRoot (D:\AnhTri\Chuyen_Nganh\CN9\Capstone\uni-club\node_modules\.pnpm\react-dom@18.3.1_react@18.3.1\node_modules\react-dom\cjs\react-dom.development.js:25777:74)
            at flushActQueue (D:\AnhTri\Chuyen_Nganh\CN9\Capstone\uni-club\node_modules\.pnpm\react@18.3.1\node_modules\react\cjs\react.development.js:2667:24)
            at act (D:\AnhTri\Chuyen_Nganh\CN9\Capstone\uni-club\node_modules\.pnpm\react@18.3.1\node_modules\react\cjs\react.development.js:2582:11)
            at D:\AnhTri\Chuyen_Nganh\CN9\Capstone\uni-club\node_modules\.pnpm\@testing-library+react@14.3_f87cc36fb81efefb9e092b092e2536a9\node_modules\@testing-library\react\dist\act-compat.js:47:25
            at renderRoot (D:\AnhTri\Chuyen_Nganh\CN9\Capstone\uni-club\node_modules\.pnpm\@testing-library+react@14.3_f87cc36fb81efefb9e092b092e2536a9\node_modules\@testing-library\react\dist\pure.js:180:26)
            at render (D:\AnhTri\Chuyen_Nganh\CN9\Capstone\uni-club\node_modules\.pnpm\@testing-library+react@14.3_f87cc36fb81efefb9e092b092e2536a9\node_modules\@testing-library\react\dist\pure.js:271:10)
            at Object.<anonymous> (D:\AnhTri\Chuyen_Nganh\CN9\Capstone\uni-club\__tests__\components\empty-state.test.tsx:19:11)
            at Promise.then.completed (D:\AnhTri\Chuyen_Nganh\CN9\Capstone\uni-club\node_modules\.pnpm\jest-circus@29.7.0\node_modules\jest-circus\build\utils.js:298:28)
            at new Promise (<anonymous>)
            at callAsyncCircusFn (D:\AnhTri\Chuyen_Nganh\CN9\Capstone\uni-club\node_modules\.pnpm\jest-circus@29.7.0\node_modules\jest-circus\build\utils.js:231:10)
            at _callCircusTest (D:\AnhTri\Chuyen_Nganh\CN9\Capstone\uni-club\node_modules\.pnpm\jest-circus@29.7.0\node_modules\jest-circus\build\run.js:316:40)
            at processTicksAndRejections (node:internal/process/task_queues:105:5)
            at _runTest (D:\AnhTri\Chuyen_Nganh\CN9\Capstone\uni-club\node_modules\.pnpm\jest-circus@29.7.0\node_modules\jest-circus\build\run.js:252:3)
            at _runTestsForDescribeBlock (D:\AnhTri\Chuyen_Nganh\CN9\Capstone\uni-club\node_modules\.pnpm\jest-circus@29.7.0\node_modules\jest-circus\build\run.js:126:9)
            at _runTestsForDescribeBlock (D:\AnhTri\Chuyen_Nganh\CN9\Capstone\uni-club\node_modules\.pnpm\jest-circus@29.7.0\node_modules\jest-circus\build\run.js:121:9)
            at run (D:\AnhTri\Chuyen_Nganh\CN9\Capstone\uni-club\node_modules\.pnpm\jest-circus@29.7.0\node_modules\jest-circus\build\run.js:71:3)
            at runAndTransformResultsToJestFormat (D:\AnhTri\Chuyen_Nganh\CN9\Capstone\uni-club\node_modules\.pnpm\jest-circus@29.7.0\node_modules\jest-circus\build\legacy-code-todo-rewrite\jestAdapterInit.js:122:21)
            at jestAdapter (D:\AnhTri\Chuyen_Nganh\CN9\Capstone\uni-club\node_modules\.pnpm\jest-circus@29.7.0\node_modules\jest-circus\build\legacy-code-todo-rewrite\jestAdapter.js:79:19)
            at runTestInternal (D:\AnhTri\Chuyen_Nganh\CN9\Capstone\uni-club\node_modules\.pnpm\jest-runner@29.7.0\node_modules\jest-runner\build\runTest.js:367:16)
            at runTest (D:\AnhTri\Chuyen_Nganh\CN9\Capstone\uni-club\node_modules\.pnpm\jest-runner@29.7.0\node_modules\jest-runner\build\runTest.js:444:34)
            at Object.worker (D:\AnhTri\Chuyen_Nganh\CN9\Capstone\uni-club\node_modules\.pnpm\jest-runner@29.7.0\node_modules\jest-runner\build\testWorker.js:106:12),
        type: 'unhandled exception'
      }

      17 |
      18 |   it('should render with custom icon', () => {
    > 19 |     render(
         |           ^
      20 |       <EmptyState
      21 |         title="No packages"
      22 |         icon={<Package data-testid="package-icon" />}

      at VirtualConsole.<anonymous> (node_modules/.pnpm/jest-environment-jsdom@29.7.0/node_modules/jest-environment-jsdom/build/index.js:63:23)
      at reportException (node_modules/.pnpm/jsdom@20.0.3/node_modules/jsdom/lib/jsdom/living/helpers/runtime-script-errors.js:70:28)
      at innerInvokeEventListeners (node_modules/.pnpm/jsdom@20.0.3/node_modules/jsdom/lib/jsdom/living/events/EventTarget-impl.js:353:9)
      at invokeEventListeners (node_modules/.pnpm/jsdom@20.0.3/node_modules/jsdom/lib/jsdom/living/events/EventTarget-impl.js:286:3)
      at HTMLUnknownElementImpl._dispatch (node_modules/.pnpm/jsdom@20.0.3/node_modules/jsdom/lib/jsdom/living/events/EventTarget-impl.js:233:9)
      at HTMLUnknownElementImpl.dispatchEvent (node_modules/.pnpm/jsdom@20.0.3/node_modules/jsdom/lib/jsdom/living/events/EventTarget-impl.js:104:17)
      at HTMLUnknownElement.dispatchEvent (node_modules/.pnpm/jsdom@20.0.3/node_modules/jsdom/lib/jsdom/living/generated/EventTarget.js:241:34)
      at Object.invokeGuardedCallbackDev (node_modules/.pnpm/react-dom@18.3.1_react@18.3.1/node_modules/react-dom/cjs/react-dom.development.js:4213:16)
      at invokeGuardedCallback (node_modules/.pnpm/react-dom@18.3.1_react@18.3.1/node_modules/react-dom/cjs/react-dom.development.js:4277:31)
      at beginWork$1 (node_modules/.pnpm/react-dom@18.3.1_react@18.3.1/node_modules/react-dom/cjs/react-dom.development.js:27490:7)
      at performUnitOfWork (node_modules/.pnpm/react-dom@18.3.1_react@18.3.1/node_modules/react-dom/cjs/react-dom.development.js:26599:12)
      at workLoopSync (node_modules/.pnpm/react-dom@18.3.1_react@18.3.1/node_modules/react-dom/cjs/react-dom.development.js:26505:5)
      at renderRootSync (node_modules/.pnpm/react-dom@18.3.1_react@18.3.1/node_modules/react-dom/cjs/react-dom.development.js:26473:7)
      at performConcurrentWorkOnRoot (node_modules/.pnpm/react-dom@18.3.1_react@18.3.1/node_modules/react-dom/cjs/react-dom.development.js:25777:74)
      at flushActQueue (node_modules/.pnpm/react@18.3.1/node_modules/react/cjs/react.development.js:2667:24)
      at act (node_modules/.pnpm/react@18.3.1/node_modules/react/cjs/react.development.js:2582:11)
      at node_modules/.pnpm/@testing-library+react@14.3_f87cc36fb81efefb9e092b092e2536a9/node_modules/@testing-library/react/dist/act-compat.js:47:25
      at renderRoot (node_modules/.pnpm/@testing-library+react@14.3_f87cc36fb81efefb9e092b092e2536a9/node_modules/@testing-library/react/dist/pure.js:180:26)
      at render (node_modules/.pnpm/@testing-library+react@14.3_f87cc36fb81efefb9e092b092e2536a9/node_modules/@testing-library/react/dist/pure.js:271:10)
      at Object.<anonymous> (__tests__/components/empty-state.test.tsx:19:11)

    console.error
      Warning: React.jsx: type is invalid -- expected a string (for built-in components) or a class/function (for composite components) but got: <Package />. Did you accidentally export a JSX literal instead of a component?
          at Icon (D:\AnhTri\Chuyen_Nganh\CN9\Capstone\uni-club\components\empty-state.tsx:17:36)

      19 |     <Card className="border-dashed">
      20 |       <CardContent className="flex flex-col items-center justify-center py-12 text-center">
    > 21 |         <Icon className="h-12 w-12 text-muted-foreground mb-4" />
         |         ^
      22 |         <h3 className="text-lg font-semibold mb-2">{title}</h3>
      23 |         <p className="text-muted-foreground mb-4 max-w-sm">{description}</p>
      24 |         {action && <Button onClick={action.onClick}>{action.label}</Button>}

      at printWarning (node_modules/.pnpm/react@18.3.1/node_modules/react/cjs/react-jsx-runtime.development.js:87:30)
      at error (node_modules/.pnpm/react@18.3.1/node_modules/react/cjs/react-jsx-runtime.development.js:61:7)
      at jsxWithValidation (node_modules/.pnpm/react@18.3.1/node_modules/react/cjs/react-jsx-runtime.development.js:1245:7)
      at jsxWithValidationDynamic (node_modules/.pnpm/react@18.3.1/node_modules/react/cjs/react-jsx-runtime.development.js:1320:12)
      at EmptyState (components/empty-state.tsx:21:9)
      at renderWithHooks (node_modules/.pnpm/react-dom@18.3.1_react@18.3.1/node_modules/react-dom/cjs/react-dom.development.js:15486:18)
      at mountIndeterminateComponent (node_modules/.pnpm/react-dom@18.3.1_react@18.3.1/node_modules/react-dom/cjs/react-dom.development.js:20103:13)
      at beginWork (node_modules/.pnpm/react-dom@18.3.1_react@18.3.1/node_modules/react-dom/cjs/react-dom.development.js:21626:16)
      at beginWork$1 (node_modules/.pnpm/react-dom@18.3.1_react@18.3.1/node_modules/react-dom/cjs/react-dom.development.js:27465:14)
      at performUnitOfWork (node_modules/.pnpm/react-dom@18.3.1_react@18.3.1/node_modules/react-dom/cjs/react-dom.development.js:26599:12)
      at workLoopSync (node_modules/.pnpm/react-dom@18.3.1_react@18.3.1/node_modules/react-dom/cjs/react-dom.development.js:26505:5)
      at renderRootSync (node_modules/.pnpm/react-dom@18.3.1_react@18.3.1/node_modules/react-dom/cjs/react-dom.development.js:26473:7)
      at recoverFromConcurrentError (node_modules/.pnpm/react-dom@18.3.1_react@18.3.1/node_modules/react-dom/cjs/react-dom.development.js:25889:20)
      at performConcurrentWorkOnRoot (node_modules/.pnpm/react-dom@18.3.1_react@18.3.1/node_modules/react-dom/cjs/react-dom.development.js:25789:22)
      at flushActQueue (node_modules/.pnpm/react@18.3.1/node_modules/react/cjs/react.development.js:2667:24)
      at act (node_modules/.pnpm/react@18.3.1/node_modules/react/cjs/react.development.js:2582:11)
      at node_modules/.pnpm/@testing-library+react@14.3_f87cc36fb81efefb9e092b092e2536a9/node_modules/@testing-library/react/dist/act-compat.js:47:25
      at renderRoot (node_modules/.pnpm/@testing-library+react@14.3_f87cc36fb81efefb9e092b092e2536a9/node_modules/@testing-library/react/dist/pure.js:180:26)
      at render (node_modules/.pnpm/@testing-library+react@14.3_f87cc36fb81efefb9e092b092e2536a9/node_modules/@testing-library/react/dist/pure.js:271:10)
      at Object.<anonymous> (__tests__/components/empty-state.test.tsx:19:11)

    console.error
      Error: Uncaught [Error: Element type is invalid: expected a string (for built-in components) or a class/function (for composite components) but got: object.
      
      Check the render method of `EmptyState`.]
          at reportException (D:\AnhTri\Chuyen_Nganh\CN9\Capstone\uni-club\node_modules\.pnpm\jsdom@20.0.3\node_modules\jsdom\lib\jsdom\living\helpers\runtime-script-errors.js:66:24)
          at innerInvokeEventListeners (D:\AnhTri\Chuyen_Nganh\CN9\Capstone\uni-club\node_modules\.pnpm\jsdom@20.0.3\node_modules\jsdom\lib\jsdom\living\events\EventTarget-impl.js:353:9)
          at invokeEventListeners (D:\AnhTri\Chuyen_Nganh\CN9\Capstone\uni-club\node_modules\.pnpm\jsdom@20.0.3\node_modules\jsdom\lib\jsdom\living\events\EventTarget-impl.js:286:3)
          at HTMLUnknownElementImpl._dispatch (D:\AnhTri\Chuyen_Nganh\CN9\Capstone\uni-club\node_modules\.pnpm\jsdom@20.0.3\node_modules\jsdom\lib\jsdom\living\events\EventTarget-impl.js:233:9)
          at HTMLUnknownElementImpl.dispatchEvent (D:\AnhTri\Chuyen_Nganh\CN9\Capstone\uni-club\node_modules\.pnpm\jsdom@20.0.3\node_modules\jsdom\lib\jsdom\living\events\EventTarget-impl.js:104:17)
          at HTMLUnknownElement.dispatchEvent (D:\AnhTri\Chuyen_Nganh\CN9\Capstone\uni-club\node_modules\.pnpm\jsdom@20.0.3\node_modules\jsdom\lib\jsdom\living\generated\EventTarget.js:241:34)
          at Object.invokeGuardedCallbackDev (D:\AnhTri\Chuyen_Nganh\CN9\Capstone\uni-club\node_modules\.pnpm\react-dom@18.3.1_react@18.3.1\node_modules\react-dom\cjs\react-dom.development.js:4213:16)
          at invokeGuardedCallback (D:\AnhTri\Chuyen_Nganh\CN9\Capstone\uni-club\node_modules\.pnpm\react-dom@18.3.1_react@18.3.1\node_modules\react-dom\cjs\react-dom.development.js:4277:31)
          at beginWork$1 (D:\AnhTri\Chuyen_Nganh\CN9\Capstone\uni-club\node_modules\.pnpm\react-dom@18.3.1_react@18.3.1\node_modules\react-dom\cjs\react-dom.development.js:27490:7)
          at performUnitOfWork (D:\AnhTri\Chuyen_Nganh\CN9\Capstone\uni-club\node_modules\.pnpm\react-dom@18.3.1_react@18.3.1\node_modules\react-dom\cjs\react-dom.development.js:26599:12)
          at workLoopSync (D:\AnhTri\Chuyen_Nganh\CN9\Capstone\uni-club\node_modules\.pnpm\react-dom@18.3.1_react@18.3.1\node_modules\react-dom\cjs\react-dom.development.js:26505:5)
          at renderRootSync (D:\AnhTri\Chuyen_Nganh\CN9\Capstone\uni-club\node_modules\.pnpm\react-dom@18.3.1_react@18.3.1\node_modules\react-dom\cjs\react-dom.development.js:26473:7)
          at recoverFromConcurrentError (D:\AnhTri\Chuyen_Nganh\CN9\Capstone\uni-club\node_modules\.pnpm\react-dom@18.3.1_react@18.3.1\node_modules\react-dom\cjs\react-dom.development.js:25889:20)
          at performConcurrentWorkOnRoot (D:\AnhTri\Chuyen_Nganh\CN9\Capstone\uni-club\node_modules\.pnpm\react-dom@18.3.1_react@18.3.1\node_modules\react-dom\cjs\react-dom.development.js:25789:22)
          at flushActQueue (D:\AnhTri\Chuyen_Nganh\CN9\Capstone\uni-club\node_modules\.pnpm\react@18.3.1\node_modules\react\cjs\react.development.js:2667:24)
          at act (D:\AnhTri\Chuyen_Nganh\CN9\Capstone\uni-club\node_modules\.pnpm\react@18.3.1\node_modules\react\cjs\react.development.js:2582:11)
          at D:\AnhTri\Chuyen_Nganh\CN9\Capstone\uni-club\node_modules\.pnpm\@testing-library+react@14.3_f87cc36fb81efefb9e092b092e2536a9\node_modules\@testing-library\react\dist\act-compat.js:47:25
          at renderRoot (D:\AnhTri\Chuyen_Nganh\CN9\Capstone\uni-club\node_modules\.pnpm\@testing-library+react@14.3_f87cc36fb81efefb9e092b092e2536a9\node_modules\@testing-library\react\dist\pure.js:180:26)
          at render (D:\AnhTri\Chuyen_Nganh\CN9\Capstone\uni-club\node_modules\.pnpm\@testing-library+react@14.3_f87cc36fb81efefb9e092b092e2536a9\node_modules\@testing-library\react\dist\pure.js:271:10)
          at Object.<anonymous> (D:\AnhTri\Chuyen_Nganh\CN9\Capstone\uni-club\__tests__\components\empty-state.test.tsx:19:11)
          at Promise.then.completed (D:\AnhTri\Chuyen_Nganh\CN9\Capstone\uni-club\node_modules\.pnpm\jest-circus@29.7.0\node_modules\jest-circus\build\utils.js:298:28)
          at new Promise (<anonymous>)
          at callAsyncCircusFn (D:\AnhTri\Chuyen_Nganh\CN9\Capstone\uni-club\node_modules\.pnpm\jest-circus@29.7.0\node_modules\jest-circus\build\utils.js:231:10)
          at _callCircusTest (D:\AnhTri\Chuyen_Nganh\CN9\Capstone\uni-club\node_modules\.pnpm\jest-circus@29.7.0\node_modules\jest-circus\build\run.js:316:40)
          at processTicksAndRejections (node:internal/process/task_queues:105:5)
          at _runTest (D:\AnhTri\Chuyen_Nganh\CN9\Capstone\uni-club\node_modules\.pnpm\jest-circus@29.7.0\node_modules\jest-circus\build\run.js:252:3)
          at _runTestsForDescribeBlock (D:\AnhTri\Chuyen_Nganh\CN9\Capstone\uni-club\node_modules\.pnpm\jest-circus@29.7.0\node_modules\jest-circus\build\run.js:126:9)
          at _runTestsForDescribeBlock (D:\AnhTri\Chuyen_Nganh\CN9\Capstone\uni-club\node_modules\.pnpm\jest-circus@29.7.0\node_modules\jest-circus\build\run.js:121:9)
          at run (D:\AnhTri\Chuyen_Nganh\CN9\Capstone\uni-club\node_modules\.pnpm\jest-circus@29.7.0\node_modules\jest-circus\build\run.js:71:3)
          at runAndTransformResultsToJestFormat (D:\AnhTri\Chuyen_Nganh\CN9\Capstone\uni-club\node_modules\.pnpm\jest-circus@29.7.0\node_modules\jest-circus\build\legacy-code-todo-rewrite\jestAdapterInit.js:122:21)
          at jestAdapter (D:\AnhTri\Chuyen_Nganh\CN9\Capstone\uni-club\node_modules\.pnpm\jest-circus@29.7.0\node_modules\jest-circus\build\legacy-code-todo-rewrite\jestAdapter.js:79:19)
          at runTestInternal (D:\AnhTri\Chuyen_Nganh\CN9\Capstone\uni-club\node_modules\.pnpm\jest-runner@29.7.0\node_modules\jest-runner\build\runTest.js:367:16)
          at runTest (D:\AnhTri\Chuyen_Nganh\CN9\Capstone\uni-club\node_modules\.pnpm\jest-runner@29.7.0\node_modules\jest-runner\build\runTest.js:444:34)
          at Object.worker (D:\AnhTri\Chuyen_Nganh\CN9\Capstone\uni-club\node_modules\.pnpm\jest-runner@29.7.0\node_modules\jest-runner\build\testWorker.js:106:12) {
        detail: Error: Element type is invalid: expected a string (for built-in components) or a class/function (for composite components) but got: object.
        
        Check the render method of `EmptyState`.
            at createFiberFromTypeAndProps (D:\AnhTri\Chuyen_Nganh\CN9\Capstone\uni-club\node_modules\.pnpm\react-dom@18.3.1_react@18.3.1\node_modules\react-dom\cjs\react-dom.development.js:28478:17)
            at createFiberFromElement (D:\AnhTri\Chuyen_Nganh\CN9\Capstone\uni-club\node_modules\.pnpm\react-dom@18.3.1_react@18.3.1\node_modules\react-dom\cjs\react-dom.development.js:28504:15)
            at createChild (D:\AnhTri\Chuyen_Nganh\CN9\Capstone\uni-club\node_modules\.pnpm\react-dom@18.3.1_react@18.3.1\node_modules\react-dom\cjs\react-dom.development.js:13345:28)
            at reconcileChildrenArray (D:\AnhTri\Chuyen_Nganh\CN9\Capstone\uni-club\node_modules\.pnpm\react-dom@18.3.1_react@18.3.1\node_modules\react-dom\cjs\react-dom.development.js:13640:25)
            at reconcileChildFibers (D:\AnhTri\Chuyen_Nganh\CN9\Capstone\uni-club\node_modules\.pnpm\react-dom@18.3.1_react@18.3.1\node_modules\react-dom\cjs\react-dom.development.js:14057:16)
            at reconcileChildren (D:\AnhTri\Chuyen_Nganh\CN9\Capstone\uni-club\node_modules\.pnpm\react-dom@18.3.1_react@18.3.1\node_modules\react-dom\cjs\react-dom.development.js:19186:28)
            at updateHostComponent (D:\AnhTri\Chuyen_Nganh\CN9\Capstone\uni-club\node_modules\.pnpm\react-dom@18.3.1_react@18.3.1\node_modules\react-dom\cjs\react-dom.development.js:19953:3)
            at beginWork (D:\AnhTri\Chuyen_Nganh\CN9\Capstone\uni-club\node_modules\.pnpm\react-dom@18.3.1_react@18.3.1\node_modules\react-dom\cjs\react-dom.development.js:21657:14)
            at HTMLUnknownElement.callCallback (D:\AnhTri\Chuyen_Nganh\CN9\Capstone\uni-club\node_modules\.pnpm\react-dom@18.3.1_react@18.3.1\node_modules\react-dom\cjs\react-dom.development.js:4164:14)
            at HTMLUnknownElement.callTheUserObjectsOperation (D:\AnhTri\Chuyen_Nganh\CN9\Capstone\uni-club\node_modules\.pnpm\jsdom@20.0.3\node_modules\jsdom\lib\jsdom\living\generated\EventListener.js:26:30)
            at innerInvokeEventListeners (D:\AnhTri\Chuyen_Nganh\CN9\Capstone\uni-club\node_modules\.pnpm\jsdom@20.0.3\node_modules\jsdom\lib\jsdom\living\events\EventTarget-impl.js:350:25)
            at invokeEventListeners (D:\AnhTri\Chuyen_Nganh\CN9\Capstone\uni-club\node_modules\.pnpm\jsdom@20.0.3\node_modules\jsdom\lib\jsdom\living\events\EventTarget-impl.js:286:3)
            at HTMLUnknownElementImpl._dispatch (D:\AnhTri\Chuyen_Nganh\CN9\Capstone\uni-club\node_modules\.pnpm\jsdom@20.0.3\node_modules\jsdom\lib\jsdom\living\events\EventTarget-impl.js:233:9)
            at HTMLUnknownElementImpl.dispatchEvent (D:\AnhTri\Chuyen_Nganh\CN9\Capstone\uni-club\node_modules\.pnpm\jsdom@20.0.3\node_modules\jsdom\lib\jsdom\living\events\EventTarget-impl.js:104:17)
            at HTMLUnknownElement.dispatchEvent (D:\AnhTri\Chuyen_Nganh\CN9\Capstone\uni-club\node_modules\.pnpm\jsdom@20.0.3\node_modules\jsdom\lib\jsdom\living\generated\EventTarget.js:241:34)
            at Object.invokeGuardedCallbackDev (D:\AnhTri\Chuyen_Nganh\CN9\Capstone\uni-club\node_modules\.pnpm\react-dom@18.3.1_react@18.3.1\node_modules\react-dom\cjs\react-dom.development.js:4213:16)
            at invokeGuardedCallback (D:\AnhTri\Chuyen_Nganh\CN9\Capstone\uni-club\node_modules\.pnpm\react-dom@18.3.1_react@18.3.1\node_modules\react-dom\cjs\react-dom.development.js:4277:31)
            at beginWork$1 (D:\AnhTri\Chuyen_Nganh\CN9\Capstone\uni-club\node_modules\.pnpm\react-dom@18.3.1_react@18.3.1\node_modules\react-dom\cjs\react-dom.development.js:27490:7)
            at performUnitOfWork (D:\AnhTri\Chuyen_Nganh\CN9\Capstone\uni-club\node_modules\.pnpm\react-dom@18.3.1_react@18.3.1\node_modules\react-dom\cjs\react-dom.development.js:26599:12)
            at workLoopSync (D:\AnhTri\Chuyen_Nganh\CN9\Capstone\uni-club\node_modules\.pnpm\react-dom@18.3.1_react@18.3.1\node_modules\react-dom\cjs\react-dom.development.js:26505:5)
            at renderRootSync (D:\AnhTri\Chuyen_Nganh\CN9\Capstone\uni-club\node_modules\.pnpm\react-dom@18.3.1_react@18.3.1\node_modules\react-dom\cjs\react-dom.development.js:26473:7)
            at recoverFromConcurrentError (D:\AnhTri\Chuyen_Nganh\CN9\Capstone\uni-club\node_modules\.pnpm\react-dom@18.3.1_react@18.3.1\node_modules\react-dom\cjs\react-dom.development.js:25889:20)
            at performConcurrentWorkOnRoot (D:\AnhTri\Chuyen_Nganh\CN9\Capstone\uni-club\node_modules\.pnpm\react-dom@18.3.1_react@18.3.1\node_modules\react-dom\cjs\react-dom.development.js:25789:22)
            at flushActQueue (D:\AnhTri\Chuyen_Nganh\CN9\Capstone\uni-club\node_modules\.pnpm\react@18.3.1\node_modules\react\cjs\react.development.js:2667:24)
            at act (D:\AnhTri\Chuyen_Nganh\CN9\Capstone\uni-club\node_modules\.pnpm\react@18.3.1\node_modules\react\cjs\react.development.js:2582:11)
            at D:\AnhTri\Chuyen_Nganh\CN9\Capstone\uni-club\node_modules\.pnpm\@testing-library+react@14.3_f87cc36fb81efefb9e092b092e2536a9\node_modules\@testing-library\react\dist\act-compat.js:47:25
            at renderRoot (D:\AnhTri\Chuyen_Nganh\CN9\Capstone\uni-club\node_modules\.pnpm\@testing-library+react@14.3_f87cc36fb81efefb9e092b092e2536a9\node_modules\@testing-library\react\dist\pure.js:180:26)
            at render (D:\AnhTri\Chuyen_Nganh\CN9\Capstone\uni-club\node_modules\.pnpm\@testing-library+react@14.3_f87cc36fb81efefb9e092b092e2536a9\node_modules\@testing-library\react\dist\pure.js:271:10)
            at Object.<anonymous> (D:\AnhTri\Chuyen_Nganh\CN9\Capstone\uni-club\__tests__\components\empty-state.test.tsx:19:11)
            at Promise.then.completed (D:\AnhTri\Chuyen_Nganh\CN9\Capstone\uni-club\node_modules\.pnpm\jest-circus@29.7.0\node_modules\jest-circus\build\utils.js:298:28)
            at new Promise (<anonymous>)
            at callAsyncCircusFn (D:\AnhTri\Chuyen_Nganh\CN9\Capstone\uni-club\node_modules\.pnpm\jest-circus@29.7.0\node_modules\jest-circus\build\utils.js:231:10)
            at _callCircusTest (D:\AnhTri\Chuyen_Nganh\CN9\Capstone\uni-club\node_modules\.pnpm\jest-circus@29.7.0\node_modules\jest-circus\build\run.js:316:40)
            at processTicksAndRejections (node:internal/process/task_queues:105:5)
            at _runTest (D:\AnhTri\Chuyen_Nganh\CN9\Capstone\uni-club\node_modules\.pnpm\jest-circus@29.7.0\node_modules\jest-circus\build\run.js:252:3)
            at _runTestsForDescribeBlock (D:\AnhTri\Chuyen_Nganh\CN9\Capstone\uni-club\node_modules\.pnpm\jest-circus@29.7.0\node_modules\jest-circus\build\run.js:126:9)
            at _runTestsForDescribeBlock (D:\AnhTri\Chuyen_Nganh\CN9\Capstone\uni-club\node_modules\.pnpm\jest-circus@29.7.0\node_modules\jest-circus\build\run.js:121:9)
            at run (D:\AnhTri\Chuyen_Nganh\CN9\Capstone\uni-club\node_modules\.pnpm\jest-circus@29.7.0\node_modules\jest-circus\build\run.js:71:3)
            at runAndTransformResultsToJestFormat (D:\AnhTri\Chuyen_Nganh\CN9\Capstone\uni-club\node_modules\.pnpm\jest-circus@29.7.0\node_modules\jest-circus\build\legacy-code-todo-rewrite\jestAdapterInit.js:122:21)
            at jestAdapter (D:\AnhTri\Chuyen_Nganh\CN9\Capstone\uni-club\node_modules\.pnpm\jest-circus@29.7.0\node_modules\jest-circus\build\legacy-code-todo-rewrite\jestAdapter.js:79:19)
            at runTestInternal (D:\AnhTri\Chuyen_Nganh\CN9\Capstone\uni-club\node_modules\.pnpm\jest-runner@29.7.0\node_modules\jest-runner\build\runTest.js:367:16)
            at runTest (D:\AnhTri\Chuyen_Nganh\CN9\Capstone\uni-club\node_modules\.pnpm\jest-runner@29.7.0\node_modules\jest-runner\build\runTest.js:444:34)
            at Object.worker (D:\AnhTri\Chuyen_Nganh\CN9\Capstone\uni-club\node_modules\.pnpm\jest-runner@29.7.0\node_modules\jest-runner\build\testWorker.js:106:12),
        type: 'unhandled exception'
      }

      17 |
      18 |   it('should render with custom icon', () => {
    > 19 |     render(
         |           ^
      20 |       <EmptyState
      21 |         title="No packages"
      22 |         icon={<Package data-testid="package-icon" />}

      at VirtualConsole.<anonymous> (node_modules/.pnpm/jest-environment-jsdom@29.7.0/node_modules/jest-environment-jsdom/build/index.js:63:23)
      at reportException (node_modules/.pnpm/jsdom@20.0.3/node_modules/jsdom/lib/jsdom/living/helpers/runtime-script-errors.js:70:28)
      at innerInvokeEventListeners (node_modules/.pnpm/jsdom@20.0.3/node_modules/jsdom/lib/jsdom/living/events/EventTarget-impl.js:353:9)
      at invokeEventListeners (node_modules/.pnpm/jsdom@20.0.3/node_modules/jsdom/lib/jsdom/living/events/EventTarget-impl.js:286:3)
      at HTMLUnknownElementImpl._dispatch (node_modules/.pnpm/jsdom@20.0.3/node_modules/jsdom/lib/jsdom/living/events/EventTarget-impl.js:233:9)
      at HTMLUnknownElementImpl.dispatchEvent (node_modules/.pnpm/jsdom@20.0.3/node_modules/jsdom/lib/jsdom/living/events/EventTarget-impl.js:104:17)
      at HTMLUnknownElement.dispatchEvent (node_modules/.pnpm/jsdom@20.0.3/node_modules/jsdom/lib/jsdom/living/generated/EventTarget.js:241:34)
      at Object.invokeGuardedCallbackDev (node_modules/.pnpm/react-dom@18.3.1_react@18.3.1/node_modules/react-dom/cjs/react-dom.development.js:4213:16)
      at invokeGuardedCallback (node_modules/.pnpm/react-dom@18.3.1_react@18.3.1/node_modules/react-dom/cjs/react-dom.development.js:4277:31)
      at beginWork$1 (node_modules/.pnpm/react-dom@18.3.1_react@18.3.1/node_modules/react-dom/cjs/react-dom.development.js:27490:7)
      at performUnitOfWork (node_modules/.pnpm/react-dom@18.3.1_react@18.3.1/node_modules/react-dom/cjs/react-dom.development.js:26599:12)
      at workLoopSync (node_modules/.pnpm/react-dom@18.3.1_react@18.3.1/node_modules/react-dom/cjs/react-dom.development.js:26505:5)
      at renderRootSync (node_modules/.pnpm/react-dom@18.3.1_react@18.3.1/node_modules/react-dom/cjs/react-dom.development.js:26473:7)
      at recoverFromConcurrentError (node_modules/.pnpm/react-dom@18.3.1_react@18.3.1/node_modules/react-dom/cjs/react-dom.development.js:25889:20)
      at performConcurrentWorkOnRoot (node_modules/.pnpm/react-dom@18.3.1_react@18.3.1/node_modules/react-dom/cjs/react-dom.development.js:25789:22)
      at flushActQueue (node_modules/.pnpm/react@18.3.1/node_modules/react/cjs/react.development.js:2667:24)
      at act (node_modules/.pnpm/react@18.3.1/node_modules/react/cjs/react.development.js:2582:11)
      at node_modules/.pnpm/@testing-library+react@14.3_f87cc36fb81efefb9e092b092e2536a9/node_modules/@testing-library/react/dist/act-compat.js:47:25
      at renderRoot (node_modules/.pnpm/@testing-library+react@14.3_f87cc36fb81efefb9e092b092e2536a9/node_modules/@testing-library/react/dist/pure.js:180:26)
      at render (node_modules/.pnpm/@testing-library+react@14.3_f87cc36fb81efefb9e092b092e2536a9/node_modules/@testing-library/react/dist/pure.js:271:10)
      at Object.<anonymous> (__tests__/components/empty-state.test.tsx:19:11)

    console.error
      The above error occurred in the <div> component:
      
          at div
          at className (D:\AnhTri\Chuyen_Nganh\CN9\Capstone\uni-club\components\ui\card.tsx:64:24)
          at div
          at className (D:\AnhTri\Chuyen_Nganh\CN9\Capstone\uni-club\components\ui\card.tsx:5:17)
          at Icon (D:\AnhTri\Chuyen_Nganh\CN9\Capstone\uni-club\components\empty-state.tsx:17:36)
      
      Consider adding an error boundary to your tree to customize error handling behavior.
      Visit https://reactjs.org/link/error-boundaries to learn more about error boundaries.

      17 |
      18 |   it('should render with custom icon', () => {
    > 19 |     render(
         |           ^
      20 |       <EmptyState
      21 |         title="No packages"
      22 |         icon={<Package data-testid="package-icon" />}

      at logCapturedError (node_modules/.pnpm/react-dom@18.3.1_react@18.3.1/node_modules/react-dom/cjs/react-dom.development.js:18704:23)
      at update.callback (node_modules/.pnpm/react-dom@18.3.1_react@18.3.1/node_modules/react-dom/cjs/react-dom.development.js:18737:5)
      at callCallback (node_modules/.pnpm/react-dom@18.3.1_react@18.3.1/node_modules/react-dom/cjs/react-dom.development.js:15036:12)
      at commitUpdateQueue (node_modules/.pnpm/react-dom@18.3.1_react@18.3.1/node_modules/react-dom/cjs/react-dom.development.js:15057:9)
      at commitLayoutEffectOnFiber (node_modules/.pnpm/react-dom@18.3.1_react@18.3.1/node_modules/react-dom/cjs/react-dom.development.js:23430:13)
      at commitLayoutMountEffects_complete (node_modules/.pnpm/react-dom@18.3.1_react@18.3.1/node_modules/react-dom/cjs/react-dom.development.js:24727:9)
      at commitLayoutEffects_begin (node_modules/.pnpm/react-dom@18.3.1_react@18.3.1/node_modules/react-dom/cjs/react-dom.development.js:24713:7)
      at commitLayoutEffects (node_modules/.pnpm/react-dom@18.3.1_react@18.3.1/node_modules/react-dom/cjs/react-dom.development.js:24651:3)
      at commitRootImpl (node_modules/.pnpm/react-dom@18.3.1_react@18.3.1/node_modules/react-dom/cjs/react-dom.development.js:26862:5)
      at commitRoot (node_modules/.pnpm/react-dom@18.3.1_react@18.3.1/node_modules/react-dom/cjs/react-dom.development.js:26721:5)
      at finishConcurrentRender (node_modules/.pnpm/react-dom@18.3.1_react@18.3.1/node_modules/react-dom/cjs/react-dom.development.js:25931:9)
      at performConcurrentWorkOnRoot (node_modules/.pnpm/react-dom@18.3.1_react@18.3.1/node_modules/react-dom/cjs/react-dom.development.js:25848:7)
      at flushActQueue (node_modules/.pnpm/react@18.3.1/node_modules/react/cjs/react.development.js:2667:24)
      at act (node_modules/.pnpm/react@18.3.1/node_modules/react/cjs/react.development.js:2582:11)
      at node_modules/.pnpm/@testing-library+react@14.3_f87cc36fb81efefb9e092b092e2536a9/node_modules/@testing-library/react/dist/act-compat.js:47:25
      at renderRoot (node_modules/.pnpm/@testing-library+react@14.3_f87cc36fb81efefb9e092b092e2536a9/node_modules/@testing-library/react/dist/pure.js:180:26)
      at render (node_modules/.pnpm/@testing-library+react@14.3_f87cc36fb81efefb9e092b092e2536a9/node_modules/@testing-library/react/dist/pure.js:271:10)
      at Object.<anonymous> (__tests__/components/empty-state.test.tsx:19:11)

    console.error
      Warning: React.jsx: type is invalid -- expected a string (for built-in components) or a class/function (for composite components) but got: undefined. You likely forgot to export your component from the file it's defined in, or you might have mixed up default and named imports.
      
      Check the render method of `EmptyState`.
          at Icon (D:\AnhTri\Chuyen_Nganh\CN9\Capstone\uni-club\components\empty-state.tsx:17:36)

      19 |     <Card className="border-dashed">
      20 |       <CardContent className="flex flex-col items-center justify-center py-12 text-center">
    > 21 |         <Icon className="h-12 w-12 text-muted-foreground mb-4" />
         |         ^
      22 |         <h3 className="text-lg font-semibold mb-2">{title}</h3>
      23 |         <p className="text-muted-foreground mb-4 max-w-sm">{description}</p>
      24 |         {action && <Button onClick={action.onClick}>{action.label}</Button>}

      at printWarning (node_modules/.pnpm/react@18.3.1/node_modules/react/cjs/react-jsx-runtime.development.js:87:30)
      at error (node_modules/.pnpm/react@18.3.1/node_modules/react/cjs/react-jsx-runtime.development.js:61:7)
      at jsxWithValidation (node_modules/.pnpm/react@18.3.1/node_modules/react/cjs/react-jsx-runtime.development.js:1245:7)
      at jsxWithValidationDynamic (node_modules/.pnpm/react@18.3.1/node_modules/react/cjs/react-jsx-runtime.development.js:1320:12)
      at EmptyState (components/empty-state.tsx:21:9)
      at renderWithHooks (node_modules/.pnpm/react-dom@18.3.1_react@18.3.1/node_modules/react-dom/cjs/react-dom.development.js:15486:18)
      at mountIndeterminateComponent (node_modules/.pnpm/react-dom@18.3.1_react@18.3.1/node_modules/react-dom/cjs/react-dom.development.js:20103:13)
      at beginWork (node_modules/.pnpm/react-dom@18.3.1_react@18.3.1/node_modules/react-dom/cjs/react-dom.development.js:21626:16)
      at beginWork$1 (node_modules/.pnpm/react-dom@18.3.1_react@18.3.1/node_modules/react-dom/cjs/react-dom.development.js:27465:14)
      at performUnitOfWork (node_modules/.pnpm/react-dom@18.3.1_react@18.3.1/node_modules/react-dom/cjs/react-dom.development.js:26599:12)
      at workLoopSync (node_modules/.pnpm/react-dom@18.3.1_react@18.3.1/node_modules/react-dom/cjs/react-dom.development.js:26505:5)
      at renderRootSync (node_modules/.pnpm/react-dom@18.3.1_react@18.3.1/node_modules/react-dom/cjs/react-dom.development.js:26473:7)
      at performConcurrentWorkOnRoot (node_modules/.pnpm/react-dom@18.3.1_react@18.3.1/node_modules/react-dom/cjs/react-dom.development.js:25777:74)
      at flushActQueue (node_modules/.pnpm/react@18.3.1/node_modules/react/cjs/react.development.js:2667:24)
      at act (node_modules/.pnpm/react@18.3.1/node_modules/react/cjs/react.development.js:2582:11)
      at node_modules/.pnpm/@testing-library+react@14.3_f87cc36fb81efefb9e092b092e2536a9/node_modules/@testing-library/react/dist/act-compat.js:47:25
      at renderRoot (node_modules/.pnpm/@testing-library+react@14.3_f87cc36fb81efefb9e092b092e2536a9/node_modules/@testing-library/react/dist/pure.js:180:26)
      at render (node_modules/.pnpm/@testing-library+react@14.3_f87cc36fb81efefb9e092b092e2536a9/node_modules/@testing-library/react/dist/pure.js:271:10)
      at Object.<anonymous> (__tests__/components/empty-state.test.tsx:30:11)

    console.error
      Error: Uncaught [Error: Element type is invalid: expected a string (for built-in components) or a class/function (for composite components) but got: undefined. You likely forgot to export your component from the file it's defined in, or you might have mixed up default and named imports.
      
      Check the render method of `EmptyState`.]
          at reportException (D:\AnhTri\Chuyen_Nganh\CN9\Capstone\uni-club\node_modules\.pnpm\jsdom@20.0.3\node_modules\jsdom\lib\jsdom\living\helpers\runtime-script-errors.js:66:24)
          at innerInvokeEventListeners (D:\AnhTri\Chuyen_Nganh\CN9\Capstone\uni-club\node_modules\.pnpm\jsdom@20.0.3\node_modules\jsdom\lib\jsdom\living\events\EventTarget-impl.js:353:9)
          at invokeEventListeners (D:\AnhTri\Chuyen_Nganh\CN9\Capstone\uni-club\node_modules\.pnpm\jsdom@20.0.3\node_modules\jsdom\lib\jsdom\living\events\EventTarget-impl.js:286:3)
          at HTMLUnknownElementImpl._dispatch (D:\AnhTri\Chuyen_Nganh\CN9\Capstone\uni-club\node_modules\.pnpm\jsdom@20.0.3\node_modules\jsdom\lib\jsdom\living\events\EventTarget-impl.js:233:9)
          at HTMLUnknownElementImpl.dispatchEvent (D:\AnhTri\Chuyen_Nganh\CN9\Capstone\uni-club\node_modules\.pnpm\jsdom@20.0.3\node_modules\jsdom\lib\jsdom\living\events\EventTarget-impl.js:104:17)
          at HTMLUnknownElement.dispatchEvent (D:\AnhTri\Chuyen_Nganh\CN9\Capstone\uni-club\node_modules\.pnpm\jsdom@20.0.3\node_modules\jsdom\lib\jsdom\living\generated\EventTarget.js:241:34)
          at Object.invokeGuardedCallbackDev (D:\AnhTri\Chuyen_Nganh\CN9\Capstone\uni-club\node_modules\.pnpm\react-dom@18.3.1_react@18.3.1\node_modules\react-dom\cjs\react-dom.development.js:4213:16)
          at invokeGuardedCallback (D:\AnhTri\Chuyen_Nganh\CN9\Capstone\uni-club\node_modules\.pnpm\react-dom@18.3.1_react@18.3.1\node_modules\react-dom\cjs\react-dom.development.js:4277:31)
          at beginWork$1 (D:\AnhTri\Chuyen_Nganh\CN9\Capstone\uni-club\node_modules\.pnpm\react-dom@18.3.1_react@18.3.1\node_modules\react-dom\cjs\react-dom.development.js:27490:7)
          at performUnitOfWork (D:\AnhTri\Chuyen_Nganh\CN9\Capstone\uni-club\node_modules\.pnpm\react-dom@18.3.1_react@18.3.1\node_modules\react-dom\cjs\react-dom.development.js:26599:12)
          at workLoopSync (D:\AnhTri\Chuyen_Nganh\CN9\Capstone\uni-club\node_modules\.pnpm\react-dom@18.3.1_react@18.3.1\node_modules\react-dom\cjs\react-dom.development.js:26505:5)
          at renderRootSync (D:\AnhTri\Chuyen_Nganh\CN9\Capstone\uni-club\node_modules\.pnpm\react-dom@18.3.1_react@18.3.1\node_modules\react-dom\cjs\react-dom.development.js:26473:7)
          at performConcurrentWorkOnRoot (D:\AnhTri\Chuyen_Nganh\CN9\Capstone\uni-club\node_modules\.pnpm\react-dom@18.3.1_react@18.3.1\node_modules\react-dom\cjs\react-dom.development.js:25777:74)
          at flushActQueue (D:\AnhTri\Chuyen_Nganh\CN9\Capstone\uni-club\node_modules\.pnpm\react@18.3.1\node_modules\react\cjs\react.development.js:2667:24)
          at act (D:\AnhTri\Chuyen_Nganh\CN9\Capstone\uni-club\node_modules\.pnpm\react@18.3.1\node_modules\react\cjs\react.development.js:2582:11)
          at D:\AnhTri\Chuyen_Nganh\CN9\Capstone\uni-club\node_modules\.pnpm\@testing-library+react@14.3_f87cc36fb81efefb9e092b092e2536a9\node_modules\@testing-library\react\dist\act-compat.js:47:25
          at renderRoot (D:\AnhTri\Chuyen_Nganh\CN9\Capstone\uni-club\node_modules\.pnpm\@testing-library+react@14.3_f87cc36fb81efefb9e092b092e2536a9\node_modules\@testing-library\react\dist\pure.js:180:26)
          at render (D:\AnhTri\Chuyen_Nganh\CN9\Capstone\uni-club\node_modules\.pnpm\@testing-library+react@14.3_f87cc36fb81efefb9e092b092e2536a9\node_modules\@testing-library\react\dist\pure.js:271:10)
          at Object.<anonymous> (D:\AnhTri\Chuyen_Nganh\CN9\Capstone\uni-club\__tests__\components\empty-state.test.tsx:30:11)
          at Promise.then.completed (D:\AnhTri\Chuyen_Nganh\CN9\Capstone\uni-club\node_modules\.pnpm\jest-circus@29.7.0\node_modules\jest-circus\build\utils.js:298:28)
          at new Promise (<anonymous>)
          at callAsyncCircusFn (D:\AnhTri\Chuyen_Nganh\CN9\Capstone\uni-club\node_modules\.pnpm\jest-circus@29.7.0\node_modules\jest-circus\build\utils.js:231:10)
          at _callCircusTest (D:\AnhTri\Chuyen_Nganh\CN9\Capstone\uni-club\node_modules\.pnpm\jest-circus@29.7.0\node_modules\jest-circus\build\run.js:316:40)
          at processTicksAndRejections (node:internal/process/task_queues:105:5)
          at _runTest (D:\AnhTri\Chuyen_Nganh\CN9\Capstone\uni-club\node_modules\.pnpm\jest-circus@29.7.0\node_modules\jest-circus\build\run.js:252:3)
          at _runTestsForDescribeBlock (D:\AnhTri\Chuyen_Nganh\CN9\Capstone\uni-club\node_modules\.pnpm\jest-circus@29.7.0\node_modules\jest-circus\build\run.js:126:9)
          at _runTestsForDescribeBlock (D:\AnhTri\Chuyen_Nganh\CN9\Capstone\uni-club\node_modules\.pnpm\jest-circus@29.7.0\node_modules\jest-circus\build\run.js:121:9)
          at run (D:\AnhTri\Chuyen_Nganh\CN9\Capstone\uni-club\node_modules\.pnpm\jest-circus@29.7.0\node_modules\jest-circus\build\run.js:71:3)
          at runAndTransformResultsToJestFormat (D:\AnhTri\Chuyen_Nganh\CN9\Capstone\uni-club\node_modules\.pnpm\jest-circus@29.7.0\node_modules\jest-circus\build\legacy-code-todo-rewrite\jestAdapterInit.js:122:21)
          at jestAdapter (D:\AnhTri\Chuyen_Nganh\CN9\Capstone\uni-club\node_modules\.pnpm\jest-circus@29.7.0\node_modules\jest-circus\build\legacy-code-todo-rewrite\jestAdapter.js:79:19)
          at runTestInternal (D:\AnhTri\Chuyen_Nganh\CN9\Capstone\uni-club\node_modules\.pnpm\jest-runner@29.7.0\node_modules\jest-runner\build\runTest.js:367:16)
          at runTest (D:\AnhTri\Chuyen_Nganh\CN9\Capstone\uni-club\node_modules\.pnpm\jest-runner@29.7.0\node_modules\jest-runner\build\runTest.js:444:34)
          at Object.worker (D:\AnhTri\Chuyen_Nganh\CN9\Capstone\uni-club\node_modules\.pnpm\jest-runner@29.7.0\node_modules\jest-runner\build\testWorker.js:106:12) {
        detail: Error: Element type is invalid: expected a string (for built-in components) or a class/function (for composite components) but got: undefined. You likely forgot to export your component from the file it's defined in, or you might have mixed up default and named imports.
        
        Check the render method of `EmptyState`.
            at createFiberFromTypeAndProps (D:\AnhTri\Chuyen_Nganh\CN9\Capstone\uni-club\node_modules\.pnpm\react-dom@18.3.1_react@18.3.1\node_modules\react-dom\cjs\react-dom.development.js:28478:17)
            at createFiberFromElement (D:\AnhTri\Chuyen_Nganh\CN9\Capstone\uni-club\node_modules\.pnpm\react-dom@18.3.1_react@18.3.1\node_modules\react-dom\cjs\react-dom.development.js:28504:15)
            at createChild (D:\AnhTri\Chuyen_Nganh\CN9\Capstone\uni-club\node_modules\.pnpm\react-dom@18.3.1_react@18.3.1\node_modules\react-dom\cjs\react-dom.development.js:13345:28)
            at reconcileChildrenArray (D:\AnhTri\Chuyen_Nganh\CN9\Capstone\uni-club\node_modules\.pnpm\react-dom@18.3.1_react@18.3.1\node_modules\react-dom\cjs\react-dom.development.js:13640:25)
            at reconcileChildFibers (D:\AnhTri\Chuyen_Nganh\CN9\Capstone\uni-club\node_modules\.pnpm\react-dom@18.3.1_react@18.3.1\node_modules\react-dom\cjs\react-dom.development.js:14057:16)
            at reconcileChildren (D:\AnhTri\Chuyen_Nganh\CN9\Capstone\uni-club\node_modules\.pnpm\react-dom@18.3.1_react@18.3.1\node_modules\react-dom\cjs\react-dom.development.js:19186:28)
            at updateHostComponent (D:\AnhTri\Chuyen_Nganh\CN9\Capstone\uni-club\node_modules\.pnpm\react-dom@18.3.1_react@18.3.1\node_modules\react-dom\cjs\react-dom.development.js:19953:3)
            at beginWork (D:\AnhTri\Chuyen_Nganh\CN9\Capstone\uni-club\node_modules\.pnpm\react-dom@18.3.1_react@18.3.1\node_modules\react-dom\cjs\react-dom.development.js:21657:14)
            at HTMLUnknownElement.callCallback (D:\AnhTri\Chuyen_Nganh\CN9\Capstone\uni-club\node_modules\.pnpm\react-dom@18.3.1_react@18.3.1\node_modules\react-dom\cjs\react-dom.development.js:4164:14)
            at HTMLUnknownElement.callTheUserObjectsOperation (D:\AnhTri\Chuyen_Nganh\CN9\Capstone\uni-club\node_modules\.pnpm\jsdom@20.0.3\node_modules\jsdom\lib\jsdom\living\generated\EventListener.js:26:30)
            at innerInvokeEventListeners (D:\AnhTri\Chuyen_Nganh\CN9\Capstone\uni-club\node_modules\.pnpm\jsdom@20.0.3\node_modules\jsdom\lib\jsdom\living\events\EventTarget-impl.js:350:25)
            at invokeEventListeners (D:\AnhTri\Chuyen_Nganh\CN9\Capstone\uni-club\node_modules\.pnpm\jsdom@20.0.3\node_modules\jsdom\lib\jsdom\living\events\EventTarget-impl.js:286:3)
            at HTMLUnknownElementImpl._dispatch (D:\AnhTri\Chuyen_Nganh\CN9\Capstone\uni-club\node_modules\.pnpm\jsdom@20.0.3\node_modules\jsdom\lib\jsdom\living\events\EventTarget-impl.js:233:9)
            at HTMLUnknownElementImpl.dispatchEvent (D:\AnhTri\Chuyen_Nganh\CN9\Capstone\uni-club\node_modules\.pnpm\jsdom@20.0.3\node_modules\jsdom\lib\jsdom\living\events\EventTarget-impl.js:104:17)
            at HTMLUnknownElement.dispatchEvent (D:\AnhTri\Chuyen_Nganh\CN9\Capstone\uni-club\node_modules\.pnpm\jsdom@20.0.3\node_modules\jsdom\lib\jsdom\living\generated\EventTarget.js:241:34)
            at Object.invokeGuardedCallbackDev (D:\AnhTri\Chuyen_Nganh\CN9\Capstone\uni-club\node_modules\.pnpm\react-dom@18.3.1_react@18.3.1\node_modules\react-dom\cjs\react-dom.development.js:4213:16)
            at invokeGuardedCallback (D:\AnhTri\Chuyen_Nganh\CN9\Capstone\uni-club\node_modules\.pnpm\react-dom@18.3.1_react@18.3.1\node_modules\react-dom\cjs\react-dom.development.js:4277:31)
            at beginWork$1 (D:\AnhTri\Chuyen_Nganh\CN9\Capstone\uni-club\node_modules\.pnpm\react-dom@18.3.1_react@18.3.1\node_modules\react-dom\cjs\react-dom.development.js:27490:7)
            at performUnitOfWork (D:\AnhTri\Chuyen_Nganh\CN9\Capstone\uni-club\node_modules\.pnpm\react-dom@18.3.1_react@18.3.1\node_modules\react-dom\cjs\react-dom.development.js:26599:12)
            at workLoopSync (D:\AnhTri\Chuyen_Nganh\CN9\Capstone\uni-club\node_modules\.pnpm\react-dom@18.3.1_react@18.3.1\node_modules\react-dom\cjs\react-dom.development.js:26505:5)
            at renderRootSync (D:\AnhTri\Chuyen_Nganh\CN9\Capstone\uni-club\node_modules\.pnpm\react-dom@18.3.1_react@18.3.1\node_modules\react-dom\cjs\react-dom.development.js:26473:7)
            at performConcurrentWorkOnRoot (D:\AnhTri\Chuyen_Nganh\CN9\Capstone\uni-club\node_modules\.pnpm\react-dom@18.3.1_react@18.3.1\node_modules\react-dom\cjs\react-dom.development.js:25777:74)
            at flushActQueue (D:\AnhTri\Chuyen_Nganh\CN9\Capstone\uni-club\node_modules\.pnpm\react@18.3.1\node_modules\react\cjs\react.development.js:2667:24)
            at act (D:\AnhTri\Chuyen_Nganh\CN9\Capstone\uni-club\node_modules\.pnpm\react@18.3.1\node_modules\react\cjs\react.development.js:2582:11)
            at D:\AnhTri\Chuyen_Nganh\CN9\Capstone\uni-club\node_modules\.pnpm\@testing-library+react@14.3_f87cc36fb81efefb9e092b092e2536a9\node_modules\@testing-library\react\dist\act-compat.js:47:25
            at renderRoot (D:\AnhTri\Chuyen_Nganh\CN9\Capstone\uni-club\node_modules\.pnpm\@testing-library+react@14.3_f87cc36fb81efefb9e092b092e2536a9\node_modules\@testing-library\react\dist\pure.js:180:26)
            at render (D:\AnhTri\Chuyen_Nganh\CN9\Capstone\uni-club\node_modules\.pnpm\@testing-library+react@14.3_f87cc36fb81efefb9e092b092e2536a9\node_modules\@testing-library\react\dist\pure.js:271:10)
            at Object.<anonymous> (D:\AnhTri\Chuyen_Nganh\CN9\Capstone\uni-club\__tests__\components\empty-state.test.tsx:30:11)
            at Promise.then.completed (D:\AnhTri\Chuyen_Nganh\CN9\Capstone\uni-club\node_modules\.pnpm\jest-circus@29.7.0\node_modules\jest-circus\build\utils.js:298:28)
            at new Promise (<anonymous>)
            at callAsyncCircusFn (D:\AnhTri\Chuyen_Nganh\CN9\Capstone\uni-club\node_modules\.pnpm\jest-circus@29.7.0\node_modules\jest-circus\build\utils.js:231:10)
            at _callCircusTest (D:\AnhTri\Chuyen_Nganh\CN9\Capstone\uni-club\node_modules\.pnpm\jest-circus@29.7.0\node_modules\jest-circus\build\run.js:316:40)
            at processTicksAndRejections (node:internal/process/task_queues:105:5)
            at _runTest (D:\AnhTri\Chuyen_Nganh\CN9\Capstone\uni-club\node_modules\.pnpm\jest-circus@29.7.0\node_modules\jest-circus\build\run.js:252:3)
            at _runTestsForDescribeBlock (D:\AnhTri\Chuyen_Nganh\CN9\Capstone\uni-club\node_modules\.pnpm\jest-circus@29.7.0\node_modules\jest-circus\build\run.js:126:9)
            at _runTestsForDescribeBlock (D:\AnhTri\Chuyen_Nganh\CN9\Capstone\uni-club\node_modules\.pnpm\jest-circus@29.7.0\node_modules\jest-circus\build\run.js:121:9)
            at run (D:\AnhTri\Chuyen_Nganh\CN9\Capstone\uni-club\node_modules\.pnpm\jest-circus@29.7.0\node_modules\jest-circus\build\run.js:71:3)
            at runAndTransformResultsToJestFormat (D:\AnhTri\Chuyen_Nganh\CN9\Capstone\uni-club\node_modules\.pnpm\jest-circus@29.7.0\node_modules\jest-circus\build\legacy-code-todo-rewrite\jestAdapterInit.js:122:21)
            at jestAdapter (D:\AnhTri\Chuyen_Nganh\CN9\Capstone\uni-club\node_modules\.pnpm\jest-circus@29.7.0\node_modules\jest-circus\build\legacy-code-todo-rewrite\jestAdapter.js:79:19)
            at runTestInternal (D:\AnhTri\Chuyen_Nganh\CN9\Capstone\uni-club\node_modules\.pnpm\jest-runner@29.7.0\node_modules\jest-runner\build\runTest.js:367:16)
            at runTest (D:\AnhTri\Chuyen_Nganh\CN9\Capstone\uni-club\node_modules\.pnpm\jest-runner@29.7.0\node_modules\jest-runner\build\runTest.js:444:34)
            at Object.worker (D:\AnhTri\Chuyen_Nganh\CN9\Capstone\uni-club\node_modules\.pnpm\jest-runner@29.7.0\node_modules\jest-runner\build\testWorker.js:106:12),
        type: 'unhandled exception'
      }

      28 |
      29 |   it('should render without description', () => {
    > 30 |     render(<EmptyState title="Empty" />)
         |           ^
      31 |
      32 |     expect(screen.getByText(/empty/i)).toBeInTheDocument()
      33 |     expect(screen.queryByRole('paragraph')).not.toBeInTheDocument()

      at VirtualConsole.<anonymous> (node_modules/.pnpm/jest-environment-jsdom@29.7.0/node_modules/jest-environment-jsdom/build/index.js:63:23)
      at reportException (node_modules/.pnpm/jsdom@20.0.3/node_modules/jsdom/lib/jsdom/living/helpers/runtime-script-errors.js:70:28)
      at innerInvokeEventListeners (node_modules/.pnpm/jsdom@20.0.3/node_modules/jsdom/lib/jsdom/living/events/EventTarget-impl.js:353:9)
      at invokeEventListeners (node_modules/.pnpm/jsdom@20.0.3/node_modules/jsdom/lib/jsdom/living/events/EventTarget-impl.js:286:3)
      at HTMLUnknownElementImpl._dispatch (node_modules/.pnpm/jsdom@20.0.3/node_modules/jsdom/lib/jsdom/living/events/EventTarget-impl.js:233:9)
      at HTMLUnknownElementImpl.dispatchEvent (node_modules/.pnpm/jsdom@20.0.3/node_modules/jsdom/lib/jsdom/living/events/EventTarget-impl.js:104:17)
      at HTMLUnknownElement.dispatchEvent (node_modules/.pnpm/jsdom@20.0.3/node_modules/jsdom/lib/jsdom/living/generated/EventTarget.js:241:34)
      at Object.invokeGuardedCallbackDev (node_modules/.pnpm/react-dom@18.3.1_react@18.3.1/node_modules/react-dom/cjs/react-dom.development.js:4213:16)
      at invokeGuardedCallback (node_modules/.pnpm/react-dom@18.3.1_react@18.3.1/node_modules/react-dom/cjs/react-dom.development.js:4277:31)
      at beginWork$1 (node_modules/.pnpm/react-dom@18.3.1_react@18.3.1/node_modules/react-dom/cjs/react-dom.development.js:27490:7)
      at performUnitOfWork (node_modules/.pnpm/react-dom@18.3.1_react@18.3.1/node_modules/react-dom/cjs/react-dom.development.js:26599:12)
      at workLoopSync (node_modules/.pnpm/react-dom@18.3.1_react@18.3.1/node_modules/react-dom/cjs/react-dom.development.js:26505:5)
      at renderRootSync (node_modules/.pnpm/react-dom@18.3.1_react@18.3.1/node_modules/react-dom/cjs/react-dom.development.js:26473:7)
      at performConcurrentWorkOnRoot (node_modules/.pnpm/react-dom@18.3.1_react@18.3.1/node_modules/react-dom/cjs/react-dom.development.js:25777:74)
      at flushActQueue (node_modules/.pnpm/react@18.3.1/node_modules/react/cjs/react.development.js:2667:24)
      at act (node_modules/.pnpm/react@18.3.1/node_modules/react/cjs/react.development.js:2582:11)
      at node_modules/.pnpm/@testing-library+react@14.3_f87cc36fb81efefb9e092b092e2536a9/node_modules/@testing-library/react/dist/act-compat.js:47:25
      at renderRoot (node_modules/.pnpm/@testing-library+react@14.3_f87cc36fb81efefb9e092b092e2536a9/node_modules/@testing-library/react/dist/pure.js:180:26)
      at render (node_modules/.pnpm/@testing-library+react@14.3_f87cc36fb81efefb9e092b092e2536a9/node_modules/@testing-library/react/dist/pure.js:271:10)
      at Object.<anonymous> (__tests__/components/empty-state.test.tsx:30:11)

    console.error
      Warning: React.jsx: type is invalid -- expected a string (for built-in components) or a class/function (for composite components) but got: undefined. You likely forgot to export your component from the file it's defined in, or you might have mixed up default and named imports.
      
      Check the render method of `EmptyState`.
          at Icon (D:\AnhTri\Chuyen_Nganh\CN9\Capstone\uni-club\components\empty-state.tsx:17:36)

      19 |     <Card className="border-dashed">
      20 |       <CardContent className="flex flex-col items-center justify-center py-12 text-center">
    > 21 |         <Icon className="h-12 w-12 text-muted-foreground mb-4" />
         |         ^
      22 |         <h3 className="text-lg font-semibold mb-2">{title}</h3>
      23 |         <p className="text-muted-foreground mb-4 max-w-sm">{description}</p>
      24 |         {action && <Button onClick={action.onClick}>{action.label}</Button>}

      at printWarning (node_modules/.pnpm/react@18.3.1/node_modules/react/cjs/react-jsx-runtime.development.js:87:30)
      at error (node_modules/.pnpm/react@18.3.1/node_modules/react/cjs/react-jsx-runtime.development.js:61:7)
      at jsxWithValidation (node_modules/.pnpm/react@18.3.1/node_modules/react/cjs/react-jsx-runtime.development.js:1245:7)
      at jsxWithValidationDynamic (node_modules/.pnpm/react@18.3.1/node_modules/react/cjs/react-jsx-runtime.development.js:1320:12)
      at EmptyState (components/empty-state.tsx:21:9)
      at renderWithHooks (node_modules/.pnpm/react-dom@18.3.1_react@18.3.1/node_modules/react-dom/cjs/react-dom.development.js:15486:18)
      at mountIndeterminateComponent (node_modules/.pnpm/react-dom@18.3.1_react@18.3.1/node_modules/react-dom/cjs/react-dom.development.js:20103:13)
      at beginWork (node_modules/.pnpm/react-dom@18.3.1_react@18.3.1/node_modules/react-dom/cjs/react-dom.development.js:21626:16)
      at beginWork$1 (node_modules/.pnpm/react-dom@18.3.1_react@18.3.1/node_modules/react-dom/cjs/react-dom.development.js:27465:14)
      at performUnitOfWork (node_modules/.pnpm/react-dom@18.3.1_react@18.3.1/node_modules/react-dom/cjs/react-dom.development.js:26599:12)
      at workLoopSync (node_modules/.pnpm/react-dom@18.3.1_react@18.3.1/node_modules/react-dom/cjs/react-dom.development.js:26505:5)
      at renderRootSync (node_modules/.pnpm/react-dom@18.3.1_react@18.3.1/node_modules/react-dom/cjs/react-dom.development.js:26473:7)
      at recoverFromConcurrentError (node_modules/.pnpm/react-dom@18.3.1_react@18.3.1/node_modules/react-dom/cjs/react-dom.development.js:25889:20)
      at performConcurrentWorkOnRoot (node_modules/.pnpm/react-dom@18.3.1_react@18.3.1/node_modules/react-dom/cjs/react-dom.development.js:25789:22)
      at flushActQueue (node_modules/.pnpm/react@18.3.1/node_modules/react/cjs/react.development.js:2667:24)
      at act (node_modules/.pnpm/react@18.3.1/node_modules/react/cjs/react.development.js:2582:11)
      at node_modules/.pnpm/@testing-library+react@14.3_f87cc36fb81efefb9e092b092e2536a9/node_modules/@testing-library/react/dist/act-compat.js:47:25
      at renderRoot (node_modules/.pnpm/@testing-library+react@14.3_f87cc36fb81efefb9e092b092e2536a9/node_modules/@testing-library/react/dist/pure.js:180:26)
      at render (node_modules/.pnpm/@testing-library+react@14.3_f87cc36fb81efefb9e092b092e2536a9/node_modules/@testing-library/react/dist/pure.js:271:10)
      at Object.<anonymous> (__tests__/components/empty-state.test.tsx:30:11)

    console.error
      Error: Uncaught [Error: Element type is invalid: expected a string (for built-in components) or a class/function (for composite components) but got: undefined. You likely forgot to export your component from the file it's defined in, or you might have mixed up default and named imports.
      
      Check the render method of `EmptyState`.]
          at reportException (D:\AnhTri\Chuyen_Nganh\CN9\Capstone\uni-club\node_modules\.pnpm\jsdom@20.0.3\node_modules\jsdom\lib\jsdom\living\helpers\runtime-script-errors.js:66:24)
          at innerInvokeEventListeners (D:\AnhTri\Chuyen_Nganh\CN9\Capstone\uni-club\node_modules\.pnpm\jsdom@20.0.3\node_modules\jsdom\lib\jsdom\living\events\EventTarget-impl.js:353:9)
          at invokeEventListeners (D:\AnhTri\Chuyen_Nganh\CN9\Capstone\uni-club\node_modules\.pnpm\jsdom@20.0.3\node_modules\jsdom\lib\jsdom\living\events\EventTarget-impl.js:286:3)
          at HTMLUnknownElementImpl._dispatch (D:\AnhTri\Chuyen_Nganh\CN9\Capstone\uni-club\node_modules\.pnpm\jsdom@20.0.3\node_modules\jsdom\lib\jsdom\living\events\EventTarget-impl.js:233:9)
          at HTMLUnknownElementImpl.dispatchEvent (D:\AnhTri\Chuyen_Nganh\CN9\Capstone\uni-club\node_modules\.pnpm\jsdom@20.0.3\node_modules\jsdom\lib\jsdom\living\events\EventTarget-impl.js:104:17)
          at HTMLUnknownElement.dispatchEvent (D:\AnhTri\Chuyen_Nganh\CN9\Capstone\uni-club\node_modules\.pnpm\jsdom@20.0.3\node_modules\jsdom\lib\jsdom\living\generated\EventTarget.js:241:34)
          at Object.invokeGuardedCallbackDev (D:\AnhTri\Chuyen_Nganh\CN9\Capstone\uni-club\node_modules\.pnpm\react-dom@18.3.1_react@18.3.1\node_modules\react-dom\cjs\react-dom.development.js:4213:16)
          at invokeGuardedCallback (D:\AnhTri\Chuyen_Nganh\CN9\Capstone\uni-club\node_modules\.pnpm\react-dom@18.3.1_react@18.3.1\node_modules\react-dom\cjs\react-dom.development.js:4277:31)
          at beginWork$1 (D:\AnhTri\Chuyen_Nganh\CN9\Capstone\uni-club\node_modules\.pnpm\react-dom@18.3.1_react@18.3.1\node_modules\react-dom\cjs\react-dom.development.js:27490:7)
          at performUnitOfWork (D:\AnhTri\Chuyen_Nganh\CN9\Capstone\uni-club\node_modules\.pnpm\react-dom@18.3.1_react@18.3.1\node_modules\react-dom\cjs\react-dom.development.js:26599:12)
          at workLoopSync (D:\AnhTri\Chuyen_Nganh\CN9\Capstone\uni-club\node_modules\.pnpm\react-dom@18.3.1_react@18.3.1\node_modules\react-dom\cjs\react-dom.development.js:26505:5)
          at renderRootSync (D:\AnhTri\Chuyen_Nganh\CN9\Capstone\uni-club\node_modules\.pnpm\react-dom@18.3.1_react@18.3.1\node_modules\react-dom\cjs\react-dom.development.js:26473:7)
          at recoverFromConcurrentError (D:\AnhTri\Chuyen_Nganh\CN9\Capstone\uni-club\node_modules\.pnpm\react-dom@18.3.1_react@18.3.1\node_modules\react-dom\cjs\react-dom.development.js:25889:20)
          at performConcurrentWorkOnRoot (D:\AnhTri\Chuyen_Nganh\CN9\Capstone\uni-club\node_modules\.pnpm\react-dom@18.3.1_react@18.3.1\node_modules\react-dom\cjs\react-dom.development.js:25789:22)
          at flushActQueue (D:\AnhTri\Chuyen_Nganh\CN9\Capstone\uni-club\node_modules\.pnpm\react@18.3.1\node_modules\react\cjs\react.development.js:2667:24)
          at act (D:\AnhTri\Chuyen_Nganh\CN9\Capstone\uni-club\node_modules\.pnpm\react@18.3.1\node_modules\react\cjs\react.development.js:2582:11)
          at D:\AnhTri\Chuyen_Nganh\CN9\Capstone\uni-club\node_modules\.pnpm\@testing-library+react@14.3_f87cc36fb81efefb9e092b092e2536a9\node_modules\@testing-library\react\dist\act-compat.js:47:25
          at renderRoot (D:\AnhTri\Chuyen_Nganh\CN9\Capstone\uni-club\node_modules\.pnpm\@testing-library+react@14.3_f87cc36fb81efefb9e092b092e2536a9\node_modules\@testing-library\react\dist\pure.js:180:26)
          at render (D:\AnhTri\Chuyen_Nganh\CN9\Capstone\uni-club\node_modules\.pnpm\@testing-library+react@14.3_f87cc36fb81efefb9e092b092e2536a9\node_modules\@testing-library\react\dist\pure.js:271:10)
          at Object.<anonymous> (D:\AnhTri\Chuyen_Nganh\CN9\Capstone\uni-club\__tests__\components\empty-state.test.tsx:30:11)
          at Promise.then.completed (D:\AnhTri\Chuyen_Nganh\CN9\Capstone\uni-club\node_modules\.pnpm\jest-circus@29.7.0\node_modules\jest-circus\build\utils.js:298:28)
          at new Promise (<anonymous>)
          at callAsyncCircusFn (D:\AnhTri\Chuyen_Nganh\CN9\Capstone\uni-club\node_modules\.pnpm\jest-circus@29.7.0\node_modules\jest-circus\build\utils.js:231:10)
          at _callCircusTest (D:\AnhTri\Chuyen_Nganh\CN9\Capstone\uni-club\node_modules\.pnpm\jest-circus@29.7.0\node_modules\jest-circus\build\run.js:316:40)
          at processTicksAndRejections (node:internal/process/task_queues:105:5)
          at _runTest (D:\AnhTri\Chuyen_Nganh\CN9\Capstone\uni-club\node_modules\.pnpm\jest-circus@29.7.0\node_modules\jest-circus\build\run.js:252:3)
          at _runTestsForDescribeBlock (D:\AnhTri\Chuyen_Nganh\CN9\Capstone\uni-club\node_modules\.pnpm\jest-circus@29.7.0\node_modules\jest-circus\build\run.js:126:9)
          at _runTestsForDescribeBlock (D:\AnhTri\Chuyen_Nganh\CN9\Capstone\uni-club\node_modules\.pnpm\jest-circus@29.7.0\node_modules\jest-circus\build\run.js:121:9)
          at run (D:\AnhTri\Chuyen_Nganh\CN9\Capstone\uni-club\node_modules\.pnpm\jest-circus@29.7.0\node_modules\jest-circus\build\run.js:71:3)
          at runAndTransformResultsToJestFormat (D:\AnhTri\Chuyen_Nganh\CN9\Capstone\uni-club\node_modules\.pnpm\jest-circus@29.7.0\node_modules\jest-circus\build\legacy-code-todo-rewrite\jestAdapterInit.js:122:21)
          at jestAdapter (D:\AnhTri\Chuyen_Nganh\CN9\Capstone\uni-club\node_modules\.pnpm\jest-circus@29.7.0\node_modules\jest-circus\build\legacy-code-todo-rewrite\jestAdapter.js:79:19)
          at runTestInternal (D:\AnhTri\Chuyen_Nganh\CN9\Capstone\uni-club\node_modules\.pnpm\jest-runner@29.7.0\node_modules\jest-runner\build\runTest.js:367:16)
          at runTest (D:\AnhTri\Chuyen_Nganh\CN9\Capstone\uni-club\node_modules\.pnpm\jest-runner@29.7.0\node_modules\jest-runner\build\runTest.js:444:34)
          at Object.worker (D:\AnhTri\Chuyen_Nganh\CN9\Capstone\uni-club\node_modules\.pnpm\jest-runner@29.7.0\node_modules\jest-runner\build\testWorker.js:106:12) {
        detail: Error: Element type is invalid: expected a string (for built-in components) or a class/function (for composite components) but got: undefined. You likely forgot to export your component from the file it's defined in, or you might have mixed up default and named imports.
        
        Check the render method of `EmptyState`.
            at createFiberFromTypeAndProps (D:\AnhTri\Chuyen_Nganh\CN9\Capstone\uni-club\node_modules\.pnpm\react-dom@18.3.1_react@18.3.1\node_modules\react-dom\cjs\react-dom.development.js:28478:17)
            at createFiberFromElement (D:\AnhTri\Chuyen_Nganh\CN9\Capstone\uni-club\node_modules\.pnpm\react-dom@18.3.1_react@18.3.1\node_modules\react-dom\cjs\react-dom.development.js:28504:15)
            at createChild (D:\AnhTri\Chuyen_Nganh\CN9\Capstone\uni-club\node_modules\.pnpm\react-dom@18.3.1_react@18.3.1\node_modules\react-dom\cjs\react-dom.development.js:13345:28)
            at reconcileChildrenArray (D:\AnhTri\Chuyen_Nganh\CN9\Capstone\uni-club\node_modules\.pnpm\react-dom@18.3.1_react@18.3.1\node_modules\react-dom\cjs\react-dom.development.js:13640:25)
            at reconcileChildFibers (D:\AnhTri\Chuyen_Nganh\CN9\Capstone\uni-club\node_modules\.pnpm\react-dom@18.3.1_react@18.3.1\node_modules\react-dom\cjs\react-dom.development.js:14057:16)
            at reconcileChildren (D:\AnhTri\Chuyen_Nganh\CN9\Capstone\uni-club\node_modules\.pnpm\react-dom@18.3.1_react@18.3.1\node_modules\react-dom\cjs\react-dom.development.js:19186:28)
            at updateHostComponent (D:\AnhTri\Chuyen_Nganh\CN9\Capstone\uni-club\node_modules\.pnpm\react-dom@18.3.1_react@18.3.1\node_modules\react-dom\cjs\react-dom.development.js:19953:3)
            at beginWork (D:\AnhTri\Chuyen_Nganh\CN9\Capstone\uni-club\node_modules\.pnpm\react-dom@18.3.1_react@18.3.1\node_modules\react-dom\cjs\react-dom.development.js:21657:14)
            at HTMLUnknownElement.callCallback (D:\AnhTri\Chuyen_Nganh\CN9\Capstone\uni-club\node_modules\.pnpm\react-dom@18.3.1_react@18.3.1\node_modules\react-dom\cjs\react-dom.development.js:4164:14)
            at HTMLUnknownElement.callTheUserObjectsOperation (D:\AnhTri\Chuyen_Nganh\CN9\Capstone\uni-club\node_modules\.pnpm\jsdom@20.0.3\node_modules\jsdom\lib\jsdom\living\generated\EventListener.js:26:30)
            at innerInvokeEventListeners (D:\AnhTri\Chuyen_Nganh\CN9\Capstone\uni-club\node_modules\.pnpm\jsdom@20.0.3\node_modules\jsdom\lib\jsdom\living\events\EventTarget-impl.js:350:25)
            at invokeEventListeners (D:\AnhTri\Chuyen_Nganh\CN9\Capstone\uni-club\node_modules\.pnpm\jsdom@20.0.3\node_modules\jsdom\lib\jsdom\living\events\EventTarget-impl.js:286:3)
            at HTMLUnknownElementImpl._dispatch (D:\AnhTri\Chuyen_Nganh\CN9\Capstone\uni-club\node_modules\.pnpm\jsdom@20.0.3\node_modules\jsdom\lib\jsdom\living\events\EventTarget-impl.js:233:9)
            at HTMLUnknownElementImpl.dispatchEvent (D:\AnhTri\Chuyen_Nganh\CN9\Capstone\uni-club\node_modules\.pnpm\jsdom@20.0.3\node_modules\jsdom\lib\jsdom\living\events\EventTarget-impl.js:104:17)
            at HTMLUnknownElement.dispatchEvent (D:\AnhTri\Chuyen_Nganh\CN9\Capstone\uni-club\node_modules\.pnpm\jsdom@20.0.3\node_modules\jsdom\lib\jsdom\living\generated\EventTarget.js:241:34)
            at Object.invokeGuardedCallbackDev (D:\AnhTri\Chuyen_Nganh\CN9\Capstone\uni-club\node_modules\.pnpm\react-dom@18.3.1_react@18.3.1\node_modules\react-dom\cjs\react-dom.development.js:4213:16)
            at invokeGuardedCallback (D:\AnhTri\Chuyen_Nganh\CN9\Capstone\uni-club\node_modules\.pnpm\react-dom@18.3.1_react@18.3.1\node_modules\react-dom\cjs\react-dom.development.js:4277:31)
            at beginWork$1 (D:\AnhTri\Chuyen_Nganh\CN9\Capstone\uni-club\node_modules\.pnpm\react-dom@18.3.1_react@18.3.1\node_modules\react-dom\cjs\react-dom.development.js:27490:7)
            at performUnitOfWork (D:\AnhTri\Chuyen_Nganh\CN9\Capstone\uni-club\node_modules\.pnpm\react-dom@18.3.1_react@18.3.1\node_modules\react-dom\cjs\react-dom.development.js:26599:12)
            at workLoopSync (D:\AnhTri\Chuyen_Nganh\CN9\Capstone\uni-club\node_modules\.pnpm\react-dom@18.3.1_react@18.3.1\node_modules\react-dom\cjs\react-dom.development.js:26505:5)
            at renderRootSync (D:\AnhTri\Chuyen_Nganh\CN9\Capstone\uni-club\node_modules\.pnpm\react-dom@18.3.1_react@18.3.1\node_modules\react-dom\cjs\react-dom.development.js:26473:7)
            at recoverFromConcurrentError (D:\AnhTri\Chuyen_Nganh\CN9\Capstone\uni-club\node_modules\.pnpm\react-dom@18.3.1_react@18.3.1\node_modules\react-dom\cjs\react-dom.development.js:25889:20)
            at performConcurrentWorkOnRoot (D:\AnhTri\Chuyen_Nganh\CN9\Capstone\uni-club\node_modules\.pnpm\react-dom@18.3.1_react@18.3.1\node_modules\react-dom\cjs\react-dom.development.js:25789:22)
            at flushActQueue (D:\AnhTri\Chuyen_Nganh\CN9\Capstone\uni-club\node_modules\.pnpm\react@18.3.1\node_modules\react\cjs\react.development.js:2667:24)
            at act (D:\AnhTri\Chuyen_Nganh\CN9\Capstone\uni-club\node_modules\.pnpm\react@18.3.1\node_modules\react\cjs\react.development.js:2582:11)
            at D:\AnhTri\Chuyen_Nganh\CN9\Capstone\uni-club\node_modules\.pnpm\@testing-library+react@14.3_f87cc36fb81efefb9e092b092e2536a9\node_modules\@testing-library\react\dist\act-compat.js:47:25
            at renderRoot (D:\AnhTri\Chuyen_Nganh\CN9\Capstone\uni-club\node_modules\.pnpm\@testing-library+react@14.3_f87cc36fb81efefb9e092b092e2536a9\node_modules\@testing-library\react\dist\pure.js:180:26)
            at render (D:\AnhTri\Chuyen_Nganh\CN9\Capstone\uni-club\node_modules\.pnpm\@testing-library+react@14.3_f87cc36fb81efefb9e092b092e2536a9\node_modules\@testing-library\react\dist\pure.js:271:10)
            at Object.<anonymous> (D:\AnhTri\Chuyen_Nganh\CN9\Capstone\uni-club\__tests__\components\empty-state.test.tsx:30:11)
            at Promise.then.completed (D:\AnhTri\Chuyen_Nganh\CN9\Capstone\uni-club\node_modules\.pnpm\jest-circus@29.7.0\node_modules\jest-circus\build\utils.js:298:28)
            at new Promise (<anonymous>)
            at callAsyncCircusFn (D:\AnhTri\Chuyen_Nganh\CN9\Capstone\uni-club\node_modules\.pnpm\jest-circus@29.7.0\node_modules\jest-circus\build\utils.js:231:10)
            at _callCircusTest (D:\AnhTri\Chuyen_Nganh\CN9\Capstone\uni-club\node_modules\.pnpm\jest-circus@29.7.0\node_modules\jest-circus\build\run.js:316:40)
            at processTicksAndRejections (node:internal/process/task_queues:105:5)
            at _runTest (D:\AnhTri\Chuyen_Nganh\CN9\Capstone\uni-club\node_modules\.pnpm\jest-circus@29.7.0\node_modules\jest-circus\build\run.js:252:3)
            at _runTestsForDescribeBlock (D:\AnhTri\Chuyen_Nganh\CN9\Capstone\uni-club\node_modules\.pnpm\jest-circus@29.7.0\node_modules\jest-circus\build\run.js:126:9)
            at _runTestsForDescribeBlock (D:\AnhTri\Chuyen_Nganh\CN9\Capstone\uni-club\node_modules\.pnpm\jest-circus@29.7.0\node_modules\jest-circus\build\run.js:121:9)
            at run (D:\AnhTri\Chuyen_Nganh\CN9\Capstone\uni-club\node_modules\.pnpm\jest-circus@29.7.0\node_modules\jest-circus\build\run.js:71:3)
            at runAndTransformResultsToJestFormat (D:\AnhTri\Chuyen_Nganh\CN9\Capstone\uni-club\node_modules\.pnpm\jest-circus@29.7.0\node_modules\jest-circus\build\legacy-code-todo-rewrite\jestAdapterInit.js:122:21)
            at jestAdapter (D:\AnhTri\Chuyen_Nganh\CN9\Capstone\uni-club\node_modules\.pnpm\jest-circus@29.7.0\node_modules\jest-circus\build\legacy-code-todo-rewrite\jestAdapter.js:79:19)
            at runTestInternal (D:\AnhTri\Chuyen_Nganh\CN9\Capstone\uni-club\node_modules\.pnpm\jest-runner@29.7.0\node_modules\jest-runner\build\runTest.js:367:16)
            at runTest (D:\AnhTri\Chuyen_Nganh\CN9\Capstone\uni-club\node_modules\.pnpm\jest-runner@29.7.0\node_modules\jest-runner\build\runTest.js:444:34)
            at Object.worker (D:\AnhTri\Chuyen_Nganh\CN9\Capstone\uni-club\node_modules\.pnpm\jest-runner@29.7.0\node_modules\jest-runner\build\testWorker.js:106:12),
        type: 'unhandled exception'
      }

      28 |
      29 |   it('should render without description', () => {
    > 30 |     render(<EmptyState title="Empty" />)
         |           ^
      31 |
      32 |     expect(screen.getByText(/empty/i)).toBeInTheDocument()
      33 |     expect(screen.queryByRole('paragraph')).not.toBeInTheDocument()

      at VirtualConsole.<anonymous> (node_modules/.pnpm/jest-environment-jsdom@29.7.0/node_modules/jest-environment-jsdom/build/index.js:63:23)
      at reportException (node_modules/.pnpm/jsdom@20.0.3/node_modules/jsdom/lib/jsdom/living/helpers/runtime-script-errors.js:70:28)
      at innerInvokeEventListeners (node_modules/.pnpm/jsdom@20.0.3/node_modules/jsdom/lib/jsdom/living/events/EventTarget-impl.js:353:9)
      at invokeEventListeners (node_modules/.pnpm/jsdom@20.0.3/node_modules/jsdom/lib/jsdom/living/events/EventTarget-impl.js:286:3)
      at HTMLUnknownElementImpl._dispatch (node_modules/.pnpm/jsdom@20.0.3/node_modules/jsdom/lib/jsdom/living/events/EventTarget-impl.js:233:9)
      at HTMLUnknownElementImpl.dispatchEvent (node_modules/.pnpm/jsdom@20.0.3/node_modules/jsdom/lib/jsdom/living/events/EventTarget-impl.js:104:17)
      at HTMLUnknownElement.dispatchEvent (node_modules/.pnpm/jsdom@20.0.3/node_modules/jsdom/lib/jsdom/living/generated/EventTarget.js:241:34)
      at Object.invokeGuardedCallbackDev (node_modules/.pnpm/react-dom@18.3.1_react@18.3.1/node_modules/react-dom/cjs/react-dom.development.js:4213:16)
      at invokeGuardedCallback (node_modules/.pnpm/react-dom@18.3.1_react@18.3.1/node_modules/react-dom/cjs/react-dom.development.js:4277:31)
      at beginWork$1 (node_modules/.pnpm/react-dom@18.3.1_react@18.3.1/node_modules/react-dom/cjs/react-dom.development.js:27490:7)
      at performUnitOfWork (node_modules/.pnpm/react-dom@18.3.1_react@18.3.1/node_modules/react-dom/cjs/react-dom.development.js:26599:12)
      at workLoopSync (node_modules/.pnpm/react-dom@18.3.1_react@18.3.1/node_modules/react-dom/cjs/react-dom.development.js:26505:5)
      at renderRootSync (node_modules/.pnpm/react-dom@18.3.1_react@18.3.1/node_modules/react-dom/cjs/react-dom.development.js:26473:7)
      at recoverFromConcurrentError (node_modules/.pnpm/react-dom@18.3.1_react@18.3.1/node_modules/react-dom/cjs/react-dom.development.js:25889:20)
      at performConcurrentWorkOnRoot (node_modules/.pnpm/react-dom@18.3.1_react@18.3.1/node_modules/react-dom/cjs/react-dom.development.js:25789:22)
      at flushActQueue (node_modules/.pnpm/react@18.3.1/node_modules/react/cjs/react.development.js:2667:24)
      at act (node_modules/.pnpm/react@18.3.1/node_modules/react/cjs/react.development.js:2582:11)
      at node_modules/.pnpm/@testing-library+react@14.3_f87cc36fb81efefb9e092b092e2536a9/node_modules/@testing-library/react/dist/act-compat.js:47:25
      at renderRoot (node_modules/.pnpm/@testing-library+react@14.3_f87cc36fb81efefb9e092b092e2536a9/node_modules/@testing-library/react/dist/pure.js:180:26)
      at render (node_modules/.pnpm/@testing-library+react@14.3_f87cc36fb81efefb9e092b092e2536a9/node_modules/@testing-library/react/dist/pure.js:271:10)
      at Object.<anonymous> (__tests__/components/empty-state.test.tsx:30:11)

    console.error
      The above error occurred in the <div> component:
      
          at div
          at className (D:\AnhTri\Chuyen_Nganh\CN9\Capstone\uni-club\components\ui\card.tsx:64:24)
          at div
          at className (D:\AnhTri\Chuyen_Nganh\CN9\Capstone\uni-club\components\ui\card.tsx:5:17)
          at Icon (D:\AnhTri\Chuyen_Nganh\CN9\Capstone\uni-club\components\empty-state.tsx:17:36)
      
      Consider adding an error boundary to your tree to customize error handling behavior.
      Visit https://reactjs.org/link/error-boundaries to learn more about error boundaries.

      28 |
      29 |   it('should render without description', () => {
    > 30 |     render(<EmptyState title="Empty" />)
         |           ^
      31 |
      32 |     expect(screen.getByText(/empty/i)).toBeInTheDocument()
      33 |     expect(screen.queryByRole('paragraph')).not.toBeInTheDocument()

      at logCapturedError (node_modules/.pnpm/react-dom@18.3.1_react@18.3.1/node_modules/react-dom/cjs/react-dom.development.js:18704:23)
      at update.callback (node_modules/.pnpm/react-dom@18.3.1_react@18.3.1/node_modules/react-dom/cjs/react-dom.development.js:18737:5)
      at callCallback (node_modules/.pnpm/react-dom@18.3.1_react@18.3.1/node_modules/react-dom/cjs/react-dom.development.js:15036:12)
      at commitUpdateQueue (node_modules/.pnpm/react-dom@18.3.1_react@18.3.1/node_modules/react-dom/cjs/react-dom.development.js:15057:9)
      at commitLayoutEffectOnFiber (node_modules/.pnpm/react-dom@18.3.1_react@18.3.1/node_modules/react-dom/cjs/react-dom.development.js:23430:13)
      at commitLayoutMountEffects_complete (node_modules/.pnpm/react-dom@18.3.1_react@18.3.1/node_modules/react-dom/cjs/react-dom.development.js:24727:9)
      at commitLayoutEffects_begin (node_modules/.pnpm/react-dom@18.3.1_react@18.3.1/node_modules/react-dom/cjs/react-dom.development.js:24713:7)
      at commitLayoutEffects (node_modules/.pnpm/react-dom@18.3.1_react@18.3.1/node_modules/react-dom/cjs/react-dom.development.js:24651:3)
      at commitRootImpl (node_modules/.pnpm/react-dom@18.3.1_react@18.3.1/node_modules/react-dom/cjs/react-dom.development.js:26862:5)
      at commitRoot (node_modules/.pnpm/react-dom@18.3.1_react@18.3.1/node_modules/react-dom/cjs/react-dom.development.js:26721:5)
      at finishConcurrentRender (node_modules/.pnpm/react-dom@18.3.1_react@18.3.1/node_modules/react-dom/cjs/react-dom.development.js:25931:9)
      at performConcurrentWorkOnRoot (node_modules/.pnpm/react-dom@18.3.1_react@18.3.1/node_modules/react-dom/cjs/react-dom.development.js:25848:7)
      at flushActQueue (node_modules/.pnpm/react@18.3.1/node_modules/react/cjs/react.development.js:2667:24)
      at act (node_modules/.pnpm/react@18.3.1/node_modules/react/cjs/react.development.js:2582:11)
      at node_modules/.pnpm/@testing-library+react@14.3_f87cc36fb81efefb9e092b092e2536a9/node_modules/@testing-library/react/dist/act-compat.js:47:25
      at renderRoot (node_modules/.pnpm/@testing-library+react@14.3_f87cc36fb81efefb9e092b092e2536a9/node_modules/@testing-library/react/dist/pure.js:180:26)
      at render (node_modules/.pnpm/@testing-library+react@14.3_f87cc36fb81efefb9e092b092e2536a9/node_modules/@testing-library/react/dist/pure.js:271:10)
      at Object.<anonymous> (__tests__/components/empty-state.test.tsx:30:11)

    console.error
      Warning: React.jsx: type is invalid -- expected a string (for built-in components) or a class/function (for composite components) but got: undefined. You likely forgot to export your component from the file it's defined in, or you might have mixed up default and named imports.
      
      Check the render method of `EmptyState`.
          at Icon (D:\AnhTri\Chuyen_Nganh\CN9\Capstone\uni-club\components\empty-state.tsx:17:36)

      19 |     <Card className="border-dashed">
      20 |       <CardContent className="flex flex-col items-center justify-center py-12 text-center">
    > 21 |         <Icon className="h-12 w-12 text-muted-foreground mb-4" />
         |         ^
      22 |         <h3 className="text-lg font-semibold mb-2">{title}</h3>
      23 |         <p className="text-muted-foreground mb-4 max-w-sm">{description}</p>
      24 |         {action && <Button onClick={action.onClick}>{action.label}</Button>}

      at printWarning (node_modules/.pnpm/react@18.3.1/node_modules/react/cjs/react-jsx-runtime.development.js:87:30)
      at error (node_modules/.pnpm/react@18.3.1/node_modules/react/cjs/react-jsx-runtime.development.js:61:7)
      at jsxWithValidation (node_modules/.pnpm/react@18.3.1/node_modules/react/cjs/react-jsx-runtime.development.js:1245:7)
      at jsxWithValidationDynamic (node_modules/.pnpm/react@18.3.1/node_modules/react/cjs/react-jsx-runtime.development.js:1320:12)
      at EmptyState (components/empty-state.tsx:21:9)
      at renderWithHooks (node_modules/.pnpm/react-dom@18.3.1_react@18.3.1/node_modules/react-dom/cjs/react-dom.development.js:15486:18)
      at mountIndeterminateComponent (node_modules/.pnpm/react-dom@18.3.1_react@18.3.1/node_modules/react-dom/cjs/react-dom.development.js:20103:13)
      at beginWork (node_modules/.pnpm/react-dom@18.3.1_react@18.3.1/node_modules/react-dom/cjs/react-dom.development.js:21626:16)
      at beginWork$1 (node_modules/.pnpm/react-dom@18.3.1_react@18.3.1/node_modules/react-dom/cjs/react-dom.development.js:27465:14)
      at performUnitOfWork (node_modules/.pnpm/react-dom@18.3.1_react@18.3.1/node_modules/react-dom/cjs/react-dom.development.js:26599:12)
      at workLoopSync (node_modules/.pnpm/react-dom@18.3.1_react@18.3.1/node_modules/react-dom/cjs/react-dom.development.js:26505:5)
      at renderRootSync (node_modules/.pnpm/react-dom@18.3.1_react@18.3.1/node_modules/react-dom/cjs/react-dom.development.js:26473:7)
      at performConcurrentWorkOnRoot (node_modules/.pnpm/react-dom@18.3.1_react@18.3.1/node_modules/react-dom/cjs/react-dom.development.js:25777:74)
      at flushActQueue (node_modules/.pnpm/react@18.3.1/node_modules/react/cjs/react.development.js:2667:24)
      at act (node_modules/.pnpm/react@18.3.1/node_modules/react/cjs/react.development.js:2582:11)
      at node_modules/.pnpm/@testing-library+react@14.3_f87cc36fb81efefb9e092b092e2536a9/node_modules/@testing-library/react/dist/act-compat.js:47:25
      at renderRoot (node_modules/.pnpm/@testing-library+react@14.3_f87cc36fb81efefb9e092b092e2536a9/node_modules/@testing-library/react/dist/pure.js:180:26)
      at render (node_modules/.pnpm/@testing-library+react@14.3_f87cc36fb81efefb9e092b092e2536a9/node_modules/@testing-library/react/dist/pure.js:271:10)
      at Object.<anonymous> (__tests__/components/empty-state.test.tsx:38:11)

    console.error
      Error: Uncaught [Error: Element type is invalid: expected a string (for built-in components) or a class/function (for composite components) but got: undefined. You likely forgot to export your component from the file it's defined in, or you might have mixed up default and named imports.
      
      Check the render method of `EmptyState`.]
          at reportException (D:\AnhTri\Chuyen_Nganh\CN9\Capstone\uni-club\node_modules\.pnpm\jsdom@20.0.3\node_modules\jsdom\lib\jsdom\living\helpers\runtime-script-errors.js:66:24)
          at innerInvokeEventListeners (D:\AnhTri\Chuyen_Nganh\CN9\Capstone\uni-club\node_modules\.pnpm\jsdom@20.0.3\node_modules\jsdom\lib\jsdom\living\events\EventTarget-impl.js:353:9)
          at invokeEventListeners (D:\AnhTri\Chuyen_Nganh\CN9\Capstone\uni-club\node_modules\.pnpm\jsdom@20.0.3\node_modules\jsdom\lib\jsdom\living\events\EventTarget-impl.js:286:3)
          at HTMLUnknownElementImpl._dispatch (D:\AnhTri\Chuyen_Nganh\CN9\Capstone\uni-club\node_modules\.pnpm\jsdom@20.0.3\node_modules\jsdom\lib\jsdom\living\events\EventTarget-impl.js:233:9)
          at HTMLUnknownElementImpl.dispatchEvent (D:\AnhTri\Chuyen_Nganh\CN9\Capstone\uni-club\node_modules\.pnpm\jsdom@20.0.3\node_modules\jsdom\lib\jsdom\living\events\EventTarget-impl.js:104:17)
          at HTMLUnknownElement.dispatchEvent (D:\AnhTri\Chuyen_Nganh\CN9\Capstone\uni-club\node_modules\.pnpm\jsdom@20.0.3\node_modules\jsdom\lib\jsdom\living\generated\EventTarget.js:241:34)
          at Object.invokeGuardedCallbackDev (D:\AnhTri\Chuyen_Nganh\CN9\Capstone\uni-club\node_modules\.pnpm\react-dom@18.3.1_react@18.3.1\node_modules\react-dom\cjs\react-dom.development.js:4213:16)
          at invokeGuardedCallback (D:\AnhTri\Chuyen_Nganh\CN9\Capstone\uni-club\node_modules\.pnpm\react-dom@18.3.1_react@18.3.1\node_modules\react-dom\cjs\react-dom.development.js:4277:31)
          at beginWork$1 (D:\AnhTri\Chuyen_Nganh\CN9\Capstone\uni-club\node_modules\.pnpm\react-dom@18.3.1_react@18.3.1\node_modules\react-dom\cjs\react-dom.development.js:27490:7)
          at performUnitOfWork (D:\AnhTri\Chuyen_Nganh\CN9\Capstone\uni-club\node_modules\.pnpm\react-dom@18.3.1_react@18.3.1\node_modules\react-dom\cjs\react-dom.development.js:26599:12)
          at workLoopSync (D:\AnhTri\Chuyen_Nganh\CN9\Capstone\uni-club\node_modules\.pnpm\react-dom@18.3.1_react@18.3.1\node_modules\react-dom\cjs\react-dom.development.js:26505:5)
          at renderRootSync (D:\AnhTri\Chuyen_Nganh\CN9\Capstone\uni-club\node_modules\.pnpm\react-dom@18.3.1_react@18.3.1\node_modules\react-dom\cjs\react-dom.development.js:26473:7)
          at performConcurrentWorkOnRoot (D:\AnhTri\Chuyen_Nganh\CN9\Capstone\uni-club\node_modules\.pnpm\react-dom@18.3.1_react@18.3.1\node_modules\react-dom\cjs\react-dom.development.js:25777:74)
          at flushActQueue (D:\AnhTri\Chuyen_Nganh\CN9\Capstone\uni-club\node_modules\.pnpm\react@18.3.1\node_modules\react\cjs\react.development.js:2667:24)
          at act (D:\AnhTri\Chuyen_Nganh\CN9\Capstone\uni-club\node_modules\.pnpm\react@18.3.1\node_modules\react\cjs\react.development.js:2582:11)
          at D:\AnhTri\Chuyen_Nganh\CN9\Capstone\uni-club\node_modules\.pnpm\@testing-library+react@14.3_f87cc36fb81efefb9e092b092e2536a9\node_modules\@testing-library\react\dist\act-compat.js:47:25
          at renderRoot (D:\AnhTri\Chuyen_Nganh\CN9\Capstone\uni-club\node_modules\.pnpm\@testing-library+react@14.3_f87cc36fb81efefb9e092b092e2536a9\node_modules\@testing-library\react\dist\pure.js:180:26)
          at render (D:\AnhTri\Chuyen_Nganh\CN9\Capstone\uni-club\node_modules\.pnpm\@testing-library+react@14.3_f87cc36fb81efefb9e092b092e2536a9\node_modules\@testing-library\react\dist\pure.js:271:10)
          at Object.<anonymous> (D:\AnhTri\Chuyen_Nganh\CN9\Capstone\uni-club\__tests__\components\empty-state.test.tsx:38:11)
          at Promise.then.completed (D:\AnhTri\Chuyen_Nganh\CN9\Capstone\uni-club\node_modules\.pnpm\jest-circus@29.7.0\node_modules\jest-circus\build\utils.js:298:28)
          at new Promise (<anonymous>)
          at callAsyncCircusFn (D:\AnhTri\Chuyen_Nganh\CN9\Capstone\uni-club\node_modules\.pnpm\jest-circus@29.7.0\node_modules\jest-circus\build\utils.js:231:10)
          at _callCircusTest (D:\AnhTri\Chuyen_Nganh\CN9\Capstone\uni-club\node_modules\.pnpm\jest-circus@29.7.0\node_modules\jest-circus\build\run.js:316:40)
          at processTicksAndRejections (node:internal/process/task_queues:105:5)
          at _runTest (D:\AnhTri\Chuyen_Nganh\CN9\Capstone\uni-club\node_modules\.pnpm\jest-circus@29.7.0\node_modules\jest-circus\build\run.js:252:3)
          at _runTestsForDescribeBlock (D:\AnhTri\Chuyen_Nganh\CN9\Capstone\uni-club\node_modules\.pnpm\jest-circus@29.7.0\node_modules\jest-circus\build\run.js:126:9)
          at _runTestsForDescribeBlock (D:\AnhTri\Chuyen_Nganh\CN9\Capstone\uni-club\node_modules\.pnpm\jest-circus@29.7.0\node_modules\jest-circus\build\run.js:121:9)
          at run (D:\AnhTri\Chuyen_Nganh\CN9\Capstone\uni-club\node_modules\.pnpm\jest-circus@29.7.0\node_modules\jest-circus\build\run.js:71:3)
          at runAndTransformResultsToJestFormat (D:\AnhTri\Chuyen_Nganh\CN9\Capstone\uni-club\node_modules\.pnpm\jest-circus@29.7.0\node_modules\jest-circus\build\legacy-code-todo-rewrite\jestAdapterInit.js:122:21)
          at jestAdapter (D:\AnhTri\Chuyen_Nganh\CN9\Capstone\uni-club\node_modules\.pnpm\jest-circus@29.7.0\node_modules\jest-circus\build\legacy-code-todo-rewrite\jestAdapter.js:79:19)
          at runTestInternal (D:\AnhTri\Chuyen_Nganh\CN9\Capstone\uni-club\node_modules\.pnpm\jest-runner@29.7.0\node_modules\jest-runner\build\runTest.js:367:16)
          at runTest (D:\AnhTri\Chuyen_Nganh\CN9\Capstone\uni-club\node_modules\.pnpm\jest-runner@29.7.0\node_modules\jest-runner\build\runTest.js:444:34)
          at Object.worker (D:\AnhTri\Chuyen_Nganh\CN9\Capstone\uni-club\node_modules\.pnpm\jest-runner@29.7.0\node_modules\jest-runner\build\testWorker.js:106:12) {
        detail: Error: Element type is invalid: expected a string (for built-in components) or a class/function (for composite components) but got: undefined. You likely forgot to export your component from the file it's defined in, or you might have mixed up default and named imports.
        
        Check the render method of `EmptyState`.
            at createFiberFromTypeAndProps (D:\AnhTri\Chuyen_Nganh\CN9\Capstone\uni-club\node_modules\.pnpm\react-dom@18.3.1_react@18.3.1\node_modules\react-dom\cjs\react-dom.development.js:28478:17)
            at createFiberFromElement (D:\AnhTri\Chuyen_Nganh\CN9\Capstone\uni-club\node_modules\.pnpm\react-dom@18.3.1_react@18.3.1\node_modules\react-dom\cjs\react-dom.development.js:28504:15)
            at createChild (D:\AnhTri\Chuyen_Nganh\CN9\Capstone\uni-club\node_modules\.pnpm\react-dom@18.3.1_react@18.3.1\node_modules\react-dom\cjs\react-dom.development.js:13345:28)
            at reconcileChildrenArray (D:\AnhTri\Chuyen_Nganh\CN9\Capstone\uni-club\node_modules\.pnpm\react-dom@18.3.1_react@18.3.1\node_modules\react-dom\cjs\react-dom.development.js:13640:25)
            at reconcileChildFibers (D:\AnhTri\Chuyen_Nganh\CN9\Capstone\uni-club\node_modules\.pnpm\react-dom@18.3.1_react@18.3.1\node_modules\react-dom\cjs\react-dom.development.js:14057:16)
            at reconcileChildren (D:\AnhTri\Chuyen_Nganh\CN9\Capstone\uni-club\node_modules\.pnpm\react-dom@18.3.1_react@18.3.1\node_modules\react-dom\cjs\react-dom.development.js:19186:28)
            at updateHostComponent (D:\AnhTri\Chuyen_Nganh\CN9\Capstone\uni-club\node_modules\.pnpm\react-dom@18.3.1_react@18.3.1\node_modules\react-dom\cjs\react-dom.development.js:19953:3)
            at beginWork (D:\AnhTri\Chuyen_Nganh\CN9\Capstone\uni-club\node_modules\.pnpm\react-dom@18.3.1_react@18.3.1\node_modules\react-dom\cjs\react-dom.development.js:21657:14)
            at HTMLUnknownElement.callCallback (D:\AnhTri\Chuyen_Nganh\CN9\Capstone\uni-club\node_modules\.pnpm\react-dom@18.3.1_react@18.3.1\node_modules\react-dom\cjs\react-dom.development.js:4164:14)
            at HTMLUnknownElement.callTheUserObjectsOperation (D:\AnhTri\Chuyen_Nganh\CN9\Capstone\uni-club\node_modules\.pnpm\jsdom@20.0.3\node_modules\jsdom\lib\jsdom\living\generated\EventListener.js:26:30)
            at innerInvokeEventListeners (D:\AnhTri\Chuyen_Nganh\CN9\Capstone\uni-club\node_modules\.pnpm\jsdom@20.0.3\node_modules\jsdom\lib\jsdom\living\events\EventTarget-impl.js:350:25)
            at invokeEventListeners (D:\AnhTri\Chuyen_Nganh\CN9\Capstone\uni-club\node_modules\.pnpm\jsdom@20.0.3\node_modules\jsdom\lib\jsdom\living\events\EventTarget-impl.js:286:3)
            at HTMLUnknownElementImpl._dispatch (D:\AnhTri\Chuyen_Nganh\CN9\Capstone\uni-club\node_modules\.pnpm\jsdom@20.0.3\node_modules\jsdom\lib\jsdom\living\events\EventTarget-impl.js:233:9)
            at HTMLUnknownElementImpl.dispatchEvent (D:\AnhTri\Chuyen_Nganh\CN9\Capstone\uni-club\node_modules\.pnpm\jsdom@20.0.3\node_modules\jsdom\lib\jsdom\living\events\EventTarget-impl.js:104:17)
            at HTMLUnknownElement.dispatchEvent (D:\AnhTri\Chuyen_Nganh\CN9\Capstone\uni-club\node_modules\.pnpm\jsdom@20.0.3\node_modules\jsdom\lib\jsdom\living\generated\EventTarget.js:241:34)
            at Object.invokeGuardedCallbackDev (D:\AnhTri\Chuyen_Nganh\CN9\Capstone\uni-club\node_modules\.pnpm\react-dom@18.3.1_react@18.3.1\node_modules\react-dom\cjs\react-dom.development.js:4213:16)
            at invokeGuardedCallback (D:\AnhTri\Chuyen_Nganh\CN9\Capstone\uni-club\node_modules\.pnpm\react-dom@18.3.1_react@18.3.1\node_modules\react-dom\cjs\react-dom.development.js:4277:31)
            at beginWork$1 (D:\AnhTri\Chuyen_Nganh\CN9\Capstone\uni-club\node_modules\.pnpm\react-dom@18.3.1_react@18.3.1\node_modules\react-dom\cjs\react-dom.development.js:27490:7)
            at performUnitOfWork (D:\AnhTri\Chuyen_Nganh\CN9\Capstone\uni-club\node_modules\.pnpm\react-dom@18.3.1_react@18.3.1\node_modules\react-dom\cjs\react-dom.development.js:26599:12)
            at workLoopSync (D:\AnhTri\Chuyen_Nganh\CN9\Capstone\uni-club\node_modules\.pnpm\react-dom@18.3.1_react@18.3.1\node_modules\react-dom\cjs\react-dom.development.js:26505:5)
            at renderRootSync (D:\AnhTri\Chuyen_Nganh\CN9\Capstone\uni-club\node_modules\.pnpm\react-dom@18.3.1_react@18.3.1\node_modules\react-dom\cjs\react-dom.development.js:26473:7)
            at performConcurrentWorkOnRoot (D:\AnhTri\Chuyen_Nganh\CN9\Capstone\uni-club\node_modules\.pnpm\react-dom@18.3.1_react@18.3.1\node_modules\react-dom\cjs\react-dom.development.js:25777:74)
            at flushActQueue (D:\AnhTri\Chuyen_Nganh\CN9\Capstone\uni-club\node_modules\.pnpm\react@18.3.1\node_modules\react\cjs\react.development.js:2667:24)
            at act (D:\AnhTri\Chuyen_Nganh\CN9\Capstone\uni-club\node_modules\.pnpm\react@18.3.1\node_modules\react\cjs\react.development.js:2582:11)
            at D:\AnhTri\Chuyen_Nganh\CN9\Capstone\uni-club\node_modules\.pnpm\@testing-library+react@14.3_f87cc36fb81efefb9e092b092e2536a9\node_modules\@testing-library\react\dist\act-compat.js:47:25
            at renderRoot (D:\AnhTri\Chuyen_Nganh\CN9\Capstone\uni-club\node_modules\.pnpm\@testing-library+react@14.3_f87cc36fb81efefb9e092b092e2536a9\node_modules\@testing-library\react\dist\pure.js:180:26)
            at render (D:\AnhTri\Chuyen_Nganh\CN9\Capstone\uni-club\node_modules\.pnpm\@testing-library+react@14.3_f87cc36fb81efefb9e092b092e2536a9\node_modules\@testing-library\react\dist\pure.js:271:10)
            at Object.<anonymous> (D:\AnhTri\Chuyen_Nganh\CN9\Capstone\uni-club\__tests__\components\empty-state.test.tsx:38:11)
            at Promise.then.completed (D:\AnhTri\Chuyen_Nganh\CN9\Capstone\uni-club\node_modules\.pnpm\jest-circus@29.7.0\node_modules\jest-circus\build\utils.js:298:28)
            at new Promise (<anonymous>)
            at callAsyncCircusFn (D:\AnhTri\Chuyen_Nganh\CN9\Capstone\uni-club\node_modules\.pnpm\jest-circus@29.7.0\node_modules\jest-circus\build\utils.js:231:10)
            at _callCircusTest (D:\AnhTri\Chuyen_Nganh\CN9\Capstone\uni-club\node_modules\.pnpm\jest-circus@29.7.0\node_modules\jest-circus\build\run.js:316:40)
            at processTicksAndRejections (node:internal/process/task_queues:105:5)
            at _runTest (D:\AnhTri\Chuyen_Nganh\CN9\Capstone\uni-club\node_modules\.pnpm\jest-circus@29.7.0\node_modules\jest-circus\build\run.js:252:3)
            at _runTestsForDescribeBlock (D:\AnhTri\Chuyen_Nganh\CN9\Capstone\uni-club\node_modules\.pnpm\jest-circus@29.7.0\node_modules\jest-circus\build\run.js:126:9)
            at _runTestsForDescribeBlock (D:\AnhTri\Chuyen_Nganh\CN9\Capstone\uni-club\node_modules\.pnpm\jest-circus@29.7.0\node_modules\jest-circus\build\run.js:121:9)
            at run (D:\AnhTri\Chuyen_Nganh\CN9\Capstone\uni-club\node_modules\.pnpm\jest-circus@29.7.0\node_modules\jest-circus\build\run.js:71:3)
            at runAndTransformResultsToJestFormat (D:\AnhTri\Chuyen_Nganh\CN9\Capstone\uni-club\node_modules\.pnpm\jest-circus@29.7.0\node_modules\jest-circus\build\legacy-code-todo-rewrite\jestAdapterInit.js:122:21)
            at jestAdapter (D:\AnhTri\Chuyen_Nganh\CN9\Capstone\uni-club\node_modules\.pnpm\jest-circus@29.7.0\node_modules\jest-circus\build\legacy-code-todo-rewrite\jestAdapter.js:79:19)
            at runTestInternal (D:\AnhTri\Chuyen_Nganh\CN9\Capstone\uni-club\node_modules\.pnpm\jest-runner@29.7.0\node_modules\jest-runner\build\runTest.js:367:16)
            at runTest (D:\AnhTri\Chuyen_Nganh\CN9\Capstone\uni-club\node_modules\.pnpm\jest-runner@29.7.0\node_modules\jest-runner\build\runTest.js:444:34)
            at Object.worker (D:\AnhTri\Chuyen_Nganh\CN9\Capstone\uni-club\node_modules\.pnpm\jest-runner@29.7.0\node_modules\jest-runner\build\testWorker.js:106:12),
        type: 'unhandled exception'
      }

      36 |   it('should render with action button', () => {
      37 |     const handleAction = jest.fn()
    > 38 |     render(
         |           ^
      39 |       <EmptyState
      40 |         title="No items"
      41 |         action={

      at VirtualConsole.<anonymous> (node_modules/.pnpm/jest-environment-jsdom@29.7.0/node_modules/jest-environment-jsdom/build/index.js:63:23)
      at reportException (node_modules/.pnpm/jsdom@20.0.3/node_modules/jsdom/lib/jsdom/living/helpers/runtime-script-errors.js:70:28)
      at innerInvokeEventListeners (node_modules/.pnpm/jsdom@20.0.3/node_modules/jsdom/lib/jsdom/living/events/EventTarget-impl.js:353:9)
      at invokeEventListeners (node_modules/.pnpm/jsdom@20.0.3/node_modules/jsdom/lib/jsdom/living/events/EventTarget-impl.js:286:3)
      at HTMLUnknownElementImpl._dispatch (node_modules/.pnpm/jsdom@20.0.3/node_modules/jsdom/lib/jsdom/living/events/EventTarget-impl.js:233:9)
      at HTMLUnknownElementImpl.dispatchEvent (node_modules/.pnpm/jsdom@20.0.3/node_modules/jsdom/lib/jsdom/living/events/EventTarget-impl.js:104:17)
      at HTMLUnknownElement.dispatchEvent (node_modules/.pnpm/jsdom@20.0.3/node_modules/jsdom/lib/jsdom/living/generated/EventTarget.js:241:34)
      at Object.invokeGuardedCallbackDev (node_modules/.pnpm/react-dom@18.3.1_react@18.3.1/node_modules/react-dom/cjs/react-dom.development.js:4213:16)
      at invokeGuardedCallback (node_modules/.pnpm/react-dom@18.3.1_react@18.3.1/node_modules/react-dom/cjs/react-dom.development.js:4277:31)
      at beginWork$1 (node_modules/.pnpm/react-dom@18.3.1_react@18.3.1/node_modules/react-dom/cjs/react-dom.development.js:27490:7)
      at performUnitOfWork (node_modules/.pnpm/react-dom@18.3.1_react@18.3.1/node_modules/react-dom/cjs/react-dom.development.js:26599:12)
      at workLoopSync (node_modules/.pnpm/react-dom@18.3.1_react@18.3.1/node_modules/react-dom/cjs/react-dom.development.js:26505:5)
      at renderRootSync (node_modules/.pnpm/react-dom@18.3.1_react@18.3.1/node_modules/react-dom/cjs/react-dom.development.js:26473:7)
      at performConcurrentWorkOnRoot (node_modules/.pnpm/react-dom@18.3.1_react@18.3.1/node_modules/react-dom/cjs/react-dom.development.js:25777:74)
      at flushActQueue (node_modules/.pnpm/react@18.3.1/node_modules/react/cjs/react.development.js:2667:24)
      at act (node_modules/.pnpm/react@18.3.1/node_modules/react/cjs/react.development.js:2582:11)
      at node_modules/.pnpm/@testing-library+react@14.3_f87cc36fb81efefb9e092b092e2536a9/node_modules/@testing-library/react/dist/act-compat.js:47:25
      at renderRoot (node_modules/.pnpm/@testing-library+react@14.3_f87cc36fb81efefb9e092b092e2536a9/node_modules/@testing-library/react/dist/pure.js:180:26)
      at render (node_modules/.pnpm/@testing-library+react@14.3_f87cc36fb81efefb9e092b092e2536a9/node_modules/@testing-library/react/dist/pure.js:271:10)
      at Object.<anonymous> (__tests__/components/empty-state.test.tsx:38:11)

    console.error
      Warning: React.jsx: type is invalid -- expected a string (for built-in components) or a class/function (for composite components) but got: undefined. You likely forgot to export your component from the file it's defined in, or you might have mixed up default and named imports.
      
      Check the render method of `EmptyState`.
          at Icon (D:\AnhTri\Chuyen_Nganh\CN9\Capstone\uni-club\components\empty-state.tsx:17:36)

      19 |     <Card className="border-dashed">
      20 |       <CardContent className="flex flex-col items-center justify-center py-12 text-center">
    > 21 |         <Icon className="h-12 w-12 text-muted-foreground mb-4" />
         |         ^
      22 |         <h3 className="text-lg font-semibold mb-2">{title}</h3>
      23 |         <p className="text-muted-foreground mb-4 max-w-sm">{description}</p>
      24 |         {action && <Button onClick={action.onClick}>{action.label}</Button>}

      at printWarning (node_modules/.pnpm/react@18.3.1/node_modules/react/cjs/react-jsx-runtime.development.js:87:30)
      at error (node_modules/.pnpm/react@18.3.1/node_modules/react/cjs/react-jsx-runtime.development.js:61:7)
      at jsxWithValidation (node_modules/.pnpm/react@18.3.1/node_modules/react/cjs/react-jsx-runtime.development.js:1245:7)
      at jsxWithValidationDynamic (node_modules/.pnpm/react@18.3.1/node_modules/react/cjs/react-jsx-runtime.development.js:1320:12)
      at EmptyState (components/empty-state.tsx:21:9)
      at renderWithHooks (node_modules/.pnpm/react-dom@18.3.1_react@18.3.1/node_modules/react-dom/cjs/react-dom.development.js:15486:18)
      at mountIndeterminateComponent (node_modules/.pnpm/react-dom@18.3.1_react@18.3.1/node_modules/react-dom/cjs/react-dom.development.js:20103:13)
      at beginWork (node_modules/.pnpm/react-dom@18.3.1_react@18.3.1/node_modules/react-dom/cjs/react-dom.development.js:21626:16)
      at beginWork$1 (node_modules/.pnpm/react-dom@18.3.1_react@18.3.1/node_modules/react-dom/cjs/react-dom.development.js:27465:14)
      at performUnitOfWork (node_modules/.pnpm/react-dom@18.3.1_react@18.3.1/node_modules/react-dom/cjs/react-dom.development.js:26599:12)
      at workLoopSync (node_modules/.pnpm/react-dom@18.3.1_react@18.3.1/node_modules/react-dom/cjs/react-dom.development.js:26505:5)
      at renderRootSync (node_modules/.pnpm/react-dom@18.3.1_react@18.3.1/node_modules/react-dom/cjs/react-dom.development.js:26473:7)
      at recoverFromConcurrentError (node_modules/.pnpm/react-dom@18.3.1_react@18.3.1/node_modules/react-dom/cjs/react-dom.development.js:25889:20)
      at performConcurrentWorkOnRoot (node_modules/.pnpm/react-dom@18.3.1_react@18.3.1/node_modules/react-dom/cjs/react-dom.development.js:25789:22)
      at flushActQueue (node_modules/.pnpm/react@18.3.1/node_modules/react/cjs/react.development.js:2667:24)
      at act (node_modules/.pnpm/react@18.3.1/node_modules/react/cjs/react.development.js:2582:11)
      at node_modules/.pnpm/@testing-library+react@14.3_f87cc36fb81efefb9e092b092e2536a9/node_modules/@testing-library/react/dist/act-compat.js:47:25
      at renderRoot (node_modules/.pnpm/@testing-library+react@14.3_f87cc36fb81efefb9e092b092e2536a9/node_modules/@testing-library/react/dist/pure.js:180:26)
      at render (node_modules/.pnpm/@testing-library+react@14.3_f87cc36fb81efefb9e092b092e2536a9/node_modules/@testing-library/react/dist/pure.js:271:10)
      at Object.<anonymous> (__tests__/components/empty-state.test.tsx:38:11)

    console.error
      Error: Uncaught [Error: Element type is invalid: expected a string (for built-in components) or a class/function (for composite components) but got: undefined. You likely forgot to export your component from the file it's defined in, or you might have mixed up default and named imports.
      
      Check the render method of `EmptyState`.]
          at reportException (D:\AnhTri\Chuyen_Nganh\CN9\Capstone\uni-club\node_modules\.pnpm\jsdom@20.0.3\node_modules\jsdom\lib\jsdom\living\helpers\runtime-script-errors.js:66:24)
          at innerInvokeEventListeners (D:\AnhTri\Chuyen_Nganh\CN9\Capstone\uni-club\node_modules\.pnpm\jsdom@20.0.3\node_modules\jsdom\lib\jsdom\living\events\EventTarget-impl.js:353:9)
          at invokeEventListeners (D:\AnhTri\Chuyen_Nganh\CN9\Capstone\uni-club\node_modules\.pnpm\jsdom@20.0.3\node_modules\jsdom\lib\jsdom\living\events\EventTarget-impl.js:286:3)
          at HTMLUnknownElementImpl._dispatch (D:\AnhTri\Chuyen_Nganh\CN9\Capstone\uni-club\node_modules\.pnpm\jsdom@20.0.3\node_modules\jsdom\lib\jsdom\living\events\EventTarget-impl.js:233:9)
          at HTMLUnknownElementImpl.dispatchEvent (D:\AnhTri\Chuyen_Nganh\CN9\Capstone\uni-club\node_modules\.pnpm\jsdom@20.0.3\node_modules\jsdom\lib\jsdom\living\events\EventTarget-impl.js:104:17)
          at HTMLUnknownElement.dispatchEvent (D:\AnhTri\Chuyen_Nganh\CN9\Capstone\uni-club\node_modules\.pnpm\jsdom@20.0.3\node_modules\jsdom\lib\jsdom\living\generated\EventTarget.js:241:34)
          at Object.invokeGuardedCallbackDev (D:\AnhTri\Chuyen_Nganh\CN9\Capstone\uni-club\node_modules\.pnpm\react-dom@18.3.1_react@18.3.1\node_modules\react-dom\cjs\react-dom.development.js:4213:16)
          at invokeGuardedCallback (D:\AnhTri\Chuyen_Nganh\CN9\Capstone\uni-club\node_modules\.pnpm\react-dom@18.3.1_react@18.3.1\node_modules\react-dom\cjs\react-dom.development.js:4277:31)
          at beginWork$1 (D:\AnhTri\Chuyen_Nganh\CN9\Capstone\uni-club\node_modules\.pnpm\react-dom@18.3.1_react@18.3.1\node_modules\react-dom\cjs\react-dom.development.js:27490:7)
          at performUnitOfWork (D:\AnhTri\Chuyen_Nganh\CN9\Capstone\uni-club\node_modules\.pnpm\react-dom@18.3.1_react@18.3.1\node_modules\react-dom\cjs\react-dom.development.js:26599:12)
          at workLoopSync (D:\AnhTri\Chuyen_Nganh\CN9\Capstone\uni-club\node_modules\.pnpm\react-dom@18.3.1_react@18.3.1\node_modules\react-dom\cjs\react-dom.development.js:26505:5)
          at renderRootSync (D:\AnhTri\Chuyen_Nganh\CN9\Capstone\uni-club\node_modules\.pnpm\react-dom@18.3.1_react@18.3.1\node_modules\react-dom\cjs\react-dom.development.js:26473:7)
          at recoverFromConcurrentError (D:\AnhTri\Chuyen_Nganh\CN9\Capstone\uni-club\node_modules\.pnpm\react-dom@18.3.1_react@18.3.1\node_modules\react-dom\cjs\react-dom.development.js:25889:20)
          at performConcurrentWorkOnRoot (D:\AnhTri\Chuyen_Nganh\CN9\Capstone\uni-club\node_modules\.pnpm\react-dom@18.3.1_react@18.3.1\node_modules\react-dom\cjs\react-dom.development.js:25789:22)
          at flushActQueue (D:\AnhTri\Chuyen_Nganh\CN9\Capstone\uni-club\node_modules\.pnpm\react@18.3.1\node_modules\react\cjs\react.development.js:2667:24)
          at act (D:\AnhTri\Chuyen_Nganh\CN9\Capstone\uni-club\node_modules\.pnpm\react@18.3.1\node_modules\react\cjs\react.development.js:2582:11)
          at D:\AnhTri\Chuyen_Nganh\CN9\Capstone\uni-club\node_modules\.pnpm\@testing-library+react@14.3_f87cc36fb81efefb9e092b092e2536a9\node_modules\@testing-library\react\dist\act-compat.js:47:25
          at renderRoot (D:\AnhTri\Chuyen_Nganh\CN9\Capstone\uni-club\node_modules\.pnpm\@testing-library+react@14.3_f87cc36fb81efefb9e092b092e2536a9\node_modules\@testing-library\react\dist\pure.js:180:26)
          at render (D:\AnhTri\Chuyen_Nganh\CN9\Capstone\uni-club\node_modules\.pnpm\@testing-library+react@14.3_f87cc36fb81efefb9e092b092e2536a9\node_modules\@testing-library\react\dist\pure.js:271:10)
          at Object.<anonymous> (D:\AnhTri\Chuyen_Nganh\CN9\Capstone\uni-club\__tests__\components\empty-state.test.tsx:38:11)
          at Promise.then.completed (D:\AnhTri\Chuyen_Nganh\CN9\Capstone\uni-club\node_modules\.pnpm\jest-circus@29.7.0\node_modules\jest-circus\build\utils.js:298:28)
          at new Promise (<anonymous>)
          at callAsyncCircusFn (D:\AnhTri\Chuyen_Nganh\CN9\Capstone\uni-club\node_modules\.pnpm\jest-circus@29.7.0\node_modules\jest-circus\build\utils.js:231:10)
          at _callCircusTest (D:\AnhTri\Chuyen_Nganh\CN9\Capstone\uni-club\node_modules\.pnpm\jest-circus@29.7.0\node_modules\jest-circus\build\run.js:316:40)
          at processTicksAndRejections (node:internal/process/task_queues:105:5)
          at _runTest (D:\AnhTri\Chuyen_Nganh\CN9\Capstone\uni-club\node_modules\.pnpm\jest-circus@29.7.0\node_modules\jest-circus\build\run.js:252:3)
          at _runTestsForDescribeBlock (D:\AnhTri\Chuyen_Nganh\CN9\Capstone\uni-club\node_modules\.pnpm\jest-circus@29.7.0\node_modules\jest-circus\build\run.js:126:9)
          at _runTestsForDescribeBlock (D:\AnhTri\Chuyen_Nganh\CN9\Capstone\uni-club\node_modules\.pnpm\jest-circus@29.7.0\node_modules\jest-circus\build\run.js:121:9)
          at run (D:\AnhTri\Chuyen_Nganh\CN9\Capstone\uni-club\node_modules\.pnpm\jest-circus@29.7.0\node_modules\jest-circus\build\run.js:71:3)
          at runAndTransformResultsToJestFormat (D:\AnhTri\Chuyen_Nganh\CN9\Capstone\uni-club\node_modules\.pnpm\jest-circus@29.7.0\node_modules\jest-circus\build\legacy-code-todo-rewrite\jestAdapterInit.js:122:21)
          at jestAdapter (D:\AnhTri\Chuyen_Nganh\CN9\Capstone\uni-club\node_modules\.pnpm\jest-circus@29.7.0\node_modules\jest-circus\build\legacy-code-todo-rewrite\jestAdapter.js:79:19)
          at runTestInternal (D:\AnhTri\Chuyen_Nganh\CN9\Capstone\uni-club\node_modules\.pnpm\jest-runner@29.7.0\node_modules\jest-runner\build\runTest.js:367:16)
          at runTest (D:\AnhTri\Chuyen_Nganh\CN9\Capstone\uni-club\node_modules\.pnpm\jest-runner@29.7.0\node_modules\jest-runner\build\runTest.js:444:34)
          at Object.worker (D:\AnhTri\Chuyen_Nganh\CN9\Capstone\uni-club\node_modules\.pnpm\jest-runner@29.7.0\node_modules\jest-runner\build\testWorker.js:106:12) {
        detail: Error: Element type is invalid: expected a string (for built-in components) or a class/function (for composite components) but got: undefined. You likely forgot to export your component from the file it's defined in, or you might have mixed up default and named imports.
        
        Check the render method of `EmptyState`.
            at createFiberFromTypeAndProps (D:\AnhTri\Chuyen_Nganh\CN9\Capstone\uni-club\node_modules\.pnpm\react-dom@18.3.1_react@18.3.1\node_modules\react-dom\cjs\react-dom.development.js:28478:17)
            at createFiberFromElement (D:\AnhTri\Chuyen_Nganh\CN9\Capstone\uni-club\node_modules\.pnpm\react-dom@18.3.1_react@18.3.1\node_modules\react-dom\cjs\react-dom.development.js:28504:15)
            at createChild (D:\AnhTri\Chuyen_Nganh\CN9\Capstone\uni-club\node_modules\.pnpm\react-dom@18.3.1_react@18.3.1\node_modules\react-dom\cjs\react-dom.development.js:13345:28)
            at reconcileChildrenArray (D:\AnhTri\Chuyen_Nganh\CN9\Capstone\uni-club\node_modules\.pnpm\react-dom@18.3.1_react@18.3.1\node_modules\react-dom\cjs\react-dom.development.js:13640:25)
            at reconcileChildFibers (D:\AnhTri\Chuyen_Nganh\CN9\Capstone\uni-club\node_modules\.pnpm\react-dom@18.3.1_react@18.3.1\node_modules\react-dom\cjs\react-dom.development.js:14057:16)
            at reconcileChildren (D:\AnhTri\Chuyen_Nganh\CN9\Capstone\uni-club\node_modules\.pnpm\react-dom@18.3.1_react@18.3.1\node_modules\react-dom\cjs\react-dom.development.js:19186:28)
            at updateHostComponent (D:\AnhTri\Chuyen_Nganh\CN9\Capstone\uni-club\node_modules\.pnpm\react-dom@18.3.1_react@18.3.1\node_modules\react-dom\cjs\react-dom.development.js:19953:3)
            at beginWork (D:\AnhTri\Chuyen_Nganh\CN9\Capstone\uni-club\node_modules\.pnpm\react-dom@18.3.1_react@18.3.1\node_modules\react-dom\cjs\react-dom.development.js:21657:14)
            at HTMLUnknownElement.callCallback (D:\AnhTri\Chuyen_Nganh\CN9\Capstone\uni-club\node_modules\.pnpm\react-dom@18.3.1_react@18.3.1\node_modules\react-dom\cjs\react-dom.development.js:4164:14)
            at HTMLUnknownElement.callTheUserObjectsOperation (D:\AnhTri\Chuyen_Nganh\CN9\Capstone\uni-club\node_modules\.pnpm\jsdom@20.0.3\node_modules\jsdom\lib\jsdom\living\generated\EventListener.js:26:30)
            at innerInvokeEventListeners (D:\AnhTri\Chuyen_Nganh\CN9\Capstone\uni-club\node_modules\.pnpm\jsdom@20.0.3\node_modules\jsdom\lib\jsdom\living\events\EventTarget-impl.js:350:25)
            at invokeEventListeners (D:\AnhTri\Chuyen_Nganh\CN9\Capstone\uni-club\node_modules\.pnpm\jsdom@20.0.3\node_modules\jsdom\lib\jsdom\living\events\EventTarget-impl.js:286:3)
            at HTMLUnknownElementImpl._dispatch (D:\AnhTri\Chuyen_Nganh\CN9\Capstone\uni-club\node_modules\.pnpm\jsdom@20.0.3\node_modules\jsdom\lib\jsdom\living\events\EventTarget-impl.js:233:9)
            at HTMLUnknownElementImpl.dispatchEvent (D:\AnhTri\Chuyen_Nganh\CN9\Capstone\uni-club\node_modules\.pnpm\jsdom@20.0.3\node_modules\jsdom\lib\jsdom\living\events\EventTarget-impl.js:104:17)
            at HTMLUnknownElement.dispatchEvent (D:\AnhTri\Chuyen_Nganh\CN9\Capstone\uni-club\node_modules\.pnpm\jsdom@20.0.3\node_modules\jsdom\lib\jsdom\living\generated\EventTarget.js:241:34)
            at Object.invokeGuardedCallbackDev (D:\AnhTri\Chuyen_Nganh\CN9\Capstone\uni-club\node_modules\.pnpm\react-dom@18.3.1_react@18.3.1\node_modules\react-dom\cjs\react-dom.development.js:4213:16)
            at invokeGuardedCallback (D:\AnhTri\Chuyen_Nganh\CN9\Capstone\uni-club\node_modules\.pnpm\react-dom@18.3.1_react@18.3.1\node_modules\react-dom\cjs\react-dom.development.js:4277:31)
            at beginWork$1 (D:\AnhTri\Chuyen_Nganh\CN9\Capstone\uni-club\node_modules\.pnpm\react-dom@18.3.1_react@18.3.1\node_modules\react-dom\cjs\react-dom.development.js:27490:7)
            at performUnitOfWork (D:\AnhTri\Chuyen_Nganh\CN9\Capstone\uni-club\node_modules\.pnpm\react-dom@18.3.1_react@18.3.1\node_modules\react-dom\cjs\react-dom.development.js:26599:12)
            at workLoopSync (D:\AnhTri\Chuyen_Nganh\CN9\Capstone\uni-club\node_modules\.pnpm\react-dom@18.3.1_react@18.3.1\node_modules\react-dom\cjs\react-dom.development.js:26505:5)
            at renderRootSync (D:\AnhTri\Chuyen_Nganh\CN9\Capstone\uni-club\node_modules\.pnpm\react-dom@18.3.1_react@18.3.1\node_modules\react-dom\cjs\react-dom.development.js:26473:7)
            at recoverFromConcurrentError (D:\AnhTri\Chuyen_Nganh\CN9\Capstone\uni-club\node_modules\.pnpm\react-dom@18.3.1_react@18.3.1\node_modules\react-dom\cjs\react-dom.development.js:25889:20)
            at performConcurrentWorkOnRoot (D:\AnhTri\Chuyen_Nganh\CN9\Capstone\uni-club\node_modules\.pnpm\react-dom@18.3.1_react@18.3.1\node_modules\react-dom\cjs\react-dom.development.js:25789:22)
            at flushActQueue (D:\AnhTri\Chuyen_Nganh\CN9\Capstone\uni-club\node_modules\.pnpm\react@18.3.1\node_modules\react\cjs\react.development.js:2667:24)
            at act (D:\AnhTri\Chuyen_Nganh\CN9\Capstone\uni-club\node_modules\.pnpm\react@18.3.1\node_modules\react\cjs\react.development.js:2582:11)
            at D:\AnhTri\Chuyen_Nganh\CN9\Capstone\uni-club\node_modules\.pnpm\@testing-library+react@14.3_f87cc36fb81efefb9e092b092e2536a9\node_modules\@testing-library\react\dist\act-compat.js:47:25
            at renderRoot (D:\AnhTri\Chuyen_Nganh\CN9\Capstone\uni-club\node_modules\.pnpm\@testing-library+react@14.3_f87cc36fb81efefb9e092b092e2536a9\node_modules\@testing-library\react\dist\pure.js:180:26)
            at render (D:\AnhTri\Chuyen_Nganh\CN9\Capstone\uni-club\node_modules\.pnpm\@testing-library+react@14.3_f87cc36fb81efefb9e092b092e2536a9\node_modules\@testing-library\react\dist\pure.js:271:10)
            at Object.<anonymous> (D:\AnhTri\Chuyen_Nganh\CN9\Capstone\uni-club\__tests__\components\empty-state.test.tsx:38:11)
            at Promise.then.completed (D:\AnhTri\Chuyen_Nganh\CN9\Capstone\uni-club\node_modules\.pnpm\jest-circus@29.7.0\node_modules\jest-circus\build\utils.js:298:28)
            at new Promise (<anonymous>)
            at callAsyncCircusFn (D:\AnhTri\Chuyen_Nganh\CN9\Capstone\uni-club\node_modules\.pnpm\jest-circus@29.7.0\node_modules\jest-circus\build\utils.js:231:10)
            at _callCircusTest (D:\AnhTri\Chuyen_Nganh\CN9\Capstone\uni-club\node_modules\.pnpm\jest-circus@29.7.0\node_modules\jest-circus\build\run.js:316:40)
            at processTicksAndRejections (node:internal/process/task_queues:105:5)
            at _runTest (D:\AnhTri\Chuyen_Nganh\CN9\Capstone\uni-club\node_modules\.pnpm\jest-circus@29.7.0\node_modules\jest-circus\build\run.js:252:3)
            at _runTestsForDescribeBlock (D:\AnhTri\Chuyen_Nganh\CN9\Capstone\uni-club\node_modules\.pnpm\jest-circus@29.7.0\node_modules\jest-circus\build\run.js:126:9)
            at _runTestsForDescribeBlock (D:\AnhTri\Chuyen_Nganh\CN9\Capstone\uni-club\node_modules\.pnpm\jest-circus@29.7.0\node_modules\jest-circus\build\run.js:121:9)
            at run (D:\AnhTri\Chuyen_Nganh\CN9\Capstone\uni-club\node_modules\.pnpm\jest-circus@29.7.0\node_modules\jest-circus\build\run.js:71:3)
            at runAndTransformResultsToJestFormat (D:\AnhTri\Chuyen_Nganh\CN9\Capstone\uni-club\node_modules\.pnpm\jest-circus@29.7.0\node_modules\jest-circus\build\legacy-code-todo-rewrite\jestAdapterInit.js:122:21)
            at jestAdapter (D:\AnhTri\Chuyen_Nganh\CN9\Capstone\uni-club\node_modules\.pnpm\jest-circus@29.7.0\node_modules\jest-circus\build\legacy-code-todo-rewrite\jestAdapter.js:79:19)
            at runTestInternal (D:\AnhTri\Chuyen_Nganh\CN9\Capstone\uni-club\node_modules\.pnpm\jest-runner@29.7.0\node_modules\jest-runner\build\runTest.js:367:16)
            at runTest (D:\AnhTri\Chuyen_Nganh\CN9\Capstone\uni-club\node_modules\.pnpm\jest-runner@29.7.0\node_modules\jest-runner\build\runTest.js:444:34)
            at Object.worker (D:\AnhTri\Chuyen_Nganh\CN9\Capstone\uni-club\node_modules\.pnpm\jest-runner@29.7.0\node_modules\jest-runner\build\testWorker.js:106:12),
        type: 'unhandled exception'
      }

      36 |   it('should render with action button', () => {
      37 |     const handleAction = jest.fn()
    > 38 |     render(
         |           ^
      39 |       <EmptyState
      40 |         title="No items"
      41 |         action={

      at VirtualConsole.<anonymous> (node_modules/.pnpm/jest-environment-jsdom@29.7.0/node_modules/jest-environment-jsdom/build/index.js:63:23)
      at reportException (node_modules/.pnpm/jsdom@20.0.3/node_modules/jsdom/lib/jsdom/living/helpers/runtime-script-errors.js:70:28)
      at innerInvokeEventListeners (node_modules/.pnpm/jsdom@20.0.3/node_modules/jsdom/lib/jsdom/living/events/EventTarget-impl.js:353:9)
      at invokeEventListeners (node_modules/.pnpm/jsdom@20.0.3/node_modules/jsdom/lib/jsdom/living/events/EventTarget-impl.js:286:3)
      at HTMLUnknownElementImpl._dispatch (node_modules/.pnpm/jsdom@20.0.3/node_modules/jsdom/lib/jsdom/living/events/EventTarget-impl.js:233:9)
      at HTMLUnknownElementImpl.dispatchEvent (node_modules/.pnpm/jsdom@20.0.3/node_modules/jsdom/lib/jsdom/living/events/EventTarget-impl.js:104:17)
      at HTMLUnknownElement.dispatchEvent (node_modules/.pnpm/jsdom@20.0.3/node_modules/jsdom/lib/jsdom/living/generated/EventTarget.js:241:34)
      at Object.invokeGuardedCallbackDev (node_modules/.pnpm/react-dom@18.3.1_react@18.3.1/node_modules/react-dom/cjs/react-dom.development.js:4213:16)
      at invokeGuardedCallback (node_modules/.pnpm/react-dom@18.3.1_react@18.3.1/node_modules/react-dom/cjs/react-dom.development.js:4277:31)
      at beginWork$1 (node_modules/.pnpm/react-dom@18.3.1_react@18.3.1/node_modules/react-dom/cjs/react-dom.development.js:27490:7)
      at performUnitOfWork (node_modules/.pnpm/react-dom@18.3.1_react@18.3.1/node_modules/react-dom/cjs/react-dom.development.js:26599:12)
      at workLoopSync (node_modules/.pnpm/react-dom@18.3.1_react@18.3.1/node_modules/react-dom/cjs/react-dom.development.js:26505:5)
      at renderRootSync (node_modules/.pnpm/react-dom@18.3.1_react@18.3.1/node_modules/react-dom/cjs/react-dom.development.js:26473:7)
      at recoverFromConcurrentError (node_modules/.pnpm/react-dom@18.3.1_react@18.3.1/node_modules/react-dom/cjs/react-dom.development.js:25889:20)
      at performConcurrentWorkOnRoot (node_modules/.pnpm/react-dom@18.3.1_react@18.3.1/node_modules/react-dom/cjs/react-dom.development.js:25789:22)
      at flushActQueue (node_modules/.pnpm/react@18.3.1/node_modules/react/cjs/react.development.js:2667:24)
      at act (node_modules/.pnpm/react@18.3.1/node_modules/react/cjs/react.development.js:2582:11)
      at node_modules/.pnpm/@testing-library+react@14.3_f87cc36fb81efefb9e092b092e2536a9/node_modules/@testing-library/react/dist/act-compat.js:47:25
      at renderRoot (node_modules/.pnpm/@testing-library+react@14.3_f87cc36fb81efefb9e092b092e2536a9/node_modules/@testing-library/react/dist/pure.js:180:26)
      at render (node_modules/.pnpm/@testing-library+react@14.3_f87cc36fb81efefb9e092b092e2536a9/node_modules/@testing-library/react/dist/pure.js:271:10)
      at Object.<anonymous> (__tests__/components/empty-state.test.tsx:38:11)

    console.error
      The above error occurred in the <div> component:
      
          at div
          at className (D:\AnhTri\Chuyen_Nganh\CN9\Capstone\uni-club\components\ui\card.tsx:64:24)
          at div
          at className (D:\AnhTri\Chuyen_Nganh\CN9\Capstone\uni-club\components\ui\card.tsx:5:17)
          at Icon (D:\AnhTri\Chuyen_Nganh\CN9\Capstone\uni-club\components\empty-state.tsx:17:36)
      
      Consider adding an error boundary to your tree to customize error handling behavior.
      Visit https://reactjs.org/link/error-boundaries to learn more about error boundaries.

      36 |   it('should render with action button', () => {
      37 |     const handleAction = jest.fn()
    > 38 |     render(
         |           ^
      39 |       <EmptyState
      40 |         title="No items"
      41 |         action={

      at logCapturedError (node_modules/.pnpm/react-dom@18.3.1_react@18.3.1/node_modules/react-dom/cjs/react-dom.development.js:18704:23)
      at update.callback (node_modules/.pnpm/react-dom@18.3.1_react@18.3.1/node_modules/react-dom/cjs/react-dom.development.js:18737:5)
      at callCallback (node_modules/.pnpm/react-dom@18.3.1_react@18.3.1/node_modules/react-dom/cjs/react-dom.development.js:15036:12)
      at commitUpdateQueue (node_modules/.pnpm/react-dom@18.3.1_react@18.3.1/node_modules/react-dom/cjs/react-dom.development.js:15057:9)
      at commitLayoutEffectOnFiber (node_modules/.pnpm/react-dom@18.3.1_react@18.3.1/node_modules/react-dom/cjs/react-dom.development.js:23430:13)
      at commitLayoutMountEffects_complete (node_modules/.pnpm/react-dom@18.3.1_react@18.3.1/node_modules/react-dom/cjs/react-dom.development.js:24727:9)
      at commitLayoutEffects_begin (node_modules/.pnpm/react-dom@18.3.1_react@18.3.1/node_modules/react-dom/cjs/react-dom.development.js:24713:7)
      at commitLayoutEffects (node_modules/.pnpm/react-dom@18.3.1_react@18.3.1/node_modules/react-dom/cjs/react-dom.development.js:24651:3)
      at commitRootImpl (node_modules/.pnpm/react-dom@18.3.1_react@18.3.1/node_modules/react-dom/cjs/react-dom.development.js:26862:5)
      at commitRoot (node_modules/.pnpm/react-dom@18.3.1_react@18.3.1/node_modules/react-dom/cjs/react-dom.development.js:26721:5)
      at finishConcurrentRender (node_modules/.pnpm/react-dom@18.3.1_react@18.3.1/node_modules/react-dom/cjs/react-dom.development.js:25931:9)
      at performConcurrentWorkOnRoot (node_modules/.pnpm/react-dom@18.3.1_react@18.3.1/node_modules/react-dom/cjs/react-dom.development.js:25848:7)
      at flushActQueue (node_modules/.pnpm/react@18.3.1/node_modules/react/cjs/react.development.js:2667:24)
      at act (node_modules/.pnpm/react@18.3.1/node_modules/react/cjs/react.development.js:2582:11)
      at node_modules/.pnpm/@testing-library+react@14.3_f87cc36fb81efefb9e092b092e2536a9/node_modules/@testing-library/react/dist/act-compat.js:47:25
      at renderRoot (node_modules/.pnpm/@testing-library+react@14.3_f87cc36fb81efefb9e092b092e2536a9/node_modules/@testing-library/react/dist/pure.js:180:26)
      at render (node_modules/.pnpm/@testing-library+react@14.3_f87cc36fb81efefb9e092b092e2536a9/node_modules/@testing-library/react/dist/pure.js:271:10)
      at Object.<anonymous> (__tests__/components/empty-state.test.tsx:38:11)

    console.error
      Warning: React.jsx: type is invalid -- expected a string (for built-in components) or a class/function (for composite components) but got: undefined. You likely forgot to export your component from the file it's defined in, or you might have mixed up default and named imports.
      
      Check the render method of `EmptyState`.
          at Icon (D:\AnhTri\Chuyen_Nganh\CN9\Capstone\uni-club\components\empty-state.tsx:17:36)

      19 |     <Card className="border-dashed">
      20 |       <CardContent className="flex flex-col items-center justify-center py-12 text-center">
    > 21 |         <Icon className="h-12 w-12 text-muted-foreground mb-4" />
         |         ^
      22 |         <h3 className="text-lg font-semibold mb-2">{title}</h3>
      23 |         <p className="text-muted-foreground mb-4 max-w-sm">{description}</p>
      24 |         {action && <Button onClick={action.onClick}>{action.label}</Button>}

      at printWarning (node_modules/.pnpm/react@18.3.1/node_modules/react/cjs/react-jsx-runtime.development.js:87:30)
      at error (node_modules/.pnpm/react@18.3.1/node_modules/react/cjs/react-jsx-runtime.development.js:61:7)
      at jsxWithValidation (node_modules/.pnpm/react@18.3.1/node_modules/react/cjs/react-jsx-runtime.development.js:1245:7)
      at jsxWithValidationDynamic (node_modules/.pnpm/react@18.3.1/node_modules/react/cjs/react-jsx-runtime.development.js:1320:12)
      at EmptyState (components/empty-state.tsx:21:9)
      at renderWithHooks (node_modules/.pnpm/react-dom@18.3.1_react@18.3.1/node_modules/react-dom/cjs/react-dom.development.js:15486:18)
      at mountIndeterminateComponent (node_modules/.pnpm/react-dom@18.3.1_react@18.3.1/node_modules/react-dom/cjs/react-dom.development.js:20103:13)
      at beginWork (node_modules/.pnpm/react-dom@18.3.1_react@18.3.1/node_modules/react-dom/cjs/react-dom.development.js:21626:16)
      at beginWork$1 (node_modules/.pnpm/react-dom@18.3.1_react@18.3.1/node_modules/react-dom/cjs/react-dom.development.js:27465:14)
      at performUnitOfWork (node_modules/.pnpm/react-dom@18.3.1_react@18.3.1/node_modules/react-dom/cjs/react-dom.development.js:26599:12)
      at workLoopSync (node_modules/.pnpm/react-dom@18.3.1_react@18.3.1/node_modules/react-dom/cjs/react-dom.development.js:26505:5)
      at renderRootSync (node_modules/.pnpm/react-dom@18.3.1_react@18.3.1/node_modules/react-dom/cjs/react-dom.development.js:26473:7)
      at performConcurrentWorkOnRoot (node_modules/.pnpm/react-dom@18.3.1_react@18.3.1/node_modules/react-dom/cjs/react-dom.development.js:25777:74)
      at flushActQueue (node_modules/.pnpm/react@18.3.1/node_modules/react/cjs/react.development.js:2667:24)
      at act (node_modules/.pnpm/react@18.3.1/node_modules/react/cjs/react.development.js:2582:11)
      at node_modules/.pnpm/@testing-library+react@14.3_f87cc36fb81efefb9e092b092e2536a9/node_modules/@testing-library/react/dist/act-compat.js:47:25
      at renderRoot (node_modules/.pnpm/@testing-library+react@14.3_f87cc36fb81efefb9e092b092e2536a9/node_modules/@testing-library/react/dist/pure.js:180:26)
      at render (node_modules/.pnpm/@testing-library+react@14.3_f87cc36fb81efefb9e092b092e2536a9/node_modules/@testing-library/react/dist/pure.js:271:10)
      at Object.<anonymous> (__tests__/components/empty-state.test.tsx:52:33)

    console.error
      Error: Uncaught [Error: Element type is invalid: expected a string (for built-in components) or a class/function (for composite components) but got: undefined. You likely forgot to export your component from the file it's defined in, or you might have mixed up default and named imports.
      
      Check the render method of `EmptyState`.]
          at reportException (D:\AnhTri\Chuyen_Nganh\CN9\Capstone\uni-club\node_modules\.pnpm\jsdom@20.0.3\node_modules\jsdom\lib\jsdom\living\helpers\runtime-script-errors.js:66:24)
          at innerInvokeEventListeners (D:\AnhTri\Chuyen_Nganh\CN9\Capstone\uni-club\node_modules\.pnpm\jsdom@20.0.3\node_modules\jsdom\lib\jsdom\living\events\EventTarget-impl.js:353:9)
          at invokeEventListeners (D:\AnhTri\Chuyen_Nganh\CN9\Capstone\uni-club\node_modules\.pnpm\jsdom@20.0.3\node_modules\jsdom\lib\jsdom\living\events\EventTarget-impl.js:286:3)
          at HTMLUnknownElementImpl._dispatch (D:\AnhTri\Chuyen_Nganh\CN9\Capstone\uni-club\node_modules\.pnpm\jsdom@20.0.3\node_modules\jsdom\lib\jsdom\living\events\EventTarget-impl.js:233:9)
          at HTMLUnknownElementImpl.dispatchEvent (D:\AnhTri\Chuyen_Nganh\CN9\Capstone\uni-club\node_modules\.pnpm\jsdom@20.0.3\node_modules\jsdom\lib\jsdom\living\events\EventTarget-impl.js:104:17)
          at HTMLUnknownElement.dispatchEvent (D:\AnhTri\Chuyen_Nganh\CN9\Capstone\uni-club\node_modules\.pnpm\jsdom@20.0.3\node_modules\jsdom\lib\jsdom\living\generated\EventTarget.js:241:34)
          at Object.invokeGuardedCallbackDev (D:\AnhTri\Chuyen_Nganh\CN9\Capstone\uni-club\node_modules\.pnpm\react-dom@18.3.1_react@18.3.1\node_modules\react-dom\cjs\react-dom.development.js:4213:16)
          at invokeGuardedCallback (D:\AnhTri\Chuyen_Nganh\CN9\Capstone\uni-club\node_modules\.pnpm\react-dom@18.3.1_react@18.3.1\node_modules\react-dom\cjs\react-dom.development.js:4277:31)
          at beginWork$1 (D:\AnhTri\Chuyen_Nganh\CN9\Capstone\uni-club\node_modules\.pnpm\react-dom@18.3.1_react@18.3.1\node_modules\react-dom\cjs\react-dom.development.js:27490:7)
          at performUnitOfWork (D:\AnhTri\Chuyen_Nganh\CN9\Capstone\uni-club\node_modules\.pnpm\react-dom@18.3.1_react@18.3.1\node_modules\react-dom\cjs\react-dom.development.js:26599:12)
          at workLoopSync (D:\AnhTri\Chuyen_Nganh\CN9\Capstone\uni-club\node_modules\.pnpm\react-dom@18.3.1_react@18.3.1\node_modules\react-dom\cjs\react-dom.development.js:26505:5)
          at renderRootSync (D:\AnhTri\Chuyen_Nganh\CN9\Capstone\uni-club\node_modules\.pnpm\react-dom@18.3.1_react@18.3.1\node_modules\react-dom\cjs\react-dom.development.js:26473:7)
          at performConcurrentWorkOnRoot (D:\AnhTri\Chuyen_Nganh\CN9\Capstone\uni-club\node_modules\.pnpm\react-dom@18.3.1_react@18.3.1\node_modules\react-dom\cjs\react-dom.development.js:25777:74)
          at flushActQueue (D:\AnhTri\Chuyen_Nganh\CN9\Capstone\uni-club\node_modules\.pnpm\react@18.3.1\node_modules\react\cjs\react.development.js:2667:24)
          at act (D:\AnhTri\Chuyen_Nganh\CN9\Capstone\uni-club\node_modules\.pnpm\react@18.3.1\node_modules\react\cjs\react.development.js:2582:11)
          at D:\AnhTri\Chuyen_Nganh\CN9\Capstone\uni-club\node_modules\.pnpm\@testing-library+react@14.3_f87cc36fb81efefb9e092b092e2536a9\node_modules\@testing-library\react\dist\act-compat.js:47:25
          at renderRoot (D:\AnhTri\Chuyen_Nganh\CN9\Capstone\uni-club\node_modules\.pnpm\@testing-library+react@14.3_f87cc36fb81efefb9e092b092e2536a9\node_modules\@testing-library\react\dist\pure.js:180:26)
          at render (D:\AnhTri\Chuyen_Nganh\CN9\Capstone\uni-club\node_modules\.pnpm\@testing-library+react@14.3_f87cc36fb81efefb9e092b092e2536a9\node_modules\@testing-library\react\dist\pure.js:271:10)
          at Object.<anonymous> (D:\AnhTri\Chuyen_Nganh\CN9\Capstone\uni-club\__tests__\components\empty-state.test.tsx:52:33)
          at Promise.then.completed (D:\AnhTri\Chuyen_Nganh\CN9\Capstone\uni-club\node_modules\.pnpm\jest-circus@29.7.0\node_modules\jest-circus\build\utils.js:298:28)
          at new Promise (<anonymous>)
          at callAsyncCircusFn (D:\AnhTri\Chuyen_Nganh\CN9\Capstone\uni-club\node_modules\.pnpm\jest-circus@29.7.0\node_modules\jest-circus\build\utils.js:231:10)
          at _callCircusTest (D:\AnhTri\Chuyen_Nganh\CN9\Capstone\uni-club\node_modules\.pnpm\jest-circus@29.7.0\node_modules\jest-circus\build\run.js:316:40)
          at processTicksAndRejections (node:internal/process/task_queues:105:5)
          at _runTest (D:\AnhTri\Chuyen_Nganh\CN9\Capstone\uni-club\node_modules\.pnpm\jest-circus@29.7.0\node_modules\jest-circus\build\run.js:252:3)
          at _runTestsForDescribeBlock (D:\AnhTri\Chuyen_Nganh\CN9\Capstone\uni-club\node_modules\.pnpm\jest-circus@29.7.0\node_modules\jest-circus\build\run.js:126:9)
          at _runTestsForDescribeBlock (D:\AnhTri\Chuyen_Nganh\CN9\Capstone\uni-club\node_modules\.pnpm\jest-circus@29.7.0\node_modules\jest-circus\build\run.js:121:9)
          at run (D:\AnhTri\Chuyen_Nganh\CN9\Capstone\uni-club\node_modules\.pnpm\jest-circus@29.7.0\node_modules\jest-circus\build\run.js:71:3)
          at runAndTransformResultsToJestFormat (D:\AnhTri\Chuyen_Nganh\CN9\Capstone\uni-club\node_modules\.pnpm\jest-circus@29.7.0\node_modules\jest-circus\build\legacy-code-todo-rewrite\jestAdapterInit.js:122:21)
          at jestAdapter (D:\AnhTri\Chuyen_Nganh\CN9\Capstone\uni-club\node_modules\.pnpm\jest-circus@29.7.0\node_modules\jest-circus\build\legacy-code-todo-rewrite\jestAdapter.js:79:19)
          at runTestInternal (D:\AnhTri\Chuyen_Nganh\CN9\Capstone\uni-club\node_modules\.pnpm\jest-runner@29.7.0\node_modules\jest-runner\build\runTest.js:367:16)
          at runTest (D:\AnhTri\Chuyen_Nganh\CN9\Capstone\uni-club\node_modules\.pnpm\jest-runner@29.7.0\node_modules\jest-runner\build\runTest.js:444:34)
          at Object.worker (D:\AnhTri\Chuyen_Nganh\CN9\Capstone\uni-club\node_modules\.pnpm\jest-runner@29.7.0\node_modules\jest-runner\build\testWorker.js:106:12) {
        detail: Error: Element type is invalid: expected a string (for built-in components) or a class/function (for composite components) but got: undefined. You likely forgot to export your component from the file it's defined in, or you might have mixed up default and named imports.
        
        Check the render method of `EmptyState`.
            at createFiberFromTypeAndProps (D:\AnhTri\Chuyen_Nganh\CN9\Capstone\uni-club\node_modules\.pnpm\react-dom@18.3.1_react@18.3.1\node_modules\react-dom\cjs\react-dom.development.js:28478:17)
            at createFiberFromElement (D:\AnhTri\Chuyen_Nganh\CN9\Capstone\uni-club\node_modules\.pnpm\react-dom@18.3.1_react@18.3.1\node_modules\react-dom\cjs\react-dom.development.js:28504:15)
            at createChild (D:\AnhTri\Chuyen_Nganh\CN9\Capstone\uni-club\node_modules\.pnpm\react-dom@18.3.1_react@18.3.1\node_modules\react-dom\cjs\react-dom.development.js:13345:28)
            at reconcileChildrenArray (D:\AnhTri\Chuyen_Nganh\CN9\Capstone\uni-club\node_modules\.pnpm\react-dom@18.3.1_react@18.3.1\node_modules\react-dom\cjs\react-dom.development.js:13640:25)
            at reconcileChildFibers (D:\AnhTri\Chuyen_Nganh\CN9\Capstone\uni-club\node_modules\.pnpm\react-dom@18.3.1_react@18.3.1\node_modules\react-dom\cjs\react-dom.development.js:14057:16)
            at reconcileChildren (D:\AnhTri\Chuyen_Nganh\CN9\Capstone\uni-club\node_modules\.pnpm\react-dom@18.3.1_react@18.3.1\node_modules\react-dom\cjs\react-dom.development.js:19186:28)
            at updateHostComponent (D:\AnhTri\Chuyen_Nganh\CN9\Capstone\uni-club\node_modules\.pnpm\react-dom@18.3.1_react@18.3.1\node_modules\react-dom\cjs\react-dom.development.js:19953:3)
            at beginWork (D:\AnhTri\Chuyen_Nganh\CN9\Capstone\uni-club\node_modules\.pnpm\react-dom@18.3.1_react@18.3.1\node_modules\react-dom\cjs\react-dom.development.js:21657:14)
            at HTMLUnknownElement.callCallback (D:\AnhTri\Chuyen_Nganh\CN9\Capstone\uni-club\node_modules\.pnpm\react-dom@18.3.1_react@18.3.1\node_modules\react-dom\cjs\react-dom.development.js:4164:14)
            at HTMLUnknownElement.callTheUserObjectsOperation (D:\AnhTri\Chuyen_Nganh\CN9\Capstone\uni-club\node_modules\.pnpm\jsdom@20.0.3\node_modules\jsdom\lib\jsdom\living\generated\EventListener.js:26:30)
            at innerInvokeEventListeners (D:\AnhTri\Chuyen_Nganh\CN9\Capstone\uni-club\node_modules\.pnpm\jsdom@20.0.3\node_modules\jsdom\lib\jsdom\living\events\EventTarget-impl.js:350:25)
            at invokeEventListeners (D:\AnhTri\Chuyen_Nganh\CN9\Capstone\uni-club\node_modules\.pnpm\jsdom@20.0.3\node_modules\jsdom\lib\jsdom\living\events\EventTarget-impl.js:286:3)
            at HTMLUnknownElementImpl._dispatch (D:\AnhTri\Chuyen_Nganh\CN9\Capstone\uni-club\node_modules\.pnpm\jsdom@20.0.3\node_modules\jsdom\lib\jsdom\living\events\EventTarget-impl.js:233:9)
            at HTMLUnknownElementImpl.dispatchEvent (D:\AnhTri\Chuyen_Nganh\CN9\Capstone\uni-club\node_modules\.pnpm\jsdom@20.0.3\node_modules\jsdom\lib\jsdom\living\events\EventTarget-impl.js:104:17)
            at HTMLUnknownElement.dispatchEvent (D:\AnhTri\Chuyen_Nganh\CN9\Capstone\uni-club\node_modules\.pnpm\jsdom@20.0.3\node_modules\jsdom\lib\jsdom\living\generated\EventTarget.js:241:34)
            at Object.invokeGuardedCallbackDev (D:\AnhTri\Chuyen_Nganh\CN9\Capstone\uni-club\node_modules\.pnpm\react-dom@18.3.1_react@18.3.1\node_modules\react-dom\cjs\react-dom.development.js:4213:16)
            at invokeGuardedCallback (D:\AnhTri\Chuyen_Nganh\CN9\Capstone\uni-club\node_modules\.pnpm\react-dom@18.3.1_react@18.3.1\node_modules\react-dom\cjs\react-dom.development.js:4277:31)
            at beginWork$1 (D:\AnhTri\Chuyen_Nganh\CN9\Capstone\uni-club\node_modules\.pnpm\react-dom@18.3.1_react@18.3.1\node_modules\react-dom\cjs\react-dom.development.js:27490:7)
            at performUnitOfWork (D:\AnhTri\Chuyen_Nganh\CN9\Capstone\uni-club\node_modules\.pnpm\react-dom@18.3.1_react@18.3.1\node_modules\react-dom\cjs\react-dom.development.js:26599:12)
            at workLoopSync (D:\AnhTri\Chuyen_Nganh\CN9\Capstone\uni-club\node_modules\.pnpm\react-dom@18.3.1_react@18.3.1\node_modules\react-dom\cjs\react-dom.development.js:26505:5)
            at renderRootSync (D:\AnhTri\Chuyen_Nganh\CN9\Capstone\uni-club\node_modules\.pnpm\react-dom@18.3.1_react@18.3.1\node_modules\react-dom\cjs\react-dom.development.js:26473:7)
            at performConcurrentWorkOnRoot (D:\AnhTri\Chuyen_Nganh\CN9\Capstone\uni-club\node_modules\.pnpm\react-dom@18.3.1_react@18.3.1\node_modules\react-dom\cjs\react-dom.development.js:25777:74)
            at flushActQueue (D:\AnhTri\Chuyen_Nganh\CN9\Capstone\uni-club\node_modules\.pnpm\react@18.3.1\node_modules\react\cjs\react.development.js:2667:24)
            at act (D:\AnhTri\Chuyen_Nganh\CN9\Capstone\uni-club\node_modules\.pnpm\react@18.3.1\node_modules\react\cjs\react.development.js:2582:11)
            at D:\AnhTri\Chuyen_Nganh\CN9\Capstone\uni-club\node_modules\.pnpm\@testing-library+react@14.3_f87cc36fb81efefb9e092b092e2536a9\node_modules\@testing-library\react\dist\act-compat.js:47:25
            at renderRoot (D:\AnhTri\Chuyen_Nganh\CN9\Capstone\uni-club\node_modules\.pnpm\@testing-library+react@14.3_f87cc36fb81efefb9e092b092e2536a9\node_modules\@testing-library\react\dist\pure.js:180:26)
            at render (D:\AnhTri\Chuyen_Nganh\CN9\Capstone\uni-club\node_modules\.pnpm\@testing-library+react@14.3_f87cc36fb81efefb9e092b092e2536a9\node_modules\@testing-library\react\dist\pure.js:271:10)
            at Object.<anonymous> (D:\AnhTri\Chuyen_Nganh\CN9\Capstone\uni-club\__tests__\components\empty-state.test.tsx:52:33)
            at Promise.then.completed (D:\AnhTri\Chuyen_Nganh\CN9\Capstone\uni-club\node_modules\.pnpm\jest-circus@29.7.0\node_modules\jest-circus\build\utils.js:298:28)
            at new Promise (<anonymous>)
            at callAsyncCircusFn (D:\AnhTri\Chuyen_Nganh\CN9\Capstone\uni-club\node_modules\.pnpm\jest-circus@29.7.0\node_modules\jest-circus\build\utils.js:231:10)
            at _callCircusTest (D:\AnhTri\Chuyen_Nganh\CN9\Capstone\uni-club\node_modules\.pnpm\jest-circus@29.7.0\node_modules\jest-circus\build\run.js:316:40)
            at processTicksAndRejections (node:internal/process/task_queues:105:5)
            at _runTest (D:\AnhTri\Chuyen_Nganh\CN9\Capstone\uni-club\node_modules\.pnpm\jest-circus@29.7.0\node_modules\jest-circus\build\run.js:252:3)
            at _runTestsForDescribeBlock (D:\AnhTri\Chuyen_Nganh\CN9\Capstone\uni-club\node_modules\.pnpm\jest-circus@29.7.0\node_modules\jest-circus\build\run.js:126:9)
            at _runTestsForDescribeBlock (D:\AnhTri\Chuyen_Nganh\CN9\Capstone\uni-club\node_modules\.pnpm\jest-circus@29.7.0\node_modules\jest-circus\build\run.js:121:9)
            at run (D:\AnhTri\Chuyen_Nganh\CN9\Capstone\uni-club\node_modules\.pnpm\jest-circus@29.7.0\node_modules\jest-circus\build\run.js:71:3)
            at runAndTransformResultsToJestFormat (D:\AnhTri\Chuyen_Nganh\CN9\Capstone\uni-club\node_modules\.pnpm\jest-circus@29.7.0\node_modules\jest-circus\build\legacy-code-todo-rewrite\jestAdapterInit.js:122:21)
            at jestAdapter (D:\AnhTri\Chuyen_Nganh\CN9\Capstone\uni-club\node_modules\.pnpm\jest-circus@29.7.0\node_modules\jest-circus\build\legacy-code-todo-rewrite\jestAdapter.js:79:19)
            at runTestInternal (D:\AnhTri\Chuyen_Nganh\CN9\Capstone\uni-club\node_modules\.pnpm\jest-runner@29.7.0\node_modules\jest-runner\build\runTest.js:367:16)
            at runTest (D:\AnhTri\Chuyen_Nganh\CN9\Capstone\uni-club\node_modules\.pnpm\jest-runner@29.7.0\node_modules\jest-runner\build\runTest.js:444:34)
            at Object.worker (D:\AnhTri\Chuyen_Nganh\CN9\Capstone\uni-club\node_modules\.pnpm\jest-runner@29.7.0\node_modules\jest-runner\build\testWorker.js:106:12),
        type: 'unhandled exception'
      }

      50 |
      51 |   it('should apply custom className', () => {
    > 52 |     const { container } = render(
         |                                 ^
      53 |       <EmptyState
      54 |         title="Test"
      55 |         className="custom-empty-state"

      at VirtualConsole.<anonymous> (node_modules/.pnpm/jest-environment-jsdom@29.7.0/node_modules/jest-environment-jsdom/build/index.js:63:23)
      at reportException (node_modules/.pnpm/jsdom@20.0.3/node_modules/jsdom/lib/jsdom/living/helpers/runtime-script-errors.js:70:28)
      at innerInvokeEventListeners (node_modules/.pnpm/jsdom@20.0.3/node_modules/jsdom/lib/jsdom/living/events/EventTarget-impl.js:353:9)
      at invokeEventListeners (node_modules/.pnpm/jsdom@20.0.3/node_modules/jsdom/lib/jsdom/living/events/EventTarget-impl.js:286:3)
      at HTMLUnknownElementImpl._dispatch (node_modules/.pnpm/jsdom@20.0.3/node_modules/jsdom/lib/jsdom/living/events/EventTarget-impl.js:233:9)
      at HTMLUnknownElementImpl.dispatchEvent (node_modules/.pnpm/jsdom@20.0.3/node_modules/jsdom/lib/jsdom/living/events/EventTarget-impl.js:104:17)
      at HTMLUnknownElement.dispatchEvent (node_modules/.pnpm/jsdom@20.0.3/node_modules/jsdom/lib/jsdom/living/generated/EventTarget.js:241:34)
      at Object.invokeGuardedCallbackDev (node_modules/.pnpm/react-dom@18.3.1_react@18.3.1/node_modules/react-dom/cjs/react-dom.development.js:4213:16)
      at invokeGuardedCallback (node_modules/.pnpm/react-dom@18.3.1_react@18.3.1/node_modules/react-dom/cjs/react-dom.development.js:4277:31)
      at beginWork$1 (node_modules/.pnpm/react-dom@18.3.1_react@18.3.1/node_modules/react-dom/cjs/react-dom.development.js:27490:7)
      at performUnitOfWork (node_modules/.pnpm/react-dom@18.3.1_react@18.3.1/node_modules/react-dom/cjs/react-dom.development.js:26599:12)
      at workLoopSync (node_modules/.pnpm/react-dom@18.3.1_react@18.3.1/node_modules/react-dom/cjs/react-dom.development.js:26505:5)
      at renderRootSync (node_modules/.pnpm/react-dom@18.3.1_react@18.3.1/node_modules/react-dom/cjs/react-dom.development.js:26473:7)
      at performConcurrentWorkOnRoot (node_modules/.pnpm/react-dom@18.3.1_react@18.3.1/node_modules/react-dom/cjs/react-dom.development.js:25777:74)
      at flushActQueue (node_modules/.pnpm/react@18.3.1/node_modules/react/cjs/react.development.js:2667:24)
      at act (node_modules/.pnpm/react@18.3.1/node_modules/react/cjs/react.development.js:2582:11)
      at node_modules/.pnpm/@testing-library+react@14.3_f87cc36fb81efefb9e092b092e2536a9/node_modules/@testing-library/react/dist/act-compat.js:47:25
      at renderRoot (node_modules/.pnpm/@testing-library+react@14.3_f87cc36fb81efefb9e092b092e2536a9/node_modules/@testing-library/react/dist/pure.js:180:26)
      at render (node_modules/.pnpm/@testing-library+react@14.3_f87cc36fb81efefb9e092b092e2536a9/node_modules/@testing-library/react/dist/pure.js:271:10)
      at Object.<anonymous> (__tests__/components/empty-state.test.tsx:52:33)

    console.error
      Warning: React.jsx: type is invalid -- expected a string (for built-in components) or a class/function (for composite components) but got: undefined. You likely forgot to export your component from the file it's defined in, or you might have mixed up default and named imports.
      
      Check the render method of `EmptyState`.
          at Icon (D:\AnhTri\Chuyen_Nganh\CN9\Capstone\uni-club\components\empty-state.tsx:17:36)

      19 |     <Card className="border-dashed">
      20 |       <CardContent className="flex flex-col items-center justify-center py-12 text-center">
    > 21 |         <Icon className="h-12 w-12 text-muted-foreground mb-4" />
         |         ^
      22 |         <h3 className="text-lg font-semibold mb-2">{title}</h3>
      23 |         <p className="text-muted-foreground mb-4 max-w-sm">{description}</p>
      24 |         {action && <Button onClick={action.onClick}>{action.label}</Button>}

      at printWarning (node_modules/.pnpm/react@18.3.1/node_modules/react/cjs/react-jsx-runtime.development.js:87:30)
      at error (node_modules/.pnpm/react@18.3.1/node_modules/react/cjs/react-jsx-runtime.development.js:61:7)
      at jsxWithValidation (node_modules/.pnpm/react@18.3.1/node_modules/react/cjs/react-jsx-runtime.development.js:1245:7)
      at jsxWithValidationDynamic (node_modules/.pnpm/react@18.3.1/node_modules/react/cjs/react-jsx-runtime.development.js:1320:12)
      at EmptyState (components/empty-state.tsx:21:9)
      at renderWithHooks (node_modules/.pnpm/react-dom@18.3.1_react@18.3.1/node_modules/react-dom/cjs/react-dom.development.js:15486:18)
      at mountIndeterminateComponent (node_modules/.pnpm/react-dom@18.3.1_react@18.3.1/node_modules/react-dom/cjs/react-dom.development.js:20103:13)
      at beginWork (node_modules/.pnpm/react-dom@18.3.1_react@18.3.1/node_modules/react-dom/cjs/react-dom.development.js:21626:16)
      at beginWork$1 (node_modules/.pnpm/react-dom@18.3.1_react@18.3.1/node_modules/react-dom/cjs/react-dom.development.js:27465:14)
      at performUnitOfWork (node_modules/.pnpm/react-dom@18.3.1_react@18.3.1/node_modules/react-dom/cjs/react-dom.development.js:26599:12)
      at workLoopSync (node_modules/.pnpm/react-dom@18.3.1_react@18.3.1/node_modules/react-dom/cjs/react-dom.development.js:26505:5)
      at renderRootSync (node_modules/.pnpm/react-dom@18.3.1_react@18.3.1/node_modules/react-dom/cjs/react-dom.development.js:26473:7)
      at recoverFromConcurrentError (node_modules/.pnpm/react-dom@18.3.1_react@18.3.1/node_modules/react-dom/cjs/react-dom.development.js:25889:20)
      at performConcurrentWorkOnRoot (node_modules/.pnpm/react-dom@18.3.1_react@18.3.1/node_modules/react-dom/cjs/react-dom.development.js:25789:22)
      at flushActQueue (node_modules/.pnpm/react@18.3.1/node_modules/react/cjs/react.development.js:2667:24)
      at act (node_modules/.pnpm/react@18.3.1/node_modules/react/cjs/react.development.js:2582:11)
      at node_modules/.pnpm/@testing-library+react@14.3_f87cc36fb81efefb9e092b092e2536a9/node_modules/@testing-library/react/dist/act-compat.js:47:25
      at renderRoot (node_modules/.pnpm/@testing-library+react@14.3_f87cc36fb81efefb9e092b092e2536a9/node_modules/@testing-library/react/dist/pure.js:180:26)
      at render (node_modules/.pnpm/@testing-library+react@14.3_f87cc36fb81efefb9e092b092e2536a9/node_modules/@testing-library/react/dist/pure.js:271:10)
      at Object.<anonymous> (__tests__/components/empty-state.test.tsx:52:33)

    console.error
      Error: Uncaught [Error: Element type is invalid: expected a string (for built-in components) or a class/function (for composite components) but got: undefined. You likely forgot to export your component from the file it's defined in, or you might have mixed up default and named imports.
      
      Check the render method of `EmptyState`.]
          at reportException (D:\AnhTri\Chuyen_Nganh\CN9\Capstone\uni-club\node_modules\.pnpm\jsdom@20.0.3\node_modules\jsdom\lib\jsdom\living\helpers\runtime-script-errors.js:66:24)
          at innerInvokeEventListeners (D:\AnhTri\Chuyen_Nganh\CN9\Capstone\uni-club\node_modules\.pnpm\jsdom@20.0.3\node_modules\jsdom\lib\jsdom\living\events\EventTarget-impl.js:353:9)
          at invokeEventListeners (D:\AnhTri\Chuyen_Nganh\CN9\Capstone\uni-club\node_modules\.pnpm\jsdom@20.0.3\node_modules\jsdom\lib\jsdom\living\events\EventTarget-impl.js:286:3)
          at HTMLUnknownElementImpl._dispatch (D:\AnhTri\Chuyen_Nganh\CN9\Capstone\uni-club\node_modules\.pnpm\jsdom@20.0.3\node_modules\jsdom\lib\jsdom\living\events\EventTarget-impl.js:233:9)
          at HTMLUnknownElementImpl.dispatchEvent (D:\AnhTri\Chuyen_Nganh\CN9\Capstone\uni-club\node_modules\.pnpm\jsdom@20.0.3\node_modules\jsdom\lib\jsdom\living\events\EventTarget-impl.js:104:17)
          at HTMLUnknownElement.dispatchEvent (D:\AnhTri\Chuyen_Nganh\CN9\Capstone\uni-club\node_modules\.pnpm\jsdom@20.0.3\node_modules\jsdom\lib\jsdom\living\generated\EventTarget.js:241:34)
          at Object.invokeGuardedCallbackDev (D:\AnhTri\Chuyen_Nganh\CN9\Capstone\uni-club\node_modules\.pnpm\react-dom@18.3.1_react@18.3.1\node_modules\react-dom\cjs\react-dom.development.js:4213:16)
          at invokeGuardedCallback (D:\AnhTri\Chuyen_Nganh\CN9\Capstone\uni-club\node_modules\.pnpm\react-dom@18.3.1_react@18.3.1\node_modules\react-dom\cjs\react-dom.development.js:4277:31)
          at beginWork$1 (D:\AnhTri\Chuyen_Nganh\CN9\Capstone\uni-club\node_modules\.pnpm\react-dom@18.3.1_react@18.3.1\node_modules\react-dom\cjs\react-dom.development.js:27490:7)
          at performUnitOfWork (D:\AnhTri\Chuyen_Nganh\CN9\Capstone\uni-club\node_modules\.pnpm\react-dom@18.3.1_react@18.3.1\node_modules\react-dom\cjs\react-dom.development.js:26599:12)
          at workLoopSync (D:\AnhTri\Chuyen_Nganh\CN9\Capstone\uni-club\node_modules\.pnpm\react-dom@18.3.1_react@18.3.1\node_modules\react-dom\cjs\react-dom.development.js:26505:5)
          at renderRootSync (D:\AnhTri\Chuyen_Nganh\CN9\Capstone\uni-club\node_modules\.pnpm\react-dom@18.3.1_react@18.3.1\node_modules\react-dom\cjs\react-dom.development.js:26473:7)
          at recoverFromConcurrentError (D:\AnhTri\Chuyen_Nganh\CN9\Capstone\uni-club\node_modules\.pnpm\react-dom@18.3.1_react@18.3.1\node_modules\react-dom\cjs\react-dom.development.js:25889:20)
          at performConcurrentWorkOnRoot (D:\AnhTri\Chuyen_Nganh\CN9\Capstone\uni-club\node_modules\.pnpm\react-dom@18.3.1_react@18.3.1\node_modules\react-dom\cjs\react-dom.development.js:25789:22)
          at flushActQueue (D:\AnhTri\Chuyen_Nganh\CN9\Capstone\uni-club\node_modules\.pnpm\react@18.3.1\node_modules\react\cjs\react.development.js:2667:24)
          at act (D:\AnhTri\Chuyen_Nganh\CN9\Capstone\uni-club\node_modules\.pnpm\react@18.3.1\node_modules\react\cjs\react.development.js:2582:11)
          at D:\AnhTri\Chuyen_Nganh\CN9\Capstone\uni-club\node_modules\.pnpm\@testing-library+react@14.3_f87cc36fb81efefb9e092b092e2536a9\node_modules\@testing-library\react\dist\act-compat.js:47:25
          at renderRoot (D:\AnhTri\Chuyen_Nganh\CN9\Capstone\uni-club\node_modules\.pnpm\@testing-library+react@14.3_f87cc36fb81efefb9e092b092e2536a9\node_modules\@testing-library\react\dist\pure.js:180:26)
          at render (D:\AnhTri\Chuyen_Nganh\CN9\Capstone\uni-club\node_modules\.pnpm\@testing-library+react@14.3_f87cc36fb81efefb9e092b092e2536a9\node_modules\@testing-library\react\dist\pure.js:271:10)
          at Object.<anonymous> (D:\AnhTri\Chuyen_Nganh\CN9\Capstone\uni-club\__tests__\components\empty-state.test.tsx:52:33)
          at Promise.then.completed (D:\AnhTri\Chuyen_Nganh\CN9\Capstone\uni-club\node_modules\.pnpm\jest-circus@29.7.0\node_modules\jest-circus\build\utils.js:298:28)
          at new Promise (<anonymous>)
          at callAsyncCircusFn (D:\AnhTri\Chuyen_Nganh\CN9\Capstone\uni-club\node_modules\.pnpm\jest-circus@29.7.0\node_modules\jest-circus\build\utils.js:231:10)
          at _callCircusTest (D:\AnhTri\Chuyen_Nganh\CN9\Capstone\uni-club\node_modules\.pnpm\jest-circus@29.7.0\node_modules\jest-circus\build\run.js:316:40)
          at processTicksAndRejections (node:internal/process/task_queues:105:5)
          at _runTest (D:\AnhTri\Chuyen_Nganh\CN9\Capstone\uni-club\node_modules\.pnpm\jest-circus@29.7.0\node_modules\jest-circus\build\run.js:252:3)
          at _runTestsForDescribeBlock (D:\AnhTri\Chuyen_Nganh\CN9\Capstone\uni-club\node_modules\.pnpm\jest-circus@29.7.0\node_modules\jest-circus\build\run.js:126:9)
          at _runTestsForDescribeBlock (D:\AnhTri\Chuyen_Nganh\CN9\Capstone\uni-club\node_modules\.pnpm\jest-circus@29.7.0\node_modules\jest-circus\build\run.js:121:9)
          at run (D:\AnhTri\Chuyen_Nganh\CN9\Capstone\uni-club\node_modules\.pnpm\jest-circus@29.7.0\node_modules\jest-circus\build\run.js:71:3)
          at runAndTransformResultsToJestFormat (D:\AnhTri\Chuyen_Nganh\CN9\Capstone\uni-club\node_modules\.pnpm\jest-circus@29.7.0\node_modules\jest-circus\build\legacy-code-todo-rewrite\jestAdapterInit.js:122:21)
          at jestAdapter (D:\AnhTri\Chuyen_Nganh\CN9\Capstone\uni-club\node_modules\.pnpm\jest-circus@29.7.0\node_modules\jest-circus\build\legacy-code-todo-rewrite\jestAdapter.js:79:19)
          at runTestInternal (D:\AnhTri\Chuyen_Nganh\CN9\Capstone\uni-club\node_modules\.pnpm\jest-runner@29.7.0\node_modules\jest-runner\build\runTest.js:367:16)
          at runTest (D:\AnhTri\Chuyen_Nganh\CN9\Capstone\uni-club\node_modules\.pnpm\jest-runner@29.7.0\node_modules\jest-runner\build\runTest.js:444:34)
          at Object.worker (D:\AnhTri\Chuyen_Nganh\CN9\Capstone\uni-club\node_modules\.pnpm\jest-runner@29.7.0\node_modules\jest-runner\build\testWorker.js:106:12) {
        detail: Error: Element type is invalid: expected a string (for built-in components) or a class/function (for composite components) but got: undefined. You likely forgot to export your component from the file it's defined in, or you might have mixed up default and named imports.
        
        Check the render method of `EmptyState`.
            at createFiberFromTypeAndProps (D:\AnhTri\Chuyen_Nganh\CN9\Capstone\uni-club\node_modules\.pnpm\react-dom@18.3.1_react@18.3.1\node_modules\react-dom\cjs\react-dom.development.js:28478:17)
            at createFiberFromElement (D:\AnhTri\Chuyen_Nganh\CN9\Capstone\uni-club\node_modules\.pnpm\react-dom@18.3.1_react@18.3.1\node_modules\react-dom\cjs\react-dom.development.js:28504:15)
            at createChild (D:\AnhTri\Chuyen_Nganh\CN9\Capstone\uni-club\node_modules\.pnpm\react-dom@18.3.1_react@18.3.1\node_modules\react-dom\cjs\react-dom.development.js:13345:28)
            at reconcileChildrenArray (D:\AnhTri\Chuyen_Nganh\CN9\Capstone\uni-club\node_modules\.pnpm\react-dom@18.3.1_react@18.3.1\node_modules\react-dom\cjs\react-dom.development.js:13640:25)
            at reconcileChildFibers (D:\AnhTri\Chuyen_Nganh\CN9\Capstone\uni-club\node_modules\.pnpm\react-dom@18.3.1_react@18.3.1\node_modules\react-dom\cjs\react-dom.development.js:14057:16)
            at reconcileChildren (D:\AnhTri\Chuyen_Nganh\CN9\Capstone\uni-club\node_modules\.pnpm\react-dom@18.3.1_react@18.3.1\node_modules\react-dom\cjs\react-dom.development.js:19186:28)
            at updateHostComponent (D:\AnhTri\Chuyen_Nganh\CN9\Capstone\uni-club\node_modules\.pnpm\react-dom@18.3.1_react@18.3.1\node_modules\react-dom\cjs\react-dom.development.js:19953:3)
            at beginWork (D:\AnhTri\Chuyen_Nganh\CN9\Capstone\uni-club\node_modules\.pnpm\react-dom@18.3.1_react@18.3.1\node_modules\react-dom\cjs\react-dom.development.js:21657:14)
            at HTMLUnknownElement.callCallback (D:\AnhTri\Chuyen_Nganh\CN9\Capstone\uni-club\node_modules\.pnpm\react-dom@18.3.1_react@18.3.1\node_modules\react-dom\cjs\react-dom.development.js:4164:14)
            at HTMLUnknownElement.callTheUserObjectsOperation (D:\AnhTri\Chuyen_Nganh\CN9\Capstone\uni-club\node_modules\.pnpm\jsdom@20.0.3\node_modules\jsdom\lib\jsdom\living\generated\EventListener.js:26:30)
            at innerInvokeEventListeners (D:\AnhTri\Chuyen_Nganh\CN9\Capstone\uni-club\node_modules\.pnpm\jsdom@20.0.3\node_modules\jsdom\lib\jsdom\living\events\EventTarget-impl.js:350:25)
            at invokeEventListeners (D:\AnhTri\Chuyen_Nganh\CN9\Capstone\uni-club\node_modules\.pnpm\jsdom@20.0.3\node_modules\jsdom\lib\jsdom\living\events\EventTarget-impl.js:286:3)
            at HTMLUnknownElementImpl._dispatch (D:\AnhTri\Chuyen_Nganh\CN9\Capstone\uni-club\node_modules\.pnpm\jsdom@20.0.3\node_modules\jsdom\lib\jsdom\living\events\EventTarget-impl.js:233:9)
            at HTMLUnknownElementImpl.dispatchEvent (D:\AnhTri\Chuyen_Nganh\CN9\Capstone\uni-club\node_modules\.pnpm\jsdom@20.0.3\node_modules\jsdom\lib\jsdom\living\events\EventTarget-impl.js:104:17)
            at HTMLUnknownElement.dispatchEvent (D:\AnhTri\Chuyen_Nganh\CN9\Capstone\uni-club\node_modules\.pnpm\jsdom@20.0.3\node_modules\jsdom\lib\jsdom\living\generated\EventTarget.js:241:34)
            at Object.invokeGuardedCallbackDev (D:\AnhTri\Chuyen_Nganh\CN9\Capstone\uni-club\node_modules\.pnpm\react-dom@18.3.1_react@18.3.1\node_modules\react-dom\cjs\react-dom.development.js:4213:16)
            at invokeGuardedCallback (D:\AnhTri\Chuyen_Nganh\CN9\Capstone\uni-club\node_modules\.pnpm\react-dom@18.3.1_react@18.3.1\node_modules\react-dom\cjs\react-dom.development.js:4277:31)
            at beginWork$1 (D:\AnhTri\Chuyen_Nganh\CN9\Capstone\uni-club\node_modules\.pnpm\react-dom@18.3.1_react@18.3.1\node_modules\react-dom\cjs\react-dom.development.js:27490:7)
            at performUnitOfWork (D:\AnhTri\Chuyen_Nganh\CN9\Capstone\uni-club\node_modules\.pnpm\react-dom@18.3.1_react@18.3.1\node_modules\react-dom\cjs\react-dom.development.js:26599:12)
            at workLoopSync (D:\AnhTri\Chuyen_Nganh\CN9\Capstone\uni-club\node_modules\.pnpm\react-dom@18.3.1_react@18.3.1\node_modules\react-dom\cjs\react-dom.development.js:26505:5)
            at renderRootSync (D:\AnhTri\Chuyen_Nganh\CN9\Capstone\uni-club\node_modules\.pnpm\react-dom@18.3.1_react@18.3.1\node_modules\react-dom\cjs\react-dom.development.js:26473:7)
            at recoverFromConcurrentError (D:\AnhTri\Chuyen_Nganh\CN9\Capstone\uni-club\node_modules\.pnpm\react-dom@18.3.1_react@18.3.1\node_modules\react-dom\cjs\react-dom.development.js:25889:20)
            at performConcurrentWorkOnRoot (D:\AnhTri\Chuyen_Nganh\CN9\Capstone\uni-club\node_modules\.pnpm\react-dom@18.3.1_react@18.3.1\node_modules\react-dom\cjs\react-dom.development.js:25789:22)
            at flushActQueue (D:\AnhTri\Chuyen_Nganh\CN9\Capstone\uni-club\node_modules\.pnpm\react@18.3.1\node_modules\react\cjs\react.development.js:2667:24)
            at act (D:\AnhTri\Chuyen_Nganh\CN9\Capstone\uni-club\node_modules\.pnpm\react@18.3.1\node_modules\react\cjs\react.development.js:2582:11)
            at D:\AnhTri\Chuyen_Nganh\CN9\Capstone\uni-club\node_modules\.pnpm\@testing-library+react@14.3_f87cc36fb81efefb9e092b092e2536a9\node_modules\@testing-library\react\dist\act-compat.js:47:25
            at renderRoot (D:\AnhTri\Chuyen_Nganh\CN9\Capstone\uni-club\node_modules\.pnpm\@testing-library+react@14.3_f87cc36fb81efefb9e092b092e2536a9\node_modules\@testing-library\react\dist\pure.js:180:26)
            at render (D:\AnhTri\Chuyen_Nganh\CN9\Capstone\uni-club\node_modules\.pnpm\@testing-library+react@14.3_f87cc36fb81efefb9e092b092e2536a9\node_modules\@testing-library\react\dist\pure.js:271:10)
            at Object.<anonymous> (D:\AnhTri\Chuyen_Nganh\CN9\Capstone\uni-club\__tests__\components\empty-state.test.tsx:52:33)
            at Promise.then.completed (D:\AnhTri\Chuyen_Nganh\CN9\Capstone\uni-club\node_modules\.pnpm\jest-circus@29.7.0\node_modules\jest-circus\build\utils.js:298:28)
            at new Promise (<anonymous>)
            at callAsyncCircusFn (D:\AnhTri\Chuyen_Nganh\CN9\Capstone\uni-club\node_modules\.pnpm\jest-circus@29.7.0\node_modules\jest-circus\build\utils.js:231:10)
            at _callCircusTest (D:\AnhTri\Chuyen_Nganh\CN9\Capstone\uni-club\node_modules\.pnpm\jest-circus@29.7.0\node_modules\jest-circus\build\run.js:316:40)
            at processTicksAndRejections (node:internal/process/task_queues:105:5)
            at _runTest (D:\AnhTri\Chuyen_Nganh\CN9\Capstone\uni-club\node_modules\.pnpm\jest-circus@29.7.0\node_modules\jest-circus\build\run.js:252:3)
            at _runTestsForDescribeBlock (D:\AnhTri\Chuyen_Nganh\CN9\Capstone\uni-club\node_modules\.pnpm\jest-circus@29.7.0\node_modules\jest-circus\build\run.js:126:9)
            at _runTestsForDescribeBlock (D:\AnhTri\Chuyen_Nganh\CN9\Capstone\uni-club\node_modules\.pnpm\jest-circus@29.7.0\node_modules\jest-circus\build\run.js:121:9)
            at run (D:\AnhTri\Chuyen_Nganh\CN9\Capstone\uni-club\node_modules\.pnpm\jest-circus@29.7.0\node_modules\jest-circus\build\run.js:71:3)
            at runAndTransformResultsToJestFormat (D:\AnhTri\Chuyen_Nganh\CN9\Capstone\uni-club\node_modules\.pnpm\jest-circus@29.7.0\node_modules\jest-circus\build\legacy-code-todo-rewrite\jestAdapterInit.js:122:21)
            at jestAdapter (D:\AnhTri\Chuyen_Nganh\CN9\Capstone\uni-club\node_modules\.pnpm\jest-circus@29.7.0\node_modules\jest-circus\build\legacy-code-todo-rewrite\jestAdapter.js:79:19)
            at runTestInternal (D:\AnhTri\Chuyen_Nganh\CN9\Capstone\uni-club\node_modules\.pnpm\jest-runner@29.7.0\node_modules\jest-runner\build\runTest.js:367:16)
            at runTest (D:\AnhTri\Chuyen_Nganh\CN9\Capstone\uni-club\node_modules\.pnpm\jest-runner@29.7.0\node_modules\jest-runner\build\runTest.js:444:34)
            at Object.worker (D:\AnhTri\Chuyen_Nganh\CN9\Capstone\uni-club\node_modules\.pnpm\jest-runner@29.7.0\node_modules\jest-runner\build\testWorker.js:106:12),
        type: 'unhandled exception'
      }

      50 |
      51 |   it('should apply custom className', () => {
    > 52 |     const { container } = render(
         |                                 ^
      53 |       <EmptyState
      54 |         title="Test"
      55 |         className="custom-empty-state"

      at VirtualConsole.<anonymous> (node_modules/.pnpm/jest-environment-jsdom@29.7.0/node_modules/jest-environment-jsdom/build/index.js:63:23)
      at reportException (node_modules/.pnpm/jsdom@20.0.3/node_modules/jsdom/lib/jsdom/living/helpers/runtime-script-errors.js:70:28)
      at innerInvokeEventListeners (node_modules/.pnpm/jsdom@20.0.3/node_modules/jsdom/lib/jsdom/living/events/EventTarget-impl.js:353:9)
      at invokeEventListeners (node_modules/.pnpm/jsdom@20.0.3/node_modules/jsdom/lib/jsdom/living/events/EventTarget-impl.js:286:3)
      at HTMLUnknownElementImpl._dispatch (node_modules/.pnpm/jsdom@20.0.3/node_modules/jsdom/lib/jsdom/living/events/EventTarget-impl.js:233:9)
      at HTMLUnknownElementImpl.dispatchEvent (node_modules/.pnpm/jsdom@20.0.3/node_modules/jsdom/lib/jsdom/living/events/EventTarget-impl.js:104:17)
      at HTMLUnknownElement.dispatchEvent (node_modules/.pnpm/jsdom@20.0.3/node_modules/jsdom/lib/jsdom/living/generated/EventTarget.js:241:34)
      at Object.invokeGuardedCallbackDev (node_modules/.pnpm/react-dom@18.3.1_react@18.3.1/node_modules/react-dom/cjs/react-dom.development.js:4213:16)
      at invokeGuardedCallback (node_modules/.pnpm/react-dom@18.3.1_react@18.3.1/node_modules/react-dom/cjs/react-dom.development.js:4277:31)
      at beginWork$1 (node_modules/.pnpm/react-dom@18.3.1_react@18.3.1/node_modules/react-dom/cjs/react-dom.development.js:27490:7)
      at performUnitOfWork (node_modules/.pnpm/react-dom@18.3.1_react@18.3.1/node_modules/react-dom/cjs/react-dom.development.js:26599:12)
      at workLoopSync (node_modules/.pnpm/react-dom@18.3.1_react@18.3.1/node_modules/react-dom/cjs/react-dom.development.js:26505:5)
      at renderRootSync (node_modules/.pnpm/react-dom@18.3.1_react@18.3.1/node_modules/react-dom/cjs/react-dom.development.js:26473:7)
      at recoverFromConcurrentError (node_modules/.pnpm/react-dom@18.3.1_react@18.3.1/node_modules/react-dom/cjs/react-dom.development.js:25889:20)
      at performConcurrentWorkOnRoot (node_modules/.pnpm/react-dom@18.3.1_react@18.3.1/node_modules/react-dom/cjs/react-dom.development.js:25789:22)
      at flushActQueue (node_modules/.pnpm/react@18.3.1/node_modules/react/cjs/react.development.js:2667:24)
      at act (node_modules/.pnpm/react@18.3.1/node_modules/react/cjs/react.development.js:2582:11)
      at node_modules/.pnpm/@testing-library+react@14.3_f87cc36fb81efefb9e092b092e2536a9/node_modules/@testing-library/react/dist/act-compat.js:47:25
      at renderRoot (node_modules/.pnpm/@testing-library+react@14.3_f87cc36fb81efefb9e092b092e2536a9/node_modules/@testing-library/react/dist/pure.js:180:26)
      at render (node_modules/.pnpm/@testing-library+react@14.3_f87cc36fb81efefb9e092b092e2536a9/node_modules/@testing-library/react/dist/pure.js:271:10)
      at Object.<anonymous> (__tests__/components/empty-state.test.tsx:52:33)

    console.error
      The above error occurred in the <div> component:
      
          at div
          at className (D:\AnhTri\Chuyen_Nganh\CN9\Capstone\uni-club\components\ui\card.tsx:64:24)
          at div
          at className (D:\AnhTri\Chuyen_Nganh\CN9\Capstone\uni-club\components\ui\card.tsx:5:17)
          at Icon (D:\AnhTri\Chuyen_Nganh\CN9\Capstone\uni-club\components\empty-state.tsx:17:36)
      
      Consider adding an error boundary to your tree to customize error handling behavior.
      Visit https://reactjs.org/link/error-boundaries to learn more about error boundaries.

      50 |
      51 |   it('should apply custom className', () => {
    > 52 |     const { container } = render(
         |                                 ^
      53 |       <EmptyState
      54 |         title="Test"
      55 |         className="custom-empty-state"

      at logCapturedError (node_modules/.pnpm/react-dom@18.3.1_react@18.3.1/node_modules/react-dom/cjs/react-dom.development.js:18704:23)
      at update.callback (node_modules/.pnpm/react-dom@18.3.1_react@18.3.1/node_modules/react-dom/cjs/react-dom.development.js:18737:5)
      at callCallback (node_modules/.pnpm/react-dom@18.3.1_react@18.3.1/node_modules/react-dom/cjs/react-dom.development.js:15036:12)
      at commitUpdateQueue (node_modules/.pnpm/react-dom@18.3.1_react@18.3.1/node_modules/react-dom/cjs/react-dom.development.js:15057:9)
      at commitLayoutEffectOnFiber (node_modules/.pnpm/react-dom@18.3.1_react@18.3.1/node_modules/react-dom/cjs/react-dom.development.js:23430:13)
      at commitLayoutMountEffects_complete (node_modules/.pnpm/react-dom@18.3.1_react@18.3.1/node_modules/react-dom/cjs/react-dom.development.js:24727:9)
      at commitLayoutEffects_begin (node_modules/.pnpm/react-dom@18.3.1_react@18.3.1/node_modules/react-dom/cjs/react-dom.development.js:24713:7)
      at commitLayoutEffects (node_modules/.pnpm/react-dom@18.3.1_react@18.3.1/node_modules/react-dom/cjs/react-dom.development.js:24651:3)
      at commitRootImpl (node_modules/.pnpm/react-dom@18.3.1_react@18.3.1/node_modules/react-dom/cjs/react-dom.development.js:26862:5)
      at commitRoot (node_modules/.pnpm/react-dom@18.3.1_react@18.3.1/node_modules/react-dom/cjs/react-dom.development.js:26721:5)
      at finishConcurrentRender (node_modules/.pnpm/react-dom@18.3.1_react@18.3.1/node_modules/react-dom/cjs/react-dom.development.js:25931:9)
      at performConcurrentWorkOnRoot (node_modules/.pnpm/react-dom@18.3.1_react@18.3.1/node_modules/react-dom/cjs/react-dom.development.js:25848:7)
      at flushActQueue (node_modules/.pnpm/react@18.3.1/node_modules/react/cjs/react.development.js:2667:24)
      at act (node_modules/.pnpm/react@18.3.1/node_modules/react/cjs/react.development.js:2582:11)
      at node_modules/.pnpm/@testing-library+react@14.3_f87cc36fb81efefb9e092b092e2536a9/node_modules/@testing-library/react/dist/act-compat.js:47:25
      at renderRoot (node_modules/.pnpm/@testing-library+react@14.3_f87cc36fb81efefb9e092b092e2536a9/node_modules/@testing-library/react/dist/pure.js:180:26)
      at render (node_modules/.pnpm/@testing-library+react@14.3_f87cc36fb81efefb9e092b092e2536a9/node_modules/@testing-library/react/dist/pure.js:271:10)
      at Object.<anonymous> (__tests__/components/empty-state.test.tsx:52:33)

  ΓùÅ EmptyState Component ΓÇ║ should render with title and description

    Element type is invalid: expected a string (for built-in components) or a class/function (for composite components) but got: undefined. You likely forgot to export your component from the file it's defined in, or you might have mixed up default and named imports.

    Check the render method of `EmptyState`.

       5 | describe('EmptyState Component', () => {
       6 |   it('should render with title and description', () => {
    >  7 |     render(
         |           ^
       8 |       <EmptyState
       9 |         title="No data found"
      10 |         description="There are no items to display"

      at createFiberFromTypeAndProps (node_modules/.pnpm/react-dom@18.3.1_react@18.3.1/node_modules/react-dom/cjs/react-dom.development.js:28478:17)
      at createFiberFromElement (node_modules/.pnpm/react-dom@18.3.1_react@18.3.1/node_modules/react-dom/cjs/react-dom.development.js:28504:15)
      at createChild (node_modules/.pnpm/react-dom@18.3.1_react@18.3.1/node_modules/react-dom/cjs/react-dom.development.js:13345:28)
      at reconcileChildrenArray (node_modules/.pnpm/react-dom@18.3.1_react@18.3.1/node_modules/react-dom/cjs/react-dom.development.js:13640:25)
      at reconcileChildFibers (node_modules/.pnpm/react-dom@18.3.1_react@18.3.1/node_modules/react-dom/cjs/react-dom.development.js:14057:16)
      at reconcileChildren (node_modules/.pnpm/react-dom@18.3.1_react@18.3.1/node_modules/react-dom/cjs/react-dom.development.js:19186:28)
      at updateHostComponent (node_modules/.pnpm/react-dom@18.3.1_react@18.3.1/node_modules/react-dom/cjs/react-dom.development.js:19953:3)
      at beginWork (node_modules/.pnpm/react-dom@18.3.1_react@18.3.1/node_modules/react-dom/cjs/react-dom.development.js:21657:14)
      at beginWork$1 (node_modules/.pnpm/react-dom@18.3.1_react@18.3.1/node_modules/react-dom/cjs/react-dom.development.js:27465:14)
      at performUnitOfWork (node_modules/.pnpm/react-dom@18.3.1_react@18.3.1/node_modules/react-dom/cjs/react-dom.development.js:26599:12)
      at workLoopSync (node_modules/.pnpm/react-dom@18.3.1_react@18.3.1/node_modules/react-dom/cjs/react-dom.development.js:26505:5)
      at renderRootSync (node_modules/.pnpm/react-dom@18.3.1_react@18.3.1/node_modules/react-dom/cjs/react-dom.development.js:26473:7)
      at recoverFromConcurrentError (node_modules/.pnpm/react-dom@18.3.1_react@18.3.1/node_modules/react-dom/cjs/react-dom.development.js:25889:20)
      at performConcurrentWorkOnRoot (node_modules/.pnpm/react-dom@18.3.1_react@18.3.1/node_modules/react-dom/cjs/react-dom.development.js:25789:22)
      at flushActQueue (node_modules/.pnpm/react@18.3.1/node_modules/react/cjs/react.development.js:2667:24)
      at act (node_modules/.pnpm/react@18.3.1/node_modules/react/cjs/react.development.js:2582:11)
      at node_modules/.pnpm/@testing-library+react@14.3_f87cc36fb81efefb9e092b092e2536a9/node_modules/@testing-library/react/dist/act-compat.js:47:25
      at renderRoot (node_modules/.pnpm/@testing-library+react@14.3_f87cc36fb81efefb9e092b092e2536a9/node_modules/@testing-library/react/dist/pure.js:180:26)
      at render (node_modules/.pnpm/@testing-library+react@14.3_f87cc36fb81efefb9e092b092e2536a9/node_modules/@testing-library/react/dist/pure.js:271:10)
      at Object.<anonymous> (__tests__/components/empty-state.test.tsx:7:11)

  ΓùÅ EmptyState Component ΓÇ║ should render with custom icon

    Element type is invalid: expected a string (for built-in components) or a class/function (for composite components) but got: object.

    Check the render method of `EmptyState`.

      17 |
      18 |   it('should render with custom icon', () => {
    > 19 |     render(
         |           ^
      20 |       <EmptyState
      21 |         title="No packages"
      22 |         icon={<Package data-testid="package-icon" />}

      at createFiberFromTypeAndProps (node_modules/.pnpm/react-dom@18.3.1_react@18.3.1/node_modules/react-dom/cjs/react-dom.development.js:28478:17)
      at createFiberFromElement (node_modules/.pnpm/react-dom@18.3.1_react@18.3.1/node_modules/react-dom/cjs/react-dom.development.js:28504:15)
      at createChild (node_modules/.pnpm/react-dom@18.3.1_react@18.3.1/node_modules/react-dom/cjs/react-dom.development.js:13345:28)
      at reconcileChildrenArray (node_modules/.pnpm/react-dom@18.3.1_react@18.3.1/node_modules/react-dom/cjs/react-dom.development.js:13640:25)
      at reconcileChildFibers (node_modules/.pnpm/react-dom@18.3.1_react@18.3.1/node_modules/react-dom/cjs/react-dom.development.js:14057:16)
      at reconcileChildren (node_modules/.pnpm/react-dom@18.3.1_react@18.3.1/node_modules/react-dom/cjs/react-dom.development.js:19186:28)
      at updateHostComponent (node_modules/.pnpm/react-dom@18.3.1_react@18.3.1/node_modules/react-dom/cjs/react-dom.development.js:19953:3)
      at beginWork (node_modules/.pnpm/react-dom@18.3.1_react@18.3.1/node_modules/react-dom/cjs/react-dom.development.js:21657:14)
      at beginWork$1 (node_modules/.pnpm/react-dom@18.3.1_react@18.3.1/node_modules/react-dom/cjs/react-dom.development.js:27465:14)
      at performUnitOfWork (node_modules/.pnpm/react-dom@18.3.1_react@18.3.1/node_modules/react-dom/cjs/react-dom.development.js:26599:12)
      at workLoopSync (node_modules/.pnpm/react-dom@18.3.1_react@18.3.1/node_modules/react-dom/cjs/react-dom.development.js:26505:5)
      at renderRootSync (node_modules/.pnpm/react-dom@18.3.1_react@18.3.1/node_modules/react-dom/cjs/react-dom.development.js:26473:7)
      at recoverFromConcurrentError (node_modules/.pnpm/react-dom@18.3.1_react@18.3.1/node_modules/react-dom/cjs/react-dom.development.js:25889:20)
      at performConcurrentWorkOnRoot (node_modules/.pnpm/react-dom@18.3.1_react@18.3.1/node_modules/react-dom/cjs/react-dom.development.js:25789:22)
      at flushActQueue (node_modules/.pnpm/react@18.3.1/node_modules/react/cjs/react.development.js:2667:24)
      at act (node_modules/.pnpm/react@18.3.1/node_modules/react/cjs/react.development.js:2582:11)
      at node_modules/.pnpm/@testing-library+react@14.3_f87cc36fb81efefb9e092b092e2536a9/node_modules/@testing-library/react/dist/act-compat.js:47:25
      at renderRoot (node_modules/.pnpm/@testing-library+react@14.3_f87cc36fb81efefb9e092b092e2536a9/node_modules/@testing-library/react/dist/pure.js:180:26)
      at render (node_modules/.pnpm/@testing-library+react@14.3_f87cc36fb81efefb9e092b092e2536a9/node_modules/@testing-library/react/dist/pure.js:271:10)
      at Object.<anonymous> (__tests__/components/empty-state.test.tsx:19:11)

  ΓùÅ EmptyState Component ΓÇ║ should render without description

    Element type is invalid: expected a string (for built-in components) or a class/function (for composite components) but got: undefined. You likely forgot to export your component from the file it's defined in, or you might have mixed up default and named imports.

    Check the render method of `EmptyState`.

      28 |
      29 |   it('should render without description', () => {
    > 30 |     render(<EmptyState title="Empty" />)
         |           ^
      31 |
      32 |     expect(screen.getByText(/empty/i)).toBeInTheDocument()
      33 |     expect(screen.queryByRole('paragraph')).not.toBeInTheDocument()

      at createFiberFromTypeAndProps (node_modules/.pnpm/react-dom@18.3.1_react@18.3.1/node_modules/react-dom/cjs/react-dom.development.js:28478:17)
      at createFiberFromElement (node_modules/.pnpm/react-dom@18.3.1_react@18.3.1/node_modules/react-dom/cjs/react-dom.development.js:28504:15)
      at createChild (node_modules/.pnpm/react-dom@18.3.1_react@18.3.1/node_modules/react-dom/cjs/react-dom.development.js:13345:28)
      at reconcileChildrenArray (node_modules/.pnpm/react-dom@18.3.1_react@18.3.1/node_modules/react-dom/cjs/react-dom.development.js:13640:25)
      at reconcileChildFibers (node_modules/.pnpm/react-dom@18.3.1_react@18.3.1/node_modules/react-dom/cjs/react-dom.development.js:14057:16)
      at reconcileChildren (node_modules/.pnpm/react-dom@18.3.1_react@18.3.1/node_modules/react-dom/cjs/react-dom.development.js:19186:28)
      at updateHostComponent (node_modules/.pnpm/react-dom@18.3.1_react@18.3.1/node_modules/react-dom/cjs/react-dom.development.js:19953:3)
      at beginWork (node_modules/.pnpm/react-dom@18.3.1_react@18.3.1/node_modules/react-dom/cjs/react-dom.development.js:21657:14)
      at beginWork$1 (node_modules/.pnpm/react-dom@18.3.1_react@18.3.1/node_modules/react-dom/cjs/react-dom.development.js:27465:14)
      at performUnitOfWork (node_modules/.pnpm/react-dom@18.3.1_react@18.3.1/node_modules/react-dom/cjs/react-dom.development.js:26599:12)
      at workLoopSync (node_modules/.pnpm/react-dom@18.3.1_react@18.3.1/node_modules/react-dom/cjs/react-dom.development.js:26505:5)
      at renderRootSync (node_modules/.pnpm/react-dom@18.3.1_react@18.3.1/node_modules/react-dom/cjs/react-dom.development.js:26473:7)
      at recoverFromConcurrentError (node_modules/.pnpm/react-dom@18.3.1_react@18.3.1/node_modules/react-dom/cjs/react-dom.development.js:25889:20)
      at performConcurrentWorkOnRoot (node_modules/.pnpm/react-dom@18.3.1_react@18.3.1/node_modules/react-dom/cjs/react-dom.development.js:25789:22)
      at flushActQueue (node_modules/.pnpm/react@18.3.1/node_modules/react/cjs/react.development.js:2667:24)
      at act (node_modules/.pnpm/react@18.3.1/node_modules/react/cjs/react.development.js:2582:11)
      at node_modules/.pnpm/@testing-library+react@14.3_f87cc36fb81efefb9e092b092e2536a9/node_modules/@testing-library/react/dist/act-compat.js:47:25
      at renderRoot (node_modules/.pnpm/@testing-library+react@14.3_f87cc36fb81efefb9e092b092e2536a9/node_modules/@testing-library/react/dist/pure.js:180:26)
      at render (node_modules/.pnpm/@testing-library+react@14.3_f87cc36fb81efefb9e092b092e2536a9/node_modules/@testing-library/react/dist/pure.js:271:10)
      at Object.<anonymous> (__tests__/components/empty-state.test.tsx:30:11)

  ΓùÅ EmptyState Component ΓÇ║ should render with action button

    Element type is invalid: expected a string (for built-in components) or a class/function (for composite components) but got: undefined. You likely forgot to export your component from the file it's defined in, or you might have mixed up default and named imports.

    Check the render method of `EmptyState`.

      36 |   it('should render with action button', () => {
      37 |     const handleAction = jest.fn()
    > 38 |     render(
         |           ^
      39 |       <EmptyState
      40 |         title="No items"
      41 |         action={

      at createFiberFromTypeAndProps (node_modules/.pnpm/react-dom@18.3.1_react@18.3.1/node_modules/react-dom/cjs/react-dom.development.js:28478:17)
      at createFiberFromElement (node_modules/.pnpm/react-dom@18.3.1_react@18.3.1/node_modules/react-dom/cjs/react-dom.development.js:28504:15)
      at createChild (node_modules/.pnpm/react-dom@18.3.1_react@18.3.1/node_modules/react-dom/cjs/react-dom.development.js:13345:28)
      at reconcileChildrenArray (node_modules/.pnpm/react-dom@18.3.1_react@18.3.1/node_modules/react-dom/cjs/react-dom.development.js:13640:25)
      at reconcileChildFibers (node_modules/.pnpm/react-dom@18.3.1_react@18.3.1/node_modules/react-dom/cjs/react-dom.development.js:14057:16)
      at reconcileChildren (node_modules/.pnpm/react-dom@18.3.1_react@18.3.1/node_modules/react-dom/cjs/react-dom.development.js:19186:28)
      at updateHostComponent (node_modules/.pnpm/react-dom@18.3.1_react@18.3.1/node_modules/react-dom/cjs/react-dom.development.js:19953:3)
      at beginWork (node_modules/.pnpm/react-dom@18.3.1_react@18.3.1/node_modules/react-dom/cjs/react-dom.development.js:21657:14)
      at beginWork$1 (node_modules/.pnpm/react-dom@18.3.1_react@18.3.1/node_modules/react-dom/cjs/react-dom.development.js:27465:14)
      at performUnitOfWork (node_modules/.pnpm/react-dom@18.3.1_react@18.3.1/node_modules/react-dom/cjs/react-dom.development.js:26599:12)
      at workLoopSync (node_modules/.pnpm/react-dom@18.3.1_react@18.3.1/node_modules/react-dom/cjs/react-dom.development.js:26505:5)
      at renderRootSync (node_modules/.pnpm/react-dom@18.3.1_react@18.3.1/node_modules/react-dom/cjs/react-dom.development.js:26473:7)
      at recoverFromConcurrentError (node_modules/.pnpm/react-dom@18.3.1_react@18.3.1/node_modules/react-dom/cjs/react-dom.development.js:25889:20)
      at performConcurrentWorkOnRoot (node_modules/.pnpm/react-dom@18.3.1_react@18.3.1/node_modules/react-dom/cjs/react-dom.development.js:25789:22)
      at flushActQueue (node_modules/.pnpm/react@18.3.1/node_modules/react/cjs/react.development.js:2667:24)
      at act (node_modules/.pnpm/react@18.3.1/node_modules/react/cjs/react.development.js:2582:11)
      at node_modules/.pnpm/@testing-library+react@14.3_f87cc36fb81efefb9e092b092e2536a9/node_modules/@testing-library/react/dist/act-compat.js:47:25
      at renderRoot (node_modules/.pnpm/@testing-library+react@14.3_f87cc36fb81efefb9e092b092e2536a9/node_modules/@testing-library/react/dist/pure.js:180:26)
      at render (node_modules/.pnpm/@testing-library+react@14.3_f87cc36fb81efefb9e092b092e2536a9/node_modules/@testing-library/react/dist/pure.js:271:10)
      at Object.<anonymous> (__tests__/components/empty-state.test.tsx:38:11)

  ΓùÅ EmptyState Component ΓÇ║ should apply custom className

    Element type is invalid: expected a string (for built-in components) or a class/function (for composite components) but got: undefined. You likely forgot to export your component from the file it's defined in, or you might have mixed up default and named imports.

    Check the render method of `EmptyState`.

      50 |
      51 |   it('should apply custom className', () => {
    > 52 |     const { container } = render(
         |                                 ^
      53 |       <EmptyState
      54 |         title="Test"
      55 |         className="custom-empty-state"

      at createFiberFromTypeAndProps (node_modules/.pnpm/react-dom@18.3.1_react@18.3.1/node_modules/react-dom/cjs/react-dom.development.js:28478:17)
      at createFiberFromElement (node_modules/.pnpm/react-dom@18.3.1_react@18.3.1/node_modules/react-dom/cjs/react-dom.development.js:28504:15)
      at createChild (node_modules/.pnpm/react-dom@18.3.1_react@18.3.1/node_modules/react-dom/cjs/react-dom.development.js:13345:28)
      at reconcileChildrenArray (node_modules/.pnpm/react-dom@18.3.1_react@18.3.1/node_modules/react-dom/cjs/react-dom.development.js:13640:25)
      at reconcileChildFibers (node_modules/.pnpm/react-dom@18.3.1_react@18.3.1/node_modules/react-dom/cjs/react-dom.development.js:14057:16)
      at reconcileChildren (node_modules/.pnpm/react-dom@18.3.1_react@18.3.1/node_modules/react-dom/cjs/react-dom.development.js:19186:28)
      at updateHostComponent (node_modules/.pnpm/react-dom@18.3.1_react@18.3.1/node_modules/react-dom/cjs/react-dom.development.js:19953:3)
      at beginWork (node_modules/.pnpm/react-dom@18.3.1_react@18.3.1/node_modules/react-dom/cjs/react-dom.development.js:21657:14)
      at beginWork$1 (node_modules/.pnpm/react-dom@18.3.1_react@18.3.1/node_modules/react-dom/cjs/react-dom.development.js:27465:14)
      at performUnitOfWork (node_modules/.pnpm/react-dom@18.3.1_react@18.3.1/node_modules/react-dom/cjs/react-dom.development.js:26599:12)
      at workLoopSync (node_modules/.pnpm/react-dom@18.3.1_react@18.3.1/node_modules/react-dom/cjs/react-dom.development.js:26505:5)
      at renderRootSync (node_modules/.pnpm/react-dom@18.3.1_react@18.3.1/node_modules/react-dom/cjs/react-dom.development.js:26473:7)
      at recoverFromConcurrentError (node_modules/.pnpm/react-dom@18.3.1_react@18.3.1/node_modules/react-dom/cjs/react-dom.development.js:25889:20)
      at performConcurrentWorkOnRoot (node_modules/.pnpm/react-dom@18.3.1_react@18.3.1/node_modules/react-dom/cjs/react-dom.development.js:25789:22)
      at flushActQueue (node_modules/.pnpm/react@18.3.1/node_modules/react/cjs/react.development.js:2667:24)
      at act (node_modules/.pnpm/react@18.3.1/node_modules/react/cjs/react.development.js:2582:11)
      at node_modules/.pnpm/@testing-library+react@14.3_f87cc36fb81efefb9e092b092e2536a9/node_modules/@testing-library/react/dist/act-compat.js:47:25
      at renderRoot (node_modules/.pnpm/@testing-library+react@14.3_f87cc36fb81efefb9e092b092e2536a9/node_modules/@testing-library/react/dist/pure.js:180:26)
      at render (node_modules/.pnpm/@testing-library+react@14.3_f87cc36fb81efefb9e092b092e2536a9/node_modules/@testing-library/react/dist/pure.js:271:10)
      at Object.<anonymous> (__tests__/components/empty-state.test.tsx:52:33)

PASS __tests__/lib/eventUtils.test.tsx
PASS __tests__/hooks/use-pagination.test.ts
PASS __tests__/components/feedback-modal.test.tsx
PASS __tests__/components/ui/button.test.tsx
PASS __tests__/components/data-table.test.tsx
  ΓùÅ Console

    console.error
      Warning: Encountered two children with the same key, `undefined`. Keys should be unique so that components maintain their identity across updates. Non-unique keys may cause children to be duplicated and/or omitted ΓÇö the behavior is unsupported and could change in a future version.
          at tr
          at className (D:\AnhTri\Chuyen_Nganh\CN9\Capstone\uni-club\components\ui\table.tsx:55:21)
          at thead
          at className (D:\AnhTri\Chuyen_Nganh\CN9\Capstone\uni-club\components\ui\table.tsx:22:24)
          at table
          at div
          at className (D:\AnhTri\Chuyen_Nganh\CN9\Capstone\uni-club\components\ui\table.tsx:7:18)
          at div
          at className (D:\AnhTri\Chuyen_Nganh\CN9\Capstone\uni-club\components\ui\card.tsx:64:24)
          at div
          at className (D:\AnhTri\Chuyen_Nganh\CN9\Capstone\uni-club\components\ui\card.tsx:5:17)
          at title (D:\AnhTri\Chuyen_Nganh\CN9\Capstone\uni-club\components\data-table.tsx:44:3)

      32 |
      33 |   it('should render table component', () => {
    > 34 |     const { container } = render(<DataTable columns={columns} data={mockData} />)
         |                                 ^
      35 |     expect(container).toBeInTheDocument()
      36 |   })
      37 |

      at printWarning (node_modules/.pnpm/react-dom@18.3.1_react@18.3.1/node_modules/react-dom/cjs/react-dom.development.js:86:30)
      at error (node_modules/.pnpm/react-dom@18.3.1_react@18.3.1/node_modules/react-dom/cjs/react-dom.development.js:60:7)
      at warnOnInvalidKey (node_modules/.pnpm/react-dom@18.3.1_react@18.3.1/node_modules/react-dom/cjs/react-dom.development.js:13529:11)
      at reconcileChildrenArray (node_modules/.pnpm/react-dom@18.3.1_react@18.3.1/node_modules/react-dom/cjs/react-dom.development.js:13566:21)
      at reconcileChildFibers (node_modules/.pnpm/react-dom@18.3.1_react@18.3.1/node_modules/react-dom/cjs/react-dom.development.js:14057:16)
      at reconcileChildren (node_modules/.pnpm/react-dom@18.3.1_react@18.3.1/node_modules/react-dom/cjs/react-dom.development.js:19186:28)
      at updateHostComponent (node_modules/.pnpm/react-dom@18.3.1_react@18.3.1/node_modules/react-dom/cjs/react-dom.development.js:19953:3)
      at beginWork (node_modules/.pnpm/react-dom@18.3.1_react@18.3.1/node_modules/react-dom/cjs/react-dom.development.js:21657:14)
      at beginWork$1 (node_modules/.pnpm/react-dom@18.3.1_react@18.3.1/node_modules/react-dom/cjs/react-dom.development.js:27465:14)
      at performUnitOfWork (node_modules/.pnpm/react-dom@18.3.1_react@18.3.1/node_modules/react-dom/cjs/react-dom.development.js:26599:12)
      at workLoopSync (node_modules/.pnpm/react-dom@18.3.1_react@18.3.1/node_modules/react-dom/cjs/react-dom.development.js:26505:5)
      at renderRootSync (node_modules/.pnpm/react-dom@18.3.1_react@18.3.1/node_modules/react-dom/cjs/react-dom.development.js:26473:7)
      at performConcurrentWorkOnRoot (node_modules/.pnpm/react-dom@18.3.1_react@18.3.1/node_modules/react-dom/cjs/react-dom.development.js:25777:74)
      at flushActQueue (node_modules/.pnpm/react@18.3.1/node_modules/react/cjs/react.development.js:2667:24)
      at act (node_modules/.pnpm/react@18.3.1/node_modules/react/cjs/react.development.js:2582:11)
      at node_modules/.pnpm/@testing-library+react@14.3_f87cc36fb81efefb9e092b092e2536a9/node_modules/@testing-library/react/dist/act-compat.js:47:25
      at renderRoot (node_modules/.pnpm/@testing-library+react@14.3_f87cc36fb81efefb9e092b092e2536a9/node_modules/@testing-library/react/dist/pure.js:180:26)
      at render (node_modules/.pnpm/@testing-library+react@14.3_f87cc36fb81efefb9e092b092e2536a9/node_modules/@testing-library/react/dist/pure.js:271:10)
      at Object.<anonymous> (__tests__/components/data-table.test.tsx:34:33)

    console.error
      Warning: Encountered two children with the same key, `undefined`. Keys should be unique so that components maintain their identity across updates. Non-unique keys may cause children to be duplicated and/or omitted ΓÇö the behavior is unsupported and could change in a future version.
          at tr
          at className (D:\AnhTri\Chuyen_Nganh\CN9\Capstone\uni-club\components\ui\table.tsx:55:21)
          at thead
          at className (D:\AnhTri\Chuyen_Nganh\CN9\Capstone\uni-club\components\ui\table.tsx:22:24)
          at table
          at div
          at className (D:\AnhTri\Chuyen_Nganh\CN9\Capstone\uni-club\components\ui\table.tsx:7:18)
          at div
          at className (D:\AnhTri\Chuyen_Nganh\CN9\Capstone\uni-club\components\ui\card.tsx:64:24)
          at div
          at className (D:\AnhTri\Chuyen_Nganh\CN9\Capstone\uni-club\components\ui\card.tsx:5:17)
          at title (D:\AnhTri\Chuyen_Nganh\CN9\Capstone\uni-club\components\data-table.tsx:44:3)

      32 |
      33 |   it('should render table component', () => {
    > 34 |     const { container } = render(<DataTable columns={columns} data={mockData} />)
         |                                 ^
      35 |     expect(container).toBeInTheDocument()
      36 |   })
      37 |

      at printWarning (node_modules/.pnpm/react-dom@18.3.1_react@18.3.1/node_modules/react-dom/cjs/react-dom.development.js:86:30)
      at error (node_modules/.pnpm/react-dom@18.3.1_react@18.3.1/node_modules/react-dom/cjs/react-dom.development.js:60:7)
      at warnOnInvalidKey (node_modules/.pnpm/react-dom@18.3.1_react@18.3.1/node_modules/react-dom/cjs/react-dom.development.js:13529:11)
      at reconcileChildrenArray (node_modules/.pnpm/react-dom@18.3.1_react@18.3.1/node_modules/react-dom/cjs/react-dom.development.js:13566:21)
      at reconcileChildFibers (node_modules/.pnpm/react-dom@18.3.1_react@18.3.1/node_modules/react-dom/cjs/react-dom.development.js:14057:16)
      at reconcileChildren (node_modules/.pnpm/react-dom@18.3.1_react@18.3.1/node_modules/react-dom/cjs/react-dom.development.js:19186:28)
      at updateHostComponent (node_modules/.pnpm/react-dom@18.3.1_react@18.3.1/node_modules/react-dom/cjs/react-dom.development.js:19953:3)
      at beginWork (node_modules/.pnpm/react-dom@18.3.1_react@18.3.1/node_modules/react-dom/cjs/react-dom.development.js:21657:14)
      at beginWork$1 (node_modules/.pnpm/react-dom@18.3.1_react@18.3.1/node_modules/react-dom/cjs/react-dom.development.js:27465:14)
      at performUnitOfWork (node_modules/.pnpm/react-dom@18.3.1_react@18.3.1/node_modules/react-dom/cjs/react-dom.development.js:26599:12)
      at workLoopSync (node_modules/.pnpm/react-dom@18.3.1_react@18.3.1/node_modules/react-dom/cjs/react-dom.development.js:26505:5)
      at renderRootSync (node_modules/.pnpm/react-dom@18.3.1_react@18.3.1/node_modules/react-dom/cjs/react-dom.development.js:26473:7)
      at performConcurrentWorkOnRoot (node_modules/.pnpm/react-dom@18.3.1_react@18.3.1/node_modules/react-dom/cjs/react-dom.development.js:25777:74)
      at flushActQueue (node_modules/.pnpm/react@18.3.1/node_modules/react/cjs/react.development.js:2667:24)
      at act (node_modules/.pnpm/react@18.3.1/node_modules/react/cjs/react.development.js:2582:11)
      at node_modules/.pnpm/@testing-library+react@14.3_f87cc36fb81efefb9e092b092e2536a9/node_modules/@testing-library/react/dist/act-compat.js:47:25
      at renderRoot (node_modules/.pnpm/@testing-library+react@14.3_f87cc36fb81efefb9e092b092e2536a9/node_modules/@testing-library/react/dist/pure.js:180:26)
      at render (node_modules/.pnpm/@testing-library+react@14.3_f87cc36fb81efefb9e092b092e2536a9/node_modules/@testing-library/react/dist/pure.js:271:10)
      at Object.<anonymous> (__tests__/components/data-table.test.tsx:34:33)

    console.error
      Warning: Encountered two children with the same key, `undefined`. Keys should be unique so that components maintain their identity across updates. Non-unique keys may cause children to be duplicated and/or omitted ΓÇö the behavior is unsupported and could change in a future version.
          at tr
          at className (D:\AnhTri\Chuyen_Nganh\CN9\Capstone\uni-club\components\ui\table.tsx:55:21)
          at tbody
          at className (D:\AnhTri\Chuyen_Nganh\CN9\Capstone\uni-club\components\ui\table.tsx:32:22)
          at table
          at div
          at className (D:\AnhTri\Chuyen_Nganh\CN9\Capstone\uni-club\components\ui\table.tsx:7:18)
          at div
          at className (D:\AnhTri\Chuyen_Nganh\CN9\Capstone\uni-club\components\ui\card.tsx:64:24)
          at div
          at className (D:\AnhTri\Chuyen_Nganh\CN9\Capstone\uni-club\components\ui\card.tsx:5:17)
          at title (D:\AnhTri\Chuyen_Nganh\CN9\Capstone\uni-club\components\data-table.tsx:44:3)

      32 |
      33 |   it('should render table component', () => {
    > 34 |     const { container } = render(<DataTable columns={columns} data={mockData} />)
         |                                 ^
      35 |     expect(container).toBeInTheDocument()
      36 |   })
      37 |

      at printWarning (node_modules/.pnpm/react-dom@18.3.1_react@18.3.1/node_modules/react-dom/cjs/react-dom.development.js:86:30)
      at error (node_modules/.pnpm/react-dom@18.3.1_react@18.3.1/node_modules/react-dom/cjs/react-dom.development.js:60:7)
      at warnOnInvalidKey (node_modules/.pnpm/react-dom@18.3.1_react@18.3.1/node_modules/react-dom/cjs/react-dom.development.js:13529:11)
      at reconcileChildrenArray (node_modules/.pnpm/react-dom@18.3.1_react@18.3.1/node_modules/react-dom/cjs/react-dom.development.js:13566:21)
      at reconcileChildFibers (node_modules/.pnpm/react-dom@18.3.1_react@18.3.1/node_modules/react-dom/cjs/react-dom.development.js:14057:16)
      at reconcileChildren (node_modules/.pnpm/react-dom@18.3.1_react@18.3.1/node_modules/react-dom/cjs/react-dom.development.js:19186:28)
      at updateHostComponent (node_modules/.pnpm/react-dom@18.3.1_react@18.3.1/node_modules/react-dom/cjs/react-dom.development.js:19953:3)
      at beginWork (node_modules/.pnpm/react-dom@18.3.1_react@18.3.1/node_modules/react-dom/cjs/react-dom.development.js:21657:14)
      at beginWork$1 (node_modules/.pnpm/react-dom@18.3.1_react@18.3.1/node_modules/react-dom/cjs/react-dom.development.js:27465:14)
      at performUnitOfWork (node_modules/.pnpm/react-dom@18.3.1_react@18.3.1/node_modules/react-dom/cjs/react-dom.development.js:26599:12)
      at workLoopSync (node_modules/.pnpm/react-dom@18.3.1_react@18.3.1/node_modules/react-dom/cjs/react-dom.development.js:26505:5)
      at renderRootSync (node_modules/.pnpm/react-dom@18.3.1_react@18.3.1/node_modules/react-dom/cjs/react-dom.development.js:26473:7)
      at performConcurrentWorkOnRoot (node_modules/.pnpm/react-dom@18.3.1_react@18.3.1/node_modules/react-dom/cjs/react-dom.development.js:25777:74)
      at flushActQueue (node_modules/.pnpm/react@18.3.1/node_modules/react/cjs/react.development.js:2667:24)
      at act (node_modules/.pnpm/react@18.3.1/node_modules/react/cjs/react.development.js:2582:11)
      at node_modules/.pnpm/@testing-library+react@14.3_f87cc36fb81efefb9e092b092e2536a9/node_modules/@testing-library/react/dist/act-compat.js:47:25
      at renderRoot (node_modules/.pnpm/@testing-library+react@14.3_f87cc36fb81efefb9e092b092e2536a9/node_modules/@testing-library/react/dist/pure.js:180:26)
      at render (node_modules/.pnpm/@testing-library+react@14.3_f87cc36fb81efefb9e092b092e2536a9/node_modules/@testing-library/react/dist/pure.js:271:10)
      at Object.<anonymous> (__tests__/components/data-table.test.tsx:34:33)

    console.error
      Warning: Encountered two children with the same key, `undefined`. Keys should be unique so that components maintain their identity across updates. Non-unique keys may cause children to be duplicated and/or omitted ΓÇö the behavior is unsupported and could change in a future version.
          at tr
          at className (D:\AnhTri\Chuyen_Nganh\CN9\Capstone\uni-club\components\ui\table.tsx:55:21)
          at tbody
          at className (D:\AnhTri\Chuyen_Nganh\CN9\Capstone\uni-club\components\ui\table.tsx:32:22)
          at table
          at div
          at className (D:\AnhTri\Chuyen_Nganh\CN9\Capstone\uni-club\components\ui\table.tsx:7:18)
          at div
          at className (D:\AnhTri\Chuyen_Nganh\CN9\Capstone\uni-club\components\ui\card.tsx:64:24)
          at div
          at className (D:\AnhTri\Chuyen_Nganh\CN9\Capstone\uni-club\components\ui\card.tsx:5:17)
          at title (D:\AnhTri\Chuyen_Nganh\CN9\Capstone\uni-club\components\data-table.tsx:44:3)

      32 |
      33 |   it('should render table component', () => {
    > 34 |     const { container } = render(<DataTable columns={columns} data={mockData} />)
         |                                 ^
      35 |     expect(container).toBeInTheDocument()
      36 |   })
      37 |

      at printWarning (node_modules/.pnpm/react-dom@18.3.1_react@18.3.1/node_modules/react-dom/cjs/react-dom.development.js:86:30)
      at error (node_modules/.pnpm/react-dom@18.3.1_react@18.3.1/node_modules/react-dom/cjs/react-dom.development.js:60:7)
      at warnOnInvalidKey (node_modules/.pnpm/react-dom@18.3.1_react@18.3.1/node_modules/react-dom/cjs/react-dom.development.js:13529:11)
      at reconcileChildrenArray (node_modules/.pnpm/react-dom@18.3.1_react@18.3.1/node_modules/react-dom/cjs/react-dom.development.js:13566:21)
      at reconcileChildFibers (node_modules/.pnpm/react-dom@18.3.1_react@18.3.1/node_modules/react-dom/cjs/react-dom.development.js:14057:16)
      at reconcileChildren (node_modules/.pnpm/react-dom@18.3.1_react@18.3.1/node_modules/react-dom/cjs/react-dom.development.js:19186:28)
      at updateHostComponent (node_modules/.pnpm/react-dom@18.3.1_react@18.3.1/node_modules/react-dom/cjs/react-dom.development.js:19953:3)
      at beginWork (node_modules/.pnpm/react-dom@18.3.1_react@18.3.1/node_modules/react-dom/cjs/react-dom.development.js:21657:14)
      at beginWork$1 (node_modules/.pnpm/react-dom@18.3.1_react@18.3.1/node_modules/react-dom/cjs/react-dom.development.js:27465:14)
      at performUnitOfWork (node_modules/.pnpm/react-dom@18.3.1_react@18.3.1/node_modules/react-dom/cjs/react-dom.development.js:26599:12)
      at workLoopSync (node_modules/.pnpm/react-dom@18.3.1_react@18.3.1/node_modules/react-dom/cjs/react-dom.development.js:26505:5)
      at renderRootSync (node_modules/.pnpm/react-dom@18.3.1_react@18.3.1/node_modules/react-dom/cjs/react-dom.development.js:26473:7)
      at performConcurrentWorkOnRoot (node_modules/.pnpm/react-dom@18.3.1_react@18.3.1/node_modules/react-dom/cjs/react-dom.development.js:25777:74)
      at flushActQueue (node_modules/.pnpm/react@18.3.1/node_modules/react/cjs/react.development.js:2667:24)
      at act (node_modules/.pnpm/react@18.3.1/node_modules/react/cjs/react.development.js:2582:11)
      at node_modules/.pnpm/@testing-library+react@14.3_f87cc36fb81efefb9e092b092e2536a9/node_modules/@testing-library/react/dist/act-compat.js:47:25
      at renderRoot (node_modules/.pnpm/@testing-library+react@14.3_f87cc36fb81efefb9e092b092e2536a9/node_modules/@testing-library/react/dist/pure.js:180:26)
      at render (node_modules/.pnpm/@testing-library+react@14.3_f87cc36fb81efefb9e092b092e2536a9/node_modules/@testing-library/react/dist/pure.js:271:10)
      at Object.<anonymous> (__tests__/components/data-table.test.tsx:34:33)

    console.error
      Warning: Encountered two children with the same key, `undefined`. Keys should be unique so that components maintain their identity across updates. Non-unique keys may cause children to be duplicated and/or omitted ΓÇö the behavior is unsupported and could change in a future version.
          at tr
          at className (D:\AnhTri\Chuyen_Nganh\CN9\Capstone\uni-club\components\ui\table.tsx:55:21)
          at tbody
          at className (D:\AnhTri\Chuyen_Nganh\CN9\Capstone\uni-club\components\ui\table.tsx:32:22)
          at table
          at div
          at className (D:\AnhTri\Chuyen_Nganh\CN9\Capstone\uni-club\components\ui\table.tsx:7:18)
          at div
          at className (D:\AnhTri\Chuyen_Nganh\CN9\Capstone\uni-club\components\ui\card.tsx:64:24)
          at div
          at className (D:\AnhTri\Chuyen_Nganh\CN9\Capstone\uni-club\components\ui\card.tsx:5:17)
          at title (D:\AnhTri\Chuyen_Nganh\CN9\Capstone\uni-club\components\data-table.tsx:44:3)

      32 |
      33 |   it('should render table component', () => {
    > 34 |     const { container } = render(<DataTable columns={columns} data={mockData} />)
         |                                 ^
      35 |     expect(container).toBeInTheDocument()
      36 |   })
      37 |

      at printWarning (node_modules/.pnpm/react-dom@18.3.1_react@18.3.1/node_modules/react-dom/cjs/react-dom.development.js:86:30)
      at error (node_modules/.pnpm/react-dom@18.3.1_react@18.3.1/node_modules/react-dom/cjs/react-dom.development.js:60:7)
      at warnOnInvalidKey (node_modules/.pnpm/react-dom@18.3.1_react@18.3.1/node_modules/react-dom/cjs/react-dom.development.js:13529:11)
      at reconcileChildrenArray (node_modules/.pnpm/react-dom@18.3.1_react@18.3.1/node_modules/react-dom/cjs/react-dom.development.js:13566:21)
      at reconcileChildFibers (node_modules/.pnpm/react-dom@18.3.1_react@18.3.1/node_modules/react-dom/cjs/react-dom.development.js:14057:16)
      at reconcileChildren (node_modules/.pnpm/react-dom@18.3.1_react@18.3.1/node_modules/react-dom/cjs/react-dom.development.js:19186:28)
      at updateHostComponent (node_modules/.pnpm/react-dom@18.3.1_react@18.3.1/node_modules/react-dom/cjs/react-dom.development.js:19953:3)
      at beginWork (node_modules/.pnpm/react-dom@18.3.1_react@18.3.1/node_modules/react-dom/cjs/react-dom.development.js:21657:14)
      at beginWork$1 (node_modules/.pnpm/react-dom@18.3.1_react@18.3.1/node_modules/react-dom/cjs/react-dom.development.js:27465:14)
      at performUnitOfWork (node_modules/.pnpm/react-dom@18.3.1_react@18.3.1/node_modules/react-dom/cjs/react-dom.development.js:26599:12)
      at workLoopSync (node_modules/.pnpm/react-dom@18.3.1_react@18.3.1/node_modules/react-dom/cjs/react-dom.development.js:26505:5)
      at renderRootSync (node_modules/.pnpm/react-dom@18.3.1_react@18.3.1/node_modules/react-dom/cjs/react-dom.development.js:26473:7)
      at performConcurrentWorkOnRoot (node_modules/.pnpm/react-dom@18.3.1_react@18.3.1/node_modules/react-dom/cjs/react-dom.development.js:25777:74)
      at flushActQueue (node_modules/.pnpm/react@18.3.1/node_modules/react/cjs/react.development.js:2667:24)
      at act (node_modules/.pnpm/react@18.3.1/node_modules/react/cjs/react.development.js:2582:11)
      at node_modules/.pnpm/@testing-library+react@14.3_f87cc36fb81efefb9e092b092e2536a9/node_modules/@testing-library/react/dist/act-compat.js:47:25
      at renderRoot (node_modules/.pnpm/@testing-library+react@14.3_f87cc36fb81efefb9e092b092e2536a9/node_modules/@testing-library/react/dist/pure.js:180:26)
      at render (node_modules/.pnpm/@testing-library+react@14.3_f87cc36fb81efefb9e092b092e2536a9/node_modules/@testing-library/react/dist/pure.js:271:10)
      at Object.<anonymous> (__tests__/components/data-table.test.tsx:34:33)

    console.error
      Warning: Encountered two children with the same key, `undefined`. Keys should be unique so that components maintain their identity across updates. Non-unique keys may cause children to be duplicated and/or omitted ΓÇö the behavior is unsupported and could change in a future version.
          at tr
          at className (D:\AnhTri\Chuyen_Nganh\CN9\Capstone\uni-club\components\ui\table.tsx:55:21)
          at tbody
          at className (D:\AnhTri\Chuyen_Nganh\CN9\Capstone\uni-club\components\ui\table.tsx:32:22)
          at table
          at div
          at className (D:\AnhTri\Chuyen_Nganh\CN9\Capstone\uni-club\components\ui\table.tsx:7:18)
          at div
          at className (D:\AnhTri\Chuyen_Nganh\CN9\Capstone\uni-club\components\ui\card.tsx:64:24)
          at div
          at className (D:\AnhTri\Chuyen_Nganh\CN9\Capstone\uni-club\components\ui\card.tsx:5:17)
          at title (D:\AnhTri\Chuyen_Nganh\CN9\Capstone\uni-club\components\data-table.tsx:44:3)

      32 |
      33 |   it('should render table component', () => {
    > 34 |     const { container } = render(<DataTable columns={columns} data={mockData} />)
         |                                 ^
      35 |     expect(container).toBeInTheDocument()
      36 |   })
      37 |

      at printWarning (node_modules/.pnpm/react-dom@18.3.1_react@18.3.1/node_modules/react-dom/cjs/react-dom.development.js:86:30)
      at error (node_modules/.pnpm/react-dom@18.3.1_react@18.3.1/node_modules/react-dom/cjs/react-dom.development.js:60:7)
      at warnOnInvalidKey (node_modules/.pnpm/react-dom@18.3.1_react@18.3.1/node_modules/react-dom/cjs/react-dom.development.js:13529:11)
      at reconcileChildrenArray (node_modules/.pnpm/react-dom@18.3.1_react@18.3.1/node_modules/react-dom/cjs/react-dom.development.js:13566:21)
      at reconcileChildFibers (node_modules/.pnpm/react-dom@18.3.1_react@18.3.1/node_modules/react-dom/cjs/react-dom.development.js:14057:16)
      at reconcileChildren (node_modules/.pnpm/react-dom@18.3.1_react@18.3.1/node_modules/react-dom/cjs/react-dom.development.js:19186:28)
      at updateHostComponent (node_modules/.pnpm/react-dom@18.3.1_react@18.3.1/node_modules/react-dom/cjs/react-dom.development.js:19953:3)
      at beginWork (node_modules/.pnpm/react-dom@18.3.1_react@18.3.1/node_modules/react-dom/cjs/react-dom.development.js:21657:14)
      at beginWork$1 (node_modules/.pnpm/react-dom@18.3.1_react@18.3.1/node_modules/react-dom/cjs/react-dom.development.js:27465:14)
      at performUnitOfWork (node_modules/.pnpm/react-dom@18.3.1_react@18.3.1/node_modules/react-dom/cjs/react-dom.development.js:26599:12)
      at workLoopSync (node_modules/.pnpm/react-dom@18.3.1_react@18.3.1/node_modules/react-dom/cjs/react-dom.development.js:26505:5)
      at renderRootSync (node_modules/.pnpm/react-dom@18.3.1_react@18.3.1/node_modules/react-dom/cjs/react-dom.development.js:26473:7)
      at performConcurrentWorkOnRoot (node_modules/.pnpm/react-dom@18.3.1_react@18.3.1/node_modules/react-dom/cjs/react-dom.development.js:25777:74)
      at flushActQueue (node_modules/.pnpm/react@18.3.1/node_modules/react/cjs/react.development.js:2667:24)
      at act (node_modules/.pnpm/react@18.3.1/node_modules/react/cjs/react.development.js:2582:11)
      at node_modules/.pnpm/@testing-library+react@14.3_f87cc36fb81efefb9e092b092e2536a9/node_modules/@testing-library/react/dist/act-compat.js:47:25
      at renderRoot (node_modules/.pnpm/@testing-library+react@14.3_f87cc36fb81efefb9e092b092e2536a9/node_modules/@testing-library/react/dist/pure.js:180:26)
      at render (node_modules/.pnpm/@testing-library+react@14.3_f87cc36fb81efefb9e092b092e2536a9/node_modules/@testing-library/react/dist/pure.js:271:10)
      at Object.<anonymous> (__tests__/components/data-table.test.tsx:34:33)

    console.error
      Warning: Encountered two children with the same key, `undefined`. Keys should be unique so that components maintain their identity across updates. Non-unique keys may cause children to be duplicated and/or omitted ΓÇö the behavior is unsupported and could change in a future version.
          at tr
          at className (D:\AnhTri\Chuyen_Nganh\CN9\Capstone\uni-club\components\ui\table.tsx:55:21)
          at tbody
          at className (D:\AnhTri\Chuyen_Nganh\CN9\Capstone\uni-club\components\ui\table.tsx:32:22)
          at table
          at div
          at className (D:\AnhTri\Chuyen_Nganh\CN9\Capstone\uni-club\components\ui\table.tsx:7:18)
          at div
          at className (D:\AnhTri\Chuyen_Nganh\CN9\Capstone\uni-club\components\ui\card.tsx:64:24)
          at div
          at className (D:\AnhTri\Chuyen_Nganh\CN9\Capstone\uni-club\components\ui\card.tsx:5:17)
          at title (D:\AnhTri\Chuyen_Nganh\CN9\Capstone\uni-club\components\data-table.tsx:44:3)

      32 |
      33 |   it('should render table component', () => {
    > 34 |     const { container } = render(<DataTable columns={columns} data={mockData} />)
         |                                 ^
      35 |     expect(container).toBeInTheDocument()
      36 |   })
      37 |

      at printWarning (node_modules/.pnpm/react-dom@18.3.1_react@18.3.1/node_modules/react-dom/cjs/react-dom.development.js:86:30)
      at error (node_modules/.pnpm/react-dom@18.3.1_react@18.3.1/node_modules/react-dom/cjs/react-dom.development.js:60:7)
      at warnOnInvalidKey (node_modules/.pnpm/react-dom@18.3.1_react@18.3.1/node_modules/react-dom/cjs/react-dom.development.js:13529:11)
      at reconcileChildrenArray (node_modules/.pnpm/react-dom@18.3.1_react@18.3.1/node_modules/react-dom/cjs/react-dom.development.js:13566:21)
      at reconcileChildFibers (node_modules/.pnpm/react-dom@18.3.1_react@18.3.1/node_modules/react-dom/cjs/react-dom.development.js:14057:16)
      at reconcileChildren (node_modules/.pnpm/react-dom@18.3.1_react@18.3.1/node_modules/react-dom/cjs/react-dom.development.js:19186:28)
      at updateHostComponent (node_modules/.pnpm/react-dom@18.3.1_react@18.3.1/node_modules/react-dom/cjs/react-dom.development.js:19953:3)
      at beginWork (node_modules/.pnpm/react-dom@18.3.1_react@18.3.1/node_modules/react-dom/cjs/react-dom.development.js:21657:14)
      at beginWork$1 (node_modules/.pnpm/react-dom@18.3.1_react@18.3.1/node_modules/react-dom/cjs/react-dom.development.js:27465:14)
      at performUnitOfWork (node_modules/.pnpm/react-dom@18.3.1_react@18.3.1/node_modules/react-dom/cjs/react-dom.development.js:26599:12)
      at workLoopSync (node_modules/.pnpm/react-dom@18.3.1_react@18.3.1/node_modules/react-dom/cjs/react-dom.development.js:26505:5)
      at renderRootSync (node_modules/.pnpm/react-dom@18.3.1_react@18.3.1/node_modules/react-dom/cjs/react-dom.development.js:26473:7)
      at performConcurrentWorkOnRoot (node_modules/.pnpm/react-dom@18.3.1_react@18.3.1/node_modules/react-dom/cjs/react-dom.development.js:25777:74)
      at flushActQueue (node_modules/.pnpm/react@18.3.1/node_modules/react/cjs/react.development.js:2667:24)
      at act (node_modules/.pnpm/react@18.3.1/node_modules/react/cjs/react.development.js:2582:11)
      at node_modules/.pnpm/@testing-library+react@14.3_f87cc36fb81efefb9e092b092e2536a9/node_modules/@testing-library/react/dist/act-compat.js:47:25
      at renderRoot (node_modules/.pnpm/@testing-library+react@14.3_f87cc36fb81efefb9e092b092e2536a9/node_modules/@testing-library/react/dist/pure.js:180:26)
      at render (node_modules/.pnpm/@testing-library+react@14.3_f87cc36fb81efefb9e092b092e2536a9/node_modules/@testing-library/react/dist/pure.js:271:10)
      at Object.<anonymous> (__tests__/components/data-table.test.tsx:34:33)

    console.error
      Warning: Encountered two children with the same key, `undefined`. Keys should be unique so that components maintain their identity across updates. Non-unique keys may cause children to be duplicated and/or omitted ΓÇö the behavior is unsupported and could change in a future version.
          at tr
          at className (D:\AnhTri\Chuyen_Nganh\CN9\Capstone\uni-club\components\ui\table.tsx:55:21)
          at tbody
          at className (D:\AnhTri\Chuyen_Nganh\CN9\Capstone\uni-club\components\ui\table.tsx:32:22)
          at table
          at div
          at className (D:\AnhTri\Chuyen_Nganh\CN9\Capstone\uni-club\components\ui\table.tsx:7:18)
          at div
          at className (D:\AnhTri\Chuyen_Nganh\CN9\Capstone\uni-club\components\ui\card.tsx:64:24)
          at div
          at className (D:\AnhTri\Chuyen_Nganh\CN9\Capstone\uni-club\components\ui\card.tsx:5:17)
          at title (D:\AnhTri\Chuyen_Nganh\CN9\Capstone\uni-club\components\data-table.tsx:44:3)

      32 |
      33 |   it('should render table component', () => {
    > 34 |     const { container } = render(<DataTable columns={columns} data={mockData} />)
         |                                 ^
      35 |     expect(container).toBeInTheDocument()
      36 |   })
      37 |

      at printWarning (node_modules/.pnpm/react-dom@18.3.1_react@18.3.1/node_modules/react-dom/cjs/react-dom.development.js:86:30)
      at error (node_modules/.pnpm/react-dom@18.3.1_react@18.3.1/node_modules/react-dom/cjs/react-dom.development.js:60:7)
      at warnOnInvalidKey (node_modules/.pnpm/react-dom@18.3.1_react@18.3.1/node_modules/react-dom/cjs/react-dom.development.js:13529:11)
      at reconcileChildrenArray (node_modules/.pnpm/react-dom@18.3.1_react@18.3.1/node_modules/react-dom/cjs/react-dom.development.js:13566:21)
      at reconcileChildFibers (node_modules/.pnpm/react-dom@18.3.1_react@18.3.1/node_modules/react-dom/cjs/react-dom.development.js:14057:16)
      at reconcileChildren (node_modules/.pnpm/react-dom@18.3.1_react@18.3.1/node_modules/react-dom/cjs/react-dom.development.js:19186:28)
      at updateHostComponent (node_modules/.pnpm/react-dom@18.3.1_react@18.3.1/node_modules/react-dom/cjs/react-dom.development.js:19953:3)
      at beginWork (node_modules/.pnpm/react-dom@18.3.1_react@18.3.1/node_modules/react-dom/cjs/react-dom.development.js:21657:14)
      at beginWork$1 (node_modules/.pnpm/react-dom@18.3.1_react@18.3.1/node_modules/react-dom/cjs/react-dom.development.js:27465:14)
      at performUnitOfWork (node_modules/.pnpm/react-dom@18.3.1_react@18.3.1/node_modules/react-dom/cjs/react-dom.development.js:26599:12)
      at workLoopSync (node_modules/.pnpm/react-dom@18.3.1_react@18.3.1/node_modules/react-dom/cjs/react-dom.development.js:26505:5)
      at renderRootSync (node_modules/.pnpm/react-dom@18.3.1_react@18.3.1/node_modules/react-dom/cjs/react-dom.development.js:26473:7)
      at performConcurrentWorkOnRoot (node_modules/.pnpm/react-dom@18.3.1_react@18.3.1/node_modules/react-dom/cjs/react-dom.development.js:25777:74)
      at flushActQueue (node_modules/.pnpm/react@18.3.1/node_modules/react/cjs/react.development.js:2667:24)
      at act (node_modules/.pnpm/react@18.3.1/node_modules/react/cjs/react.development.js:2582:11)
      at node_modules/.pnpm/@testing-library+react@14.3_f87cc36fb81efefb9e092b092e2536a9/node_modules/@testing-library/react/dist/act-compat.js:47:25
      at renderRoot (node_modules/.pnpm/@testing-library+react@14.3_f87cc36fb81efefb9e092b092e2536a9/node_modules/@testing-library/react/dist/pure.js:180:26)
      at render (node_modules/.pnpm/@testing-library+react@14.3_f87cc36fb81efefb9e092b092e2536a9/node_modules/@testing-library/react/dist/pure.js:271:10)
      at Object.<anonymous> (__tests__/components/data-table.test.tsx:34:33)

    console.error
      Warning: Encountered two children with the same key, `undefined`. Keys should be unique so that components maintain their identity across updates. Non-unique keys may cause children to be duplicated and/or omitted ΓÇö the behavior is unsupported and could change in a future version.
          at tr
          at className (D:\AnhTri\Chuyen_Nganh\CN9\Capstone\uni-club\components\ui\table.tsx:55:21)
          at thead
          at className (D:\AnhTri\Chuyen_Nganh\CN9\Capstone\uni-club\components\ui\table.tsx:22:24)
          at table
          at div
          at className (D:\AnhTri\Chuyen_Nganh\CN9\Capstone\uni-club\components\ui\table.tsx:7:18)
          at div
          at className (D:\AnhTri\Chuyen_Nganh\CN9\Capstone\uni-club\components\ui\card.tsx:64:24)
          at div
          at className (D:\AnhTri\Chuyen_Nganh\CN9\Capstone\uni-club\components\ui\card.tsx:5:17)
          at title (D:\AnhTri\Chuyen_Nganh\CN9\Capstone\uni-club\components\data-table.tsx:44:3)

      37 |
      38 |   it('should handle empty data', () => {
    > 39 |     const { container } = render(<DataTable columns={columns} data={[]} />)
         |                                 ^
      40 |     expect(container).toBeInTheDocument()
      41 |   })
      42 |

      at printWarning (node_modules/.pnpm/react-dom@18.3.1_react@18.3.1/node_modules/react-dom/cjs/react-dom.development.js:86:30)
      at error (node_modules/.pnpm/react-dom@18.3.1_react@18.3.1/node_modules/react-dom/cjs/react-dom.development.js:60:7)
      at warnOnInvalidKey (node_modules/.pnpm/react-dom@18.3.1_react@18.3.1/node_modules/react-dom/cjs/react-dom.development.js:13529:11)
      at reconcileChildrenArray (node_modules/.pnpm/react-dom@18.3.1_react@18.3.1/node_modules/react-dom/cjs/react-dom.development.js:13566:21)
      at reconcileChildFibers (node_modules/.pnpm/react-dom@18.3.1_react@18.3.1/node_modules/react-dom/cjs/react-dom.development.js:14057:16)
      at reconcileChildren (node_modules/.pnpm/react-dom@18.3.1_react@18.3.1/node_modules/react-dom/cjs/react-dom.development.js:19186:28)
      at updateHostComponent (node_modules/.pnpm/react-dom@18.3.1_react@18.3.1/node_modules/react-dom/cjs/react-dom.development.js:19953:3)
      at beginWork (node_modules/.pnpm/react-dom@18.3.1_react@18.3.1/node_modules/react-dom/cjs/react-dom.development.js:21657:14)
      at beginWork$1 (node_modules/.pnpm/react-dom@18.3.1_react@18.3.1/node_modules/react-dom/cjs/react-dom.development.js:27465:14)
      at performUnitOfWork (node_modules/.pnpm/react-dom@18.3.1_react@18.3.1/node_modules/react-dom/cjs/react-dom.development.js:26599:12)
      at workLoopSync (node_modules/.pnpm/react-dom@18.3.1_react@18.3.1/node_modules/react-dom/cjs/react-dom.development.js:26505:5)
      at renderRootSync (node_modules/.pnpm/react-dom@18.3.1_react@18.3.1/node_modules/react-dom/cjs/react-dom.development.js:26473:7)
      at performConcurrentWorkOnRoot (node_modules/.pnpm/react-dom@18.3.1_react@18.3.1/node_modules/react-dom/cjs/react-dom.development.js:25777:74)
      at flushActQueue (node_modules/.pnpm/react@18.3.1/node_modules/react/cjs/react.development.js:2667:24)
      at act (node_modules/.pnpm/react@18.3.1/node_modules/react/cjs/react.development.js:2582:11)
      at node_modules/.pnpm/@testing-library+react@14.3_f87cc36fb81efefb9e092b092e2536a9/node_modules/@testing-library/react/dist/act-compat.js:47:25
      at renderRoot (node_modules/.pnpm/@testing-library+react@14.3_f87cc36fb81efefb9e092b092e2536a9/node_modules/@testing-library/react/dist/pure.js:180:26)
      at render (node_modules/.pnpm/@testing-library+react@14.3_f87cc36fb81efefb9e092b092e2536a9/node_modules/@testing-library/react/dist/pure.js:271:10)
      at Object.<anonymous> (__tests__/components/data-table.test.tsx:39:33)

    console.error
      Warning: Encountered two children with the same key, `undefined`. Keys should be unique so that components maintain their identity across updates. Non-unique keys may cause children to be duplicated and/or omitted ΓÇö the behavior is unsupported and could change in a future version.
          at tr
          at className (D:\AnhTri\Chuyen_Nganh\CN9\Capstone\uni-club\components\ui\table.tsx:55:21)
          at thead
          at className (D:\AnhTri\Chuyen_Nganh\CN9\Capstone\uni-club\components\ui\table.tsx:22:24)
          at table
          at div
          at className (D:\AnhTri\Chuyen_Nganh\CN9\Capstone\uni-club\components\ui\table.tsx:7:18)
          at div
          at className (D:\AnhTri\Chuyen_Nganh\CN9\Capstone\uni-club\components\ui\card.tsx:64:24)
          at div
          at className (D:\AnhTri\Chuyen_Nganh\CN9\Capstone\uni-club\components\ui\card.tsx:5:17)
          at title (D:\AnhTri\Chuyen_Nganh\CN9\Capstone\uni-club\components\data-table.tsx:44:3)

      37 |
      38 |   it('should handle empty data', () => {
    > 39 |     const { container } = render(<DataTable columns={columns} data={[]} />)
         |                                 ^
      40 |     expect(container).toBeInTheDocument()
      41 |   })
      42 |

      at printWarning (node_modules/.pnpm/react-dom@18.3.1_react@18.3.1/node_modules/react-dom/cjs/react-dom.development.js:86:30)
      at error (node_modules/.pnpm/react-dom@18.3.1_react@18.3.1/node_modules/react-dom/cjs/react-dom.development.js:60:7)
      at warnOnInvalidKey (node_modules/.pnpm/react-dom@18.3.1_react@18.3.1/node_modules/react-dom/cjs/react-dom.development.js:13529:11)
      at reconcileChildrenArray (node_modules/.pnpm/react-dom@18.3.1_react@18.3.1/node_modules/react-dom/cjs/react-dom.development.js:13566:21)
      at reconcileChildFibers (node_modules/.pnpm/react-dom@18.3.1_react@18.3.1/node_modules/react-dom/cjs/react-dom.development.js:14057:16)
      at reconcileChildren (node_modules/.pnpm/react-dom@18.3.1_react@18.3.1/node_modules/react-dom/cjs/react-dom.development.js:19186:28)
      at updateHostComponent (node_modules/.pnpm/react-dom@18.3.1_react@18.3.1/node_modules/react-dom/cjs/react-dom.development.js:19953:3)
      at beginWork (node_modules/.pnpm/react-dom@18.3.1_react@18.3.1/node_modules/react-dom/cjs/react-dom.development.js:21657:14)
      at beginWork$1 (node_modules/.pnpm/react-dom@18.3.1_react@18.3.1/node_modules/react-dom/cjs/react-dom.development.js:27465:14)
      at performUnitOfWork (node_modules/.pnpm/react-dom@18.3.1_react@18.3.1/node_modules/react-dom/cjs/react-dom.development.js:26599:12)
      at workLoopSync (node_modules/.pnpm/react-dom@18.3.1_react@18.3.1/node_modules/react-dom/cjs/react-dom.development.js:26505:5)
      at renderRootSync (node_modules/.pnpm/react-dom@18.3.1_react@18.3.1/node_modules/react-dom/cjs/react-dom.development.js:26473:7)
      at performConcurrentWorkOnRoot (node_modules/.pnpm/react-dom@18.3.1_react@18.3.1/node_modules/react-dom/cjs/react-dom.development.js:25777:74)
      at flushActQueue (node_modules/.pnpm/react@18.3.1/node_modules/react/cjs/react.development.js:2667:24)
      at act (node_modules/.pnpm/react@18.3.1/node_modules/react/cjs/react.development.js:2582:11)
      at node_modules/.pnpm/@testing-library+react@14.3_f87cc36fb81efefb9e092b092e2536a9/node_modules/@testing-library/react/dist/act-compat.js:47:25
      at renderRoot (node_modules/.pnpm/@testing-library+react@14.3_f87cc36fb81efefb9e092b092e2536a9/node_modules/@testing-library/react/dist/pure.js:180:26)
      at render (node_modules/.pnpm/@testing-library+react@14.3_f87cc36fb81efefb9e092b092e2536a9/node_modules/@testing-library/react/dist/pure.js:271:10)
      at Object.<anonymous> (__tests__/components/data-table.test.tsx:39:33)

    console.error
      Warning: Encountered two children with the same key, `undefined`. Keys should be unique so that components maintain their identity across updates. Non-unique keys may cause children to be duplicated and/or omitted ΓÇö the behavior is unsupported and could change in a future version.
          at tr
          at className (D:\AnhTri\Chuyen_Nganh\CN9\Capstone\uni-club\components\ui\table.tsx:55:21)
          at thead
          at className (D:\AnhTri\Chuyen_Nganh\CN9\Capstone\uni-club\components\ui\table.tsx:22:24)
          at table
          at div
          at className (D:\AnhTri\Chuyen_Nganh\CN9\Capstone\uni-club\components\ui\table.tsx:7:18)
          at div
          at className (D:\AnhTri\Chuyen_Nganh\CN9\Capstone\uni-club\components\ui\card.tsx:64:24)
          at div
          at className (D:\AnhTri\Chuyen_Nganh\CN9\Capstone\uni-club\components\ui\card.tsx:5:17)
          at title (D:\AnhTri\Chuyen_Nganh\CN9\Capstone\uni-club\components\data-table.tsx:44:3)

      43 |   it('should accept columns and data props', () => {
      44 |     expect(() => {
    > 45 |       render(<DataTable columns={columns} data={mockData} />)
         |             ^
      46 |     }).not.toThrow()
      47 |   })
      48 | })

      at printWarning (node_modules/.pnpm/react-dom@18.3.1_react@18.3.1/node_modules/react-dom/cjs/react-dom.development.js:86:30)
      at error (node_modules/.pnpm/react-dom@18.3.1_react@18.3.1/node_modules/react-dom/cjs/react-dom.development.js:60:7)
      at warnOnInvalidKey (node_modules/.pnpm/react-dom@18.3.1_react@18.3.1/node_modules/react-dom/cjs/react-dom.development.js:13529:11)
      at reconcileChildrenArray (node_modules/.pnpm/react-dom@18.3.1_react@18.3.1/node_modules/react-dom/cjs/react-dom.development.js:13566:21)
      at reconcileChildFibers (node_modules/.pnpm/react-dom@18.3.1_react@18.3.1/node_modules/react-dom/cjs/react-dom.development.js:14057:16)
      at reconcileChildren (node_modules/.pnpm/react-dom@18.3.1_react@18.3.1/node_modules/react-dom/cjs/react-dom.development.js:19186:28)
      at updateHostComponent (node_modules/.pnpm/react-dom@18.3.1_react@18.3.1/node_modules/react-dom/cjs/react-dom.development.js:19953:3)
      at beginWork (node_modules/.pnpm/react-dom@18.3.1_react@18.3.1/node_modules/react-dom/cjs/react-dom.development.js:21657:14)
      at beginWork$1 (node_modules/.pnpm/react-dom@18.3.1_react@18.3.1/node_modules/react-dom/cjs/react-dom.development.js:27465:14)
      at performUnitOfWork (node_modules/.pnpm/react-dom@18.3.1_react@18.3.1/node_modules/react-dom/cjs/react-dom.development.js:26599:12)
      at workLoopSync (node_modules/.pnpm/react-dom@18.3.1_react@18.3.1/node_modules/react-dom/cjs/react-dom.development.js:26505:5)
      at renderRootSync (node_modules/.pnpm/react-dom@18.3.1_react@18.3.1/node_modules/react-dom/cjs/react-dom.development.js:26473:7)
      at performConcurrentWorkOnRoot (node_modules/.pnpm/react-dom@18.3.1_react@18.3.1/node_modules/react-dom/cjs/react-dom.development.js:25777:74)
      at flushActQueue (node_modules/.pnpm/react@18.3.1/node_modules/react/cjs/react.development.js:2667:24)
      at act (node_modules/.pnpm/react@18.3.1/node_modules/react/cjs/react.development.js:2582:11)
      at node_modules/.pnpm/@testing-library+react@14.3_f87cc36fb81efefb9e092b092e2536a9/node_modules/@testing-library/react/dist/act-compat.js:47:25
      at renderRoot (node_modules/.pnpm/@testing-library+react@14.3_f87cc36fb81efefb9e092b092e2536a9/node_modules/@testing-library/react/dist/pure.js:180:26)
      at render (node_modules/.pnpm/@testing-library+react@14.3_f87cc36fb81efefb9e092b092e2536a9/node_modules/@testing-library/react/dist/pure.js:271:10)
      at __tests__/components/data-table.test.tsx:45:13
      at Object.<anonymous> (node_modules/.pnpm/expect@29.7.0/node_modules/expect/build/toThrowMatchers.js:74:11)
      at Object.throwingMatcher [as toThrow] (node_modules/.pnpm/expect@29.7.0/node_modules/expect/build/index.js:320:21)
      at Object.toThrow (__tests__/components/data-table.test.tsx:46:12)

    console.error
      Warning: Encountered two children with the same key, `undefined`. Keys should be unique so that components maintain their identity across updates. Non-unique keys may cause children to be duplicated and/or omitted ΓÇö the behavior is unsupported and could change in a future version.
          at tr
          at className (D:\AnhTri\Chuyen_Nganh\CN9\Capstone\uni-club\components\ui\table.tsx:55:21)
          at thead
          at className (D:\AnhTri\Chuyen_Nganh\CN9\Capstone\uni-club\components\ui\table.tsx:22:24)
          at table
          at div
          at className (D:\AnhTri\Chuyen_Nganh\CN9\Capstone\uni-club\components\ui\table.tsx:7:18)
          at div
          at className (D:\AnhTri\Chuyen_Nganh\CN9\Capstone\uni-club\components\ui\card.tsx:64:24)
          at div
          at className (D:\AnhTri\Chuyen_Nganh\CN9\Capstone\uni-club\components\ui\card.tsx:5:17)
          at title (D:\AnhTri\Chuyen_Nganh\CN9\Capstone\uni-club\components\data-table.tsx:44:3)

      43 |   it('should accept columns and data props', () => {
      44 |     expect(() => {
    > 45 |       render(<DataTable columns={columns} data={mockData} />)
         |             ^
      46 |     }).not.toThrow()
      47 |   })
      48 | })

      at printWarning (node_modules/.pnpm/react-dom@18.3.1_react@18.3.1/node_modules/react-dom/cjs/react-dom.development.js:86:30)
      at error (node_modules/.pnpm/react-dom@18.3.1_react@18.3.1/node_modules/react-dom/cjs/react-dom.development.js:60:7)
      at warnOnInvalidKey (node_modules/.pnpm/react-dom@18.3.1_react@18.3.1/node_modules/react-dom/cjs/react-dom.development.js:13529:11)
      at reconcileChildrenArray (node_modules/.pnpm/react-dom@18.3.1_react@18.3.1/node_modules/react-dom/cjs/react-dom.development.js:13566:21)
      at reconcileChildFibers (node_modules/.pnpm/react-dom@18.3.1_react@18.3.1/node_modules/react-dom/cjs/react-dom.development.js:14057:16)
      at reconcileChildren (node_modules/.pnpm/react-dom@18.3.1_react@18.3.1/node_modules/react-dom/cjs/react-dom.development.js:19186:28)
      at updateHostComponent (node_modules/.pnpm/react-dom@18.3.1_react@18.3.1/node_modules/react-dom/cjs/react-dom.development.js:19953:3)
      at beginWork (node_modules/.pnpm/react-dom@18.3.1_react@18.3.1/node_modules/react-dom/cjs/react-dom.development.js:21657:14)
      at beginWork$1 (node_modules/.pnpm/react-dom@18.3.1_react@18.3.1/node_modules/react-dom/cjs/react-dom.development.js:27465:14)
      at performUnitOfWork (node_modules/.pnpm/react-dom@18.3.1_react@18.3.1/node_modules/react-dom/cjs/react-dom.development.js:26599:12)
      at workLoopSync (node_modules/.pnpm/react-dom@18.3.1_react@18.3.1/node_modules/react-dom/cjs/react-dom.development.js:26505:5)
      at renderRootSync (node_modules/.pnpm/react-dom@18.3.1_react@18.3.1/node_modules/react-dom/cjs/react-dom.development.js:26473:7)
      at performConcurrentWorkOnRoot (node_modules/.pnpm/react-dom@18.3.1_react@18.3.1/node_modules/react-dom/cjs/react-dom.development.js:25777:74)
      at flushActQueue (node_modules/.pnpm/react@18.3.1/node_modules/react/cjs/react.development.js:2667:24)
      at act (node_modules/.pnpm/react@18.3.1/node_modules/react/cjs/react.development.js:2582:11)
      at node_modules/.pnpm/@testing-library+react@14.3_f87cc36fb81efefb9e092b092e2536a9/node_modules/@testing-library/react/dist/act-compat.js:47:25
      at renderRoot (node_modules/.pnpm/@testing-library+react@14.3_f87cc36fb81efefb9e092b092e2536a9/node_modules/@testing-library/react/dist/pure.js:180:26)
      at render (node_modules/.pnpm/@testing-library+react@14.3_f87cc36fb81efefb9e092b092e2536a9/node_modules/@testing-library/react/dist/pure.js:271:10)
      at __tests__/components/data-table.test.tsx:45:13
      at Object.<anonymous> (node_modules/.pnpm/expect@29.7.0/node_modules/expect/build/toThrowMatchers.js:74:11)
      at Object.throwingMatcher [as toThrow] (node_modules/.pnpm/expect@29.7.0/node_modules/expect/build/index.js:320:21)
      at Object.toThrow (__tests__/components/data-table.test.tsx:46:12)

    console.error
      Warning: Encountered two children with the same key, `undefined`. Keys should be unique so that components maintain their identity across updates. Non-unique keys may cause children to be duplicated and/or omitted ΓÇö the behavior is unsupported and could change in a future version.
          at tr
          at className (D:\AnhTri\Chuyen_Nganh\CN9\Capstone\uni-club\components\ui\table.tsx:55:21)
          at tbody
          at className (D:\AnhTri\Chuyen_Nganh\CN9\Capstone\uni-club\components\ui\table.tsx:32:22)
          at table
          at div
          at className (D:\AnhTri\Chuyen_Nganh\CN9\Capstone\uni-club\components\ui\table.tsx:7:18)
          at div
          at className (D:\AnhTri\Chuyen_Nganh\CN9\Capstone\uni-club\components\ui\card.tsx:64:24)
          at div
          at className (D:\AnhTri\Chuyen_Nganh\CN9\Capstone\uni-club\components\ui\card.tsx:5:17)
          at title (D:\AnhTri\Chuyen_Nganh\CN9\Capstone\uni-club\components\data-table.tsx:44:3)

      43 |   it('should accept columns and data props', () => {
      44 |     expect(() => {
    > 45 |       render(<DataTable columns={columns} data={mockData} />)
         |             ^
      46 |     }).not.toThrow()
      47 |   })
      48 | })

      at printWarning (node_modules/.pnpm/react-dom@18.3.1_react@18.3.1/node_modules/react-dom/cjs/react-dom.development.js:86:30)
      at error (node_modules/.pnpm/react-dom@18.3.1_react@18.3.1/node_modules/react-dom/cjs/react-dom.development.js:60:7)
      at warnOnInvalidKey (node_modules/.pnpm/react-dom@18.3.1_react@18.3.1/node_modules/react-dom/cjs/react-dom.development.js:13529:11)
      at reconcileChildrenArray (node_modules/.pnpm/react-dom@18.3.1_react@18.3.1/node_modules/react-dom/cjs/react-dom.development.js:13566:21)
      at reconcileChildFibers (node_modules/.pnpm/react-dom@18.3.1_react@18.3.1/node_modules/react-dom/cjs/react-dom.development.js:14057:16)
      at reconcileChildren (node_modules/.pnpm/react-dom@18.3.1_react@18.3.1/node_modules/react-dom/cjs/react-dom.development.js:19186:28)
      at updateHostComponent (node_modules/.pnpm/react-dom@18.3.1_react@18.3.1/node_modules/react-dom/cjs/react-dom.development.js:19953:3)
      at beginWork (node_modules/.pnpm/react-dom@18.3.1_react@18.3.1/node_modules/react-dom/cjs/react-dom.development.js:21657:14)
      at beginWork$1 (node_modules/.pnpm/react-dom@18.3.1_react@18.3.1/node_modules/react-dom/cjs/react-dom.development.js:27465:14)
      at performUnitOfWork (node_modules/.pnpm/react-dom@18.3.1_react@18.3.1/node_modules/react-dom/cjs/react-dom.development.js:26599:12)
      at workLoopSync (node_modules/.pnpm/react-dom@18.3.1_react@18.3.1/node_modules/react-dom/cjs/react-dom.development.js:26505:5)
      at renderRootSync (node_modules/.pnpm/react-dom@18.3.1_react@18.3.1/node_modules/react-dom/cjs/react-dom.development.js:26473:7)
      at performConcurrentWorkOnRoot (node_modules/.pnpm/react-dom@18.3.1_react@18.3.1/node_modules/react-dom/cjs/react-dom.development.js:25777:74)
      at flushActQueue (node_modules/.pnpm/react@18.3.1/node_modules/react/cjs/react.development.js:2667:24)
      at act (node_modules/.pnpm/react@18.3.1/node_modules/react/cjs/react.development.js:2582:11)
      at node_modules/.pnpm/@testing-library+react@14.3_f87cc36fb81efefb9e092b092e2536a9/node_modules/@testing-library/react/dist/act-compat.js:47:25
      at renderRoot (node_modules/.pnpm/@testing-library+react@14.3_f87cc36fb81efefb9e092b092e2536a9/node_modules/@testing-library/react/dist/pure.js:180:26)
      at render (node_modules/.pnpm/@testing-library+react@14.3_f87cc36fb81efefb9e092b092e2536a9/node_modules/@testing-library/react/dist/pure.js:271:10)
      at __tests__/components/data-table.test.tsx:45:13
      at Object.<anonymous> (node_modules/.pnpm/expect@29.7.0/node_modules/expect/build/toThrowMatchers.js:74:11)
      at Object.throwingMatcher [as toThrow] (node_modules/.pnpm/expect@29.7.0/node_modules/expect/build/index.js:320:21)
      at Object.toThrow (__tests__/components/data-table.test.tsx:46:12)

    console.error
      Warning: Encountered two children with the same key, `undefined`. Keys should be unique so that components maintain their identity across updates. Non-unique keys may cause children to be duplicated and/or omitted ΓÇö the behavior is unsupported and could change in a future version.
          at tr
          at className (D:\AnhTri\Chuyen_Nganh\CN9\Capstone\uni-club\components\ui\table.tsx:55:21)
          at tbody
          at className (D:\AnhTri\Chuyen_Nganh\CN9\Capstone\uni-club\components\ui\table.tsx:32:22)
          at table
          at div
          at className (D:\AnhTri\Chuyen_Nganh\CN9\Capstone\uni-club\components\ui\table.tsx:7:18)
          at div
          at className (D:\AnhTri\Chuyen_Nganh\CN9\Capstone\uni-club\components\ui\card.tsx:64:24)
          at div
          at className (D:\AnhTri\Chuyen_Nganh\CN9\Capstone\uni-club\components\ui\card.tsx:5:17)
          at title (D:\AnhTri\Chuyen_Nganh\CN9\Capstone\uni-club\components\data-table.tsx:44:3)

      43 |   it('should accept columns and data props', () => {
      44 |     expect(() => {
    > 45 |       render(<DataTable columns={columns} data={mockData} />)
         |             ^
      46 |     }).not.toThrow()
      47 |   })
      48 | })

      at printWarning (node_modules/.pnpm/react-dom@18.3.1_react@18.3.1/node_modules/react-dom/cjs/react-dom.development.js:86:30)
      at error (node_modules/.pnpm/react-dom@18.3.1_react@18.3.1/node_modules/react-dom/cjs/react-dom.development.js:60:7)
      at warnOnInvalidKey (node_modules/.pnpm/react-dom@18.3.1_react@18.3.1/node_modules/react-dom/cjs/react-dom.development.js:13529:11)
      at reconcileChildrenArray (node_modules/.pnpm/react-dom@18.3.1_react@18.3.1/node_modules/react-dom/cjs/react-dom.development.js:13566:21)
      at reconcileChildFibers (node_modules/.pnpm/react-dom@18.3.1_react@18.3.1/node_modules/react-dom/cjs/react-dom.development.js:14057:16)
      at reconcileChildren (node_modules/.pnpm/react-dom@18.3.1_react@18.3.1/node_modules/react-dom/cjs/react-dom.development.js:19186:28)
      at updateHostComponent (node_modules/.pnpm/react-dom@18.3.1_react@18.3.1/node_modules/react-dom/cjs/react-dom.development.js:19953:3)
      at beginWork (node_modules/.pnpm/react-dom@18.3.1_react@18.3.1/node_modules/react-dom/cjs/react-dom.development.js:21657:14)
      at beginWork$1 (node_modules/.pnpm/react-dom@18.3.1_react@18.3.1/node_modules/react-dom/cjs/react-dom.development.js:27465:14)
      at performUnitOfWork (node_modules/.pnpm/react-dom@18.3.1_react@18.3.1/node_modules/react-dom/cjs/react-dom.development.js:26599:12)
      at workLoopSync (node_modules/.pnpm/react-dom@18.3.1_react@18.3.1/node_modules/react-dom/cjs/react-dom.development.js:26505:5)
      at renderRootSync (node_modules/.pnpm/react-dom@18.3.1_react@18.3.1/node_modules/react-dom/cjs/react-dom.development.js:26473:7)
      at performConcurrentWorkOnRoot (node_modules/.pnpm/react-dom@18.3.1_react@18.3.1/node_modules/react-dom/cjs/react-dom.development.js:25777:74)
      at flushActQueue (node_modules/.pnpm/react@18.3.1/node_modules/react/cjs/react.development.js:2667:24)
      at act (node_modules/.pnpm/react@18.3.1/node_modules/react/cjs/react.development.js:2582:11)
      at node_modules/.pnpm/@testing-library+react@14.3_f87cc36fb81efefb9e092b092e2536a9/node_modules/@testing-library/react/dist/act-compat.js:47:25
      at renderRoot (node_modules/.pnpm/@testing-library+react@14.3_f87cc36fb81efefb9e092b092e2536a9/node_modules/@testing-library/react/dist/pure.js:180:26)
      at render (node_modules/.pnpm/@testing-library+react@14.3_f87cc36fb81efefb9e092b092e2536a9/node_modules/@testing-library/react/dist/pure.js:271:10)
      at __tests__/components/data-table.test.tsx:45:13
      at Object.<anonymous> (node_modules/.pnpm/expect@29.7.0/node_modules/expect/build/toThrowMatchers.js:74:11)
      at Object.throwingMatcher [as toThrow] (node_modules/.pnpm/expect@29.7.0/node_modules/expect/build/index.js:320:21)
      at Object.toThrow (__tests__/components/data-table.test.tsx:46:12)

    console.error
      Warning: Encountered two children with the same key, `undefined`. Keys should be unique so that components maintain their identity across updates. Non-unique keys may cause children to be duplicated and/or omitted ΓÇö the behavior is unsupported and could change in a future version.
          at tr
          at className (D:\AnhTri\Chuyen_Nganh\CN9\Capstone\uni-club\components\ui\table.tsx:55:21)
          at tbody
          at className (D:\AnhTri\Chuyen_Nganh\CN9\Capstone\uni-club\components\ui\table.tsx:32:22)
          at table
          at div
          at className (D:\AnhTri\Chuyen_Nganh\CN9\Capstone\uni-club\components\ui\table.tsx:7:18)
          at div
          at className (D:\AnhTri\Chuyen_Nganh\CN9\Capstone\uni-club\components\ui\card.tsx:64:24)
          at div
          at className (D:\AnhTri\Chuyen_Nganh\CN9\Capstone\uni-club\components\ui\card.tsx:5:17)
          at title (D:\AnhTri\Chuyen_Nganh\CN9\Capstone\uni-club\components\data-table.tsx:44:3)

      43 |   it('should accept columns and data props', () => {
      44 |     expect(() => {
    > 45 |       render(<DataTable columns={columns} data={mockData} />)
         |             ^
      46 |     }).not.toThrow()
      47 |   })
      48 | })

      at printWarning (node_modules/.pnpm/react-dom@18.3.1_react@18.3.1/node_modules/react-dom/cjs/react-dom.development.js:86:30)
      at error (node_modules/.pnpm/react-dom@18.3.1_react@18.3.1/node_modules/react-dom/cjs/react-dom.development.js:60:7)
      at warnOnInvalidKey (node_modules/.pnpm/react-dom@18.3.1_react@18.3.1/node_modules/react-dom/cjs/react-dom.development.js:13529:11)
      at reconcileChildrenArray (node_modules/.pnpm/react-dom@18.3.1_react@18.3.1/node_modules/react-dom/cjs/react-dom.development.js:13566:21)
      at reconcileChildFibers (node_modules/.pnpm/react-dom@18.3.1_react@18.3.1/node_modules/react-dom/cjs/react-dom.development.js:14057:16)
      at reconcileChildren (node_modules/.pnpm/react-dom@18.3.1_react@18.3.1/node_modules/react-dom/cjs/react-dom.development.js:19186:28)
      at updateHostComponent (node_modules/.pnpm/react-dom@18.3.1_react@18.3.1/node_modules/react-dom/cjs/react-dom.development.js:19953:3)
      at beginWork (node_modules/.pnpm/react-dom@18.3.1_react@18.3.1/node_modules/react-dom/cjs/react-dom.development.js:21657:14)
      at beginWork$1 (node_modules/.pnpm/react-dom@18.3.1_react@18.3.1/node_modules/react-dom/cjs/react-dom.development.js:27465:14)
      at performUnitOfWork (node_modules/.pnpm/react-dom@18.3.1_react@18.3.1/node_modules/react-dom/cjs/react-dom.development.js:26599:12)
      at workLoopSync (node_modules/.pnpm/react-dom@18.3.1_react@18.3.1/node_modules/react-dom/cjs/react-dom.development.js:26505:5)
      at renderRootSync (node_modules/.pnpm/react-dom@18.3.1_react@18.3.1/node_modules/react-dom/cjs/react-dom.development.js:26473:7)
      at performConcurrentWorkOnRoot (node_modules/.pnpm/react-dom@18.3.1_react@18.3.1/node_modules/react-dom/cjs/react-dom.development.js:25777:74)
      at flushActQueue (node_modules/.pnpm/react@18.3.1/node_modules/react/cjs/react.development.js:2667:24)
      at act (node_modules/.pnpm/react@18.3.1/node_modules/react/cjs/react.development.js:2582:11)
      at node_modules/.pnpm/@testing-library+react@14.3_f87cc36fb81efefb9e092b092e2536a9/node_modules/@testing-library/react/dist/act-compat.js:47:25
      at renderRoot (node_modules/.pnpm/@testing-library+react@14.3_f87cc36fb81efefb9e092b092e2536a9/node_modules/@testing-library/react/dist/pure.js:180:26)
      at render (node_modules/.pnpm/@testing-library+react@14.3_f87cc36fb81efefb9e092b092e2536a9/node_modules/@testing-library/react/dist/pure.js:271:10)
      at __tests__/components/data-table.test.tsx:45:13
      at Object.<anonymous> (node_modules/.pnpm/expect@29.7.0/node_modules/expect/build/toThrowMatchers.js:74:11)
      at Object.throwingMatcher [as toThrow] (node_modules/.pnpm/expect@29.7.0/node_modules/expect/build/index.js:320:21)
      at Object.toThrow (__tests__/components/data-table.test.tsx:46:12)

    console.error
      Warning: Encountered two children with the same key, `undefined`. Keys should be unique so that components maintain their identity across updates. Non-unique keys may cause children to be duplicated and/or omitted ΓÇö the behavior is unsupported and could change in a future version.
          at tr
          at className (D:\AnhTri\Chuyen_Nganh\CN9\Capstone\uni-club\components\ui\table.tsx:55:21)
          at tbody
          at className (D:\AnhTri\Chuyen_Nganh\CN9\Capstone\uni-club\components\ui\table.tsx:32:22)
          at table
          at div
          at className (D:\AnhTri\Chuyen_Nganh\CN9\Capstone\uni-club\components\ui\table.tsx:7:18)
          at div
          at className (D:\AnhTri\Chuyen_Nganh\CN9\Capstone\uni-club\components\ui\card.tsx:64:24)
          at div
          at className (D:\AnhTri\Chuyen_Nganh\CN9\Capstone\uni-club\components\ui\card.tsx:5:17)
          at title (D:\AnhTri\Chuyen_Nganh\CN9\Capstone\uni-club\components\data-table.tsx:44:3)

      43 |   it('should accept columns and data props', () => {
      44 |     expect(() => {
    > 45 |       render(<DataTable columns={columns} data={mockData} />)
         |             ^
      46 |     }).not.toThrow()
      47 |   })
      48 | })

      at printWarning (node_modules/.pnpm/react-dom@18.3.1_react@18.3.1/node_modules/react-dom/cjs/react-dom.development.js:86:30)
      at error (node_modules/.pnpm/react-dom@18.3.1_react@18.3.1/node_modules/react-dom/cjs/react-dom.development.js:60:7)
      at warnOnInvalidKey (node_modules/.pnpm/react-dom@18.3.1_react@18.3.1/node_modules/react-dom/cjs/react-dom.development.js:13529:11)
      at reconcileChildrenArray (node_modules/.pnpm/react-dom@18.3.1_react@18.3.1/node_modules/react-dom/cjs/react-dom.development.js:13566:21)
      at reconcileChildFibers (node_modules/.pnpm/react-dom@18.3.1_react@18.3.1/node_modules/react-dom/cjs/react-dom.development.js:14057:16)
      at reconcileChildren (node_modules/.pnpm/react-dom@18.3.1_react@18.3.1/node_modules/react-dom/cjs/react-dom.development.js:19186:28)
      at updateHostComponent (node_modules/.pnpm/react-dom@18.3.1_react@18.3.1/node_modules/react-dom/cjs/react-dom.development.js:19953:3)
      at beginWork (node_modules/.pnpm/react-dom@18.3.1_react@18.3.1/node_modules/react-dom/cjs/react-dom.development.js:21657:14)
      at beginWork$1 (node_modules/.pnpm/react-dom@18.3.1_react@18.3.1/node_modules/react-dom/cjs/react-dom.development.js:27465:14)
      at performUnitOfWork (node_modules/.pnpm/react-dom@18.3.1_react@18.3.1/node_modules/react-dom/cjs/react-dom.development.js:26599:12)
      at workLoopSync (node_modules/.pnpm/react-dom@18.3.1_react@18.3.1/node_modules/react-dom/cjs/react-dom.development.js:26505:5)
      at renderRootSync (node_modules/.pnpm/react-dom@18.3.1_react@18.3.1/node_modules/react-dom/cjs/react-dom.development.js:26473:7)
      at performConcurrentWorkOnRoot (node_modules/.pnpm/react-dom@18.3.1_react@18.3.1/node_modules/react-dom/cjs/react-dom.development.js:25777:74)
      at flushActQueue (node_modules/.pnpm/react@18.3.1/node_modules/react/cjs/react.development.js:2667:24)
      at act (node_modules/.pnpm/react@18.3.1/node_modules/react/cjs/react.development.js:2582:11)
      at node_modules/.pnpm/@testing-library+react@14.3_f87cc36fb81efefb9e092b092e2536a9/node_modules/@testing-library/react/dist/act-compat.js:47:25
      at renderRoot (node_modules/.pnpm/@testing-library+react@14.3_f87cc36fb81efefb9e092b092e2536a9/node_modules/@testing-library/react/dist/pure.js:180:26)
      at render (node_modules/.pnpm/@testing-library+react@14.3_f87cc36fb81efefb9e092b092e2536a9/node_modules/@testing-library/react/dist/pure.js:271:10)
      at __tests__/components/data-table.test.tsx:45:13
      at Object.<anonymous> (node_modules/.pnpm/expect@29.7.0/node_modules/expect/build/toThrowMatchers.js:74:11)
      at Object.throwingMatcher [as toThrow] (node_modules/.pnpm/expect@29.7.0/node_modules/expect/build/index.js:320:21)
      at Object.toThrow (__tests__/components/data-table.test.tsx:46:12)

    console.error
      Warning: Encountered two children with the same key, `undefined`. Keys should be unique so that components maintain their identity across updates. Non-unique keys may cause children to be duplicated and/or omitted ΓÇö the behavior is unsupported and could change in a future version.
          at tr
          at className (D:\AnhTri\Chuyen_Nganh\CN9\Capstone\uni-club\components\ui\table.tsx:55:21)
          at tbody
          at className (D:\AnhTri\Chuyen_Nganh\CN9\Capstone\uni-club\components\ui\table.tsx:32:22)
          at table
          at div
          at className (D:\AnhTri\Chuyen_Nganh\CN9\Capstone\uni-club\components\ui\table.tsx:7:18)
          at div
          at className (D:\AnhTri\Chuyen_Nganh\CN9\Capstone\uni-club\components\ui\card.tsx:64:24)
          at div
          at className (D:\AnhTri\Chuyen_Nganh\CN9\Capstone\uni-club\components\ui\card.tsx:5:17)
          at title (D:\AnhTri\Chuyen_Nganh\CN9\Capstone\uni-club\components\data-table.tsx:44:3)

      43 |   it('should accept columns and data props', () => {
      44 |     expect(() => {
    > 45 |       render(<DataTable columns={columns} data={mockData} />)
         |             ^
      46 |     }).not.toThrow()
      47 |   })
      48 | })

      at printWarning (node_modules/.pnpm/react-dom@18.3.1_react@18.3.1/node_modules/react-dom/cjs/react-dom.development.js:86:30)
      at error (node_modules/.pnpm/react-dom@18.3.1_react@18.3.1/node_modules/react-dom/cjs/react-dom.development.js:60:7)
      at warnOnInvalidKey (node_modules/.pnpm/react-dom@18.3.1_react@18.3.1/node_modules/react-dom/cjs/react-dom.development.js:13529:11)
      at reconcileChildrenArray (node_modules/.pnpm/react-dom@18.3.1_react@18.3.1/node_modules/react-dom/cjs/react-dom.development.js:13566:21)
      at reconcileChildFibers (node_modules/.pnpm/react-dom@18.3.1_react@18.3.1/node_modules/react-dom/cjs/react-dom.development.js:14057:16)
      at reconcileChildren (node_modules/.pnpm/react-dom@18.3.1_react@18.3.1/node_modules/react-dom/cjs/react-dom.development.js:19186:28)
      at updateHostComponent (node_modules/.pnpm/react-dom@18.3.1_react@18.3.1/node_modules/react-dom/cjs/react-dom.development.js:19953:3)
      at beginWork (node_modules/.pnpm/react-dom@18.3.1_react@18.3.1/node_modules/react-dom/cjs/react-dom.development.js:21657:14)
      at beginWork$1 (node_modules/.pnpm/react-dom@18.3.1_react@18.3.1/node_modules/react-dom/cjs/react-dom.development.js:27465:14)
      at performUnitOfWork (node_modules/.pnpm/react-dom@18.3.1_react@18.3.1/node_modules/react-dom/cjs/react-dom.development.js:26599:12)
      at workLoopSync (node_modules/.pnpm/react-dom@18.3.1_react@18.3.1/node_modules/react-dom/cjs/react-dom.development.js:26505:5)
      at renderRootSync (node_modules/.pnpm/react-dom@18.3.1_react@18.3.1/node_modules/react-dom/cjs/react-dom.development.js:26473:7)
      at performConcurrentWorkOnRoot (node_modules/.pnpm/react-dom@18.3.1_react@18.3.1/node_modules/react-dom/cjs/react-dom.development.js:25777:74)
      at flushActQueue (node_modules/.pnpm/react@18.3.1/node_modules/react/cjs/react.development.js:2667:24)
      at act (node_modules/.pnpm/react@18.3.1/node_modules/react/cjs/react.development.js:2582:11)
      at node_modules/.pnpm/@testing-library+react@14.3_f87cc36fb81efefb9e092b092e2536a9/node_modules/@testing-library/react/dist/act-compat.js:47:25
      at renderRoot (node_modules/.pnpm/@testing-library+react@14.3_f87cc36fb81efefb9e092b092e2536a9/node_modules/@testing-library/react/dist/pure.js:180:26)
      at render (node_modules/.pnpm/@testing-library+react@14.3_f87cc36fb81efefb9e092b092e2536a9/node_modules/@testing-library/react/dist/pure.js:271:10)
      at __tests__/components/data-table.test.tsx:45:13
      at Object.<anonymous> (node_modules/.pnpm/expect@29.7.0/node_modules/expect/build/toThrowMatchers.js:74:11)
      at Object.throwingMatcher [as toThrow] (node_modules/.pnpm/expect@29.7.0/node_modules/expect/build/index.js:320:21)
      at Object.toThrow (__tests__/components/data-table.test.tsx:46:12)

    console.error
      Warning: Encountered two children with the same key, `undefined`. Keys should be unique so that components maintain their identity across updates. Non-unique keys may cause children to be duplicated and/or omitted ΓÇö the behavior is unsupported and could change in a future version.
          at tr
          at className (D:\AnhTri\Chuyen_Nganh\CN9\Capstone\uni-club\components\ui\table.tsx:55:21)
          at tbody
          at className (D:\AnhTri\Chuyen_Nganh\CN9\Capstone\uni-club\components\ui\table.tsx:32:22)
          at table
          at div
          at className (D:\AnhTri\Chuyen_Nganh\CN9\Capstone\uni-club\components\ui\table.tsx:7:18)
          at div
          at className (D:\AnhTri\Chuyen_Nganh\CN9\Capstone\uni-club\components\ui\card.tsx:64:24)
          at div
          at className (D:\AnhTri\Chuyen_Nganh\CN9\Capstone\uni-club\components\ui\card.tsx:5:17)
          at title (D:\AnhTri\Chuyen_Nganh\CN9\Capstone\uni-club\components\data-table.tsx:44:3)

      43 |   it('should accept columns and data props', () => {
      44 |     expect(() => {
    > 45 |       render(<DataTable columns={columns} data={mockData} />)
         |             ^
      46 |     }).not.toThrow()
      47 |   })
      48 | })

      at printWarning (node_modules/.pnpm/react-dom@18.3.1_react@18.3.1/node_modules/react-dom/cjs/react-dom.development.js:86:30)
      at error (node_modules/.pnpm/react-dom@18.3.1_react@18.3.1/node_modules/react-dom/cjs/react-dom.development.js:60:7)
      at warnOnInvalidKey (node_modules/.pnpm/react-dom@18.3.1_react@18.3.1/node_modules/react-dom/cjs/react-dom.development.js:13529:11)
      at reconcileChildrenArray (node_modules/.pnpm/react-dom@18.3.1_react@18.3.1/node_modules/react-dom/cjs/react-dom.development.js:13566:21)
      at reconcileChildFibers (node_modules/.pnpm/react-dom@18.3.1_react@18.3.1/node_modules/react-dom/cjs/react-dom.development.js:14057:16)
      at reconcileChildren (node_modules/.pnpm/react-dom@18.3.1_react@18.3.1/node_modules/react-dom/cjs/react-dom.development.js:19186:28)
      at updateHostComponent (node_modules/.pnpm/react-dom@18.3.1_react@18.3.1/node_modules/react-dom/cjs/react-dom.development.js:19953:3)
      at beginWork (node_modules/.pnpm/react-dom@18.3.1_react@18.3.1/node_modules/react-dom/cjs/react-dom.development.js:21657:14)
      at beginWork$1 (node_modules/.pnpm/react-dom@18.3.1_react@18.3.1/node_modules/react-dom/cjs/react-dom.development.js:27465:14)
      at performUnitOfWork (node_modules/.pnpm/react-dom@18.3.1_react@18.3.1/node_modules/react-dom/cjs/react-dom.development.js:26599:12)
      at workLoopSync (node_modules/.pnpm/react-dom@18.3.1_react@18.3.1/node_modules/react-dom/cjs/react-dom.development.js:26505:5)
      at renderRootSync (node_modules/.pnpm/react-dom@18.3.1_react@18.3.1/node_modules/react-dom/cjs/react-dom.development.js:26473:7)
      at performConcurrentWorkOnRoot (node_modules/.pnpm/react-dom@18.3.1_react@18.3.1/node_modules/react-dom/cjs/react-dom.development.js:25777:74)
      at flushActQueue (node_modules/.pnpm/react@18.3.1/node_modules/react/cjs/react.development.js:2667:24)
      at act (node_modules/.pnpm/react@18.3.1/node_modules/react/cjs/react.development.js:2582:11)
      at node_modules/.pnpm/@testing-library+react@14.3_f87cc36fb81efefb9e092b092e2536a9/node_modules/@testing-library/react/dist/act-compat.js:47:25
      at renderRoot (node_modules/.pnpm/@testing-library+react@14.3_f87cc36fb81efefb9e092b092e2536a9/node_modules/@testing-library/react/dist/pure.js:180:26)
      at render (node_modules/.pnpm/@testing-library+react@14.3_f87cc36fb81efefb9e092b092e2536a9/node_modules/@testing-library/react/dist/pure.js:271:10)
      at __tests__/components/data-table.test.tsx:45:13
      at Object.<anonymous> (node_modules/.pnpm/expect@29.7.0/node_modules/expect/build/toThrowMatchers.js:74:11)
      at Object.throwingMatcher [as toThrow] (node_modules/.pnpm/expect@29.7.0/node_modules/expect/build/index.js:320:21)
      at Object.toThrow (__tests__/components/data-table.test.tsx:46:12)

PASS __tests__/components/ui/input.test.tsx
FAIL __tests__/contexts/auth-context.test.tsx
  ΓùÅ Console

    console.log
       [Auth] Processing login response: {
        role: 'student',
        hasClubId: false,
        hasClubIds: false,
        clubId: undefined,
        clubIds: undefined,
        requirePasswordChange: undefined
      }

      at log (contexts/auth-context.tsx:142:13)

    console.log
      AuthContext: Kh├┤ng c├│ intendedPath, ─æiß╗üu h╞░ß╗¢ng mß║╖c ─æß╗ïnh tß╗¢i: /profile

      at Object.log [as login] (contexts/auth-context.tsx:201:17)

    console.error
      Login failed Error: Invalid credentials
          at Object.<anonymous> (D:\AnhTri\Chuyen_Nganh\CN9\Capstone\uni-club\__tests__\contexts\auth-context.test.tsx:123:47)
          at Promise.then.completed (D:\AnhTri\Chuyen_Nganh\CN9\Capstone\uni-club\node_modules\.pnpm\jest-circus@29.7.0\node_modules\jest-circus\build\utils.js:298:28)
          at new Promise (<anonymous>)
          at callAsyncCircusFn (D:\AnhTri\Chuyen_Nganh\CN9\Capstone\uni-club\node_modules\.pnpm\jest-circus@29.7.0\node_modules\jest-circus\build\utils.js:231:10)
          at _callCircusTest (D:\AnhTri\Chuyen_Nganh\CN9\Capstone\uni-club\node_modules\.pnpm\jest-circus@29.7.0\node_modules\jest-circus\build\run.js:316:40)
          at _runTest (D:\AnhTri\Chuyen_Nganh\CN9\Capstone\uni-club\node_modules\.pnpm\jest-circus@29.7.0\node_modules\jest-circus\build\run.js:252:3)
          at _runTestsForDescribeBlock (D:\AnhTri\Chuyen_Nganh\CN9\Capstone\uni-club\node_modules\.pnpm\jest-circus@29.7.0\node_modules\jest-circus\build\run.js:126:9)
          at _runTestsForDescribeBlock (D:\AnhTri\Chuyen_Nganh\CN9\Capstone\uni-club\node_modules\.pnpm\jest-circus@29.7.0\node_modules\jest-circus\build\run.js:121:9)
          at _runTestsForDescribeBlock (D:\AnhTri\Chuyen_Nganh\CN9\Capstone\uni-club\node_modules\.pnpm\jest-circus@29.7.0\node_modules\jest-circus\build\run.js:121:9)
          at run (D:\AnhTri\Chuyen_Nganh\CN9\Capstone\uni-club\node_modules\.pnpm\jest-circus@29.7.0\node_modules\jest-circus\build\run.js:71:3)
          at runAndTransformResultsToJestFormat (D:\AnhTri\Chuyen_Nganh\CN9\Capstone\uni-club\node_modules\.pnpm\jest-circus@29.7.0\node_modules\jest-circus\build\legacy-code-todo-rewrite\jestAdapterInit.js:122:21)
          at jestAdapter (D:\AnhTri\Chuyen_Nganh\CN9\Capstone\uni-club\node_modules\.pnpm\jest-circus@29.7.0\node_modules\jest-circus\build\legacy-code-todo-rewrite\jestAdapter.js:79:19)
          at runTestInternal (D:\AnhTri\Chuyen_Nganh\CN9\Capstone\uni-club\node_modules\.pnpm\jest-runner@29.7.0\node_modules\jest-runner\build\runTest.js:367:16)
          at runTest (D:\AnhTri\Chuyen_Nganh\CN9\Capstone\uni-club\node_modules\.pnpm\jest-runner@29.7.0\node_modules\jest-runner\build\runTest.js:444:34)
          at Object.worker (D:\AnhTri\Chuyen_Nganh\CN9\Capstone\uni-club\node_modules\.pnpm\jest-runner@29.7.0\node_modules\jest-runner\build\testWorker.js:106:12)

      212 |       return true;
      213 |     } catch (err) {
    > 214 |       console.error("Login failed", err);
          |               ^
      215 |       return false;
      216 |     }
      217 |   };

      at Object.error (contexts/auth-context.tsx:214:15)
      at __tests__/contexts/auth-context.test.tsx:129:24

    console.log
       [Auth] Processing login response: {
        role: 'admin',
        hasClubId: false,
        hasClubIds: false,
        clubId: undefined,
        clubIds: undefined,
        requirePasswordChange: undefined
      }

      at log (contexts/auth-context.tsx:142:13)

    console.log
      AuthContext: Kh├┤ng c├│ intendedPath, ─æiß╗üu h╞░ß╗¢ng mß║╖c ─æß╗ïnh tß╗¢i: /admin

      at Object.log [as login] (contexts/auth-context.tsx:201:17)

    console.log
       [Auth] Processing login response: {
        role: 'student',
        hasClubId: false,
        hasClubIds: false,
        clubId: undefined,
        clubIds: undefined,
        requirePasswordChange: undefined
      }

      at log (contexts/auth-context.tsx:142:13)

    console.log
      AuthContext: Google login - ─æiß╗üu h╞░ß╗¢ng mß║╖c ─æß╗ïnh tß╗¢i: /profile

      at Object.log [as loginWithGoogle] (contexts/auth-context.tsx:244:17)

    console.error
      Google login failed Error: Invalid Google token
          at Object.<anonymous> (D:\AnhTri\Chuyen_Nganh\CN9\Capstone\uni-club\__tests__\contexts\auth-context.test.tsx:183:9)
          at Promise.then.completed (D:\AnhTri\Chuyen_Nganh\CN9\Capstone\uni-club\node_modules\.pnpm\jest-circus@29.7.0\node_modules\jest-circus\build\utils.js:298:28)
          at new Promise (<anonymous>)
          at callAsyncCircusFn (D:\AnhTri\Chuyen_Nganh\CN9\Capstone\uni-club\node_modules\.pnpm\jest-circus@29.7.0\node_modules\jest-circus\build\utils.js:231:10)
          at _callCircusTest (D:\AnhTri\Chuyen_Nganh\CN9\Capstone\uni-club\node_modules\.pnpm\jest-circus@29.7.0\node_modules\jest-circus\build\run.js:316:40)
          at _runTest (D:\AnhTri\Chuyen_Nganh\CN9\Capstone\uni-club\node_modules\.pnpm\jest-circus@29.7.0\node_modules\jest-circus\build\run.js:252:3)
          at _runTestsForDescribeBlock (D:\AnhTri\Chuyen_Nganh\CN9\Capstone\uni-club\node_modules\.pnpm\jest-circus@29.7.0\node_modules\jest-circus\build\run.js:126:9)
          at _runTestsForDescribeBlock (D:\AnhTri\Chuyen_Nganh\CN9\Capstone\uni-club\node_modules\.pnpm\jest-circus@29.7.0\node_modules\jest-circus\build\run.js:121:9)
          at _runTestsForDescribeBlock (D:\AnhTri\Chuyen_Nganh\CN9\Capstone\uni-club\node_modules\.pnpm\jest-circus@29.7.0\node_modules\jest-circus\build\run.js:121:9)
          at run (D:\AnhTri\Chuyen_Nganh\CN9\Capstone\uni-club\node_modules\.pnpm\jest-circus@29.7.0\node_modules\jest-circus\build\run.js:71:3)
          at runAndTransformResultsToJestFormat (D:\AnhTri\Chuyen_Nganh\CN9\Capstone\uni-club\node_modules\.pnpm\jest-circus@29.7.0\node_modules\jest-circus\build\legacy-code-todo-rewrite\jestAdapterInit.js:122:21)
          at jestAdapter (D:\AnhTri\Chuyen_Nganh\CN9\Capstone\uni-club\node_modules\.pnpm\jest-circus@29.7.0\node_modules\jest-circus\build\legacy-code-todo-rewrite\jestAdapter.js:79:19)
          at runTestInternal (D:\AnhTri\Chuyen_Nganh\CN9\Capstone\uni-club\node_modules\.pnpm\jest-runner@29.7.0\node_modules\jest-runner\build\runTest.js:367:16)
          at runTest (D:\AnhTri\Chuyen_Nganh\CN9\Capstone\uni-club\node_modules\.pnpm\jest-runner@29.7.0\node_modules\jest-runner\build\runTest.js:444:34)
          at Object.worker (D:\AnhTri\Chuyen_Nganh\CN9\Capstone\uni-club\node_modules\.pnpm\jest-runner@29.7.0\node_modules\jest-runner\build\testWorker.js:106:12)

      255 |       return true;
      256 |     } catch (err) {
    > 257 |       console.error("Google login failed", err);
          |               ^
      258 |       return false;
      259 |     }
      260 |   };

      at Object.error [as loginWithGoogle] (contexts/auth-context.tsx:257:15)
      at __tests__/contexts/auth-context.test.tsx:190:24

    console.error
      Error: AggregateError
          at Object.dispatchError (D:\AnhTri\Chuyen_Nganh\CN9\Capstone\uni-club\node_modules\.pnpm\jsdom@20.0.3\node_modules\jsdom\lib\jsdom\living\xhr\xhr-utils.js:63:19)
          at Request.<anonymous> (D:\AnhTri\Chuyen_Nganh\CN9\Capstone\uni-club\node_modules\.pnpm\jsdom@20.0.3\node_modules\jsdom\lib\jsdom\living\xhr\XMLHttpRequest-impl.js:655:18)
          at Request.emit (node:events:530:35)
          at ClientRequest.<anonymous> (D:\AnhTri\Chuyen_Nganh\CN9\Capstone\uni-club\node_modules\.pnpm\jsdom@20.0.3\node_modules\jsdom\lib\jsdom\living\helpers\http-request.js:121:14)
          at ClientRequest.emit (node:events:518:28)
          at emitErrorEvent (node:_http_client:104:11)
          at Socket.socketErrorListener (node:_http_client:518:5)
          at Socket.emit (node:events:518:28)
          at emitErrorNT (node:internal/streams/destroy:170:8)
          at emitErrorCloseNT (node:internal/streams/destroy:129:3)
          at processTicksAndRejections (node:internal/process/task_queues:90:21) {
        type: 'XMLHttpRequest'
      }

      at VirtualConsole.<anonymous> (node_modules/.pnpm/jest-environment-jsdom@29.7.0/node_modules/jest-environment-jsdom/build/index.js:63:23)
      at Object.dispatchError (node_modules/.pnpm/jsdom@20.0.3/node_modules/jsdom/lib/jsdom/living/xhr/xhr-utils.js:66:53)
      at Request.<anonymous> (node_modules/.pnpm/jsdom@20.0.3/node_modules/jsdom/lib/jsdom/living/xhr/XMLHttpRequest-impl.js:655:18)
      at ClientRequest.<anonymous> (node_modules/.pnpm/jsdom@20.0.3/node_modules/jsdom/lib/jsdom/living/helpers/http-request.js:121:14)

    console.error
       Logout: Error clearing chatbot history: AxiosError {
        message: 'Network Error',
        name: 'AxiosError',
        code: 'ERR_NETWORK',
        config: {
          transitional: {
            silentJSONParsing: true,
            forcedJSONParsing: true,
            clarifyTimeoutError: false
          },
          adapter: [ 'xhr', 'http', 'fetch' ],
          transformRequest: [ [Function: transformRequest] ],
          transformResponse: [ [Function: transformResponse] ],
          timeout: 0,
          xsrfCookieName: 'XSRF-TOKEN',
          xsrfHeaderName: 'X-XSRF-TOKEN',
          maxContentLength: -1,
          maxBodyLength: -1,
          env: { FormData: [class FormData], Blob: [class Blob] },
          validateStatus: [Function: validateStatus],
          headers: Object [AxiosHeaders] {
            Accept: 'application/json, text/plain, */*',
            'Content-Type': undefined
          },
          method: 'delete',
          url: '/api/chatbot/history?userId=123',
          allowAbsoluteUrls: true,
          data: undefined
        },
        request: XMLHttpRequest {},
        event: ProgressEvent { isTrusted: [Getter] }
      }

      274 |       }
      275 |     } catch (error) {
    > 276 |       console.error(" Logout: Error clearing chatbot history:", error);
          |               ^
      277 |       // Continue with logout even if this fails
      278 |     }
      279 |

      at Object.error [as logout] (contexts/auth-context.tsx:276:15)
      at __tests__/contexts/auth-context.test.tsx:212:9

    console.error
      Lß╗ûI NGHI├èM TRß╗îNG KHI LOGOUT: C├íc key sau vß║½n c├▓n tß╗ôn tß║íi trong storage: [
        'uniclub-auth',
        'jwtToken',
        'userRole',
        'clubly-membership-applications',
        'clubly-events',
        'clubly-clubs',
        'clubly-users',
        'clubly-club-applications',
        'clubly-policies',
        'clubly-event-requests',
        'resetUserId',
        'clubly-report-editor-content',
        'clubly-report-page-settings',
        'editor_history_meta',
        'editor_history_0',
        'editor_history_1',
        'editor_history_2',
        'editor_history_3',
        'editor_history_4',
        'editor_history_5',
        'editor_history_6',
        'editor_history_7',
        'editor_history_8',
        'editor_history_9',
        'editor_history_10',
        'editor_history_11',
        'editor_history_12',
        'editor_history_13',
        'editor_history_14',
        'editor_history_15',
        'editor_history_16',
        'editor_history_17',
        'editor_history_18',
        'editor_history_19',
        'editor_history_20',
        'editor_history_21',
        'editor_history_22',
        'editor_history_23',
        'editor_history_24',
        'report_clipboard',
        'report_clipboard_type',
        'intendedPath',
        'requirePasswordReset',
        'resetEmail'
      ]

      349 |       if (remainingKeys.length > 0) {
      350 |         // Nß║┐u vß║½n c├▓n key s├│t lß║íi, b├ío lß╗ùi ngay lß║¡p tß╗⌐c
    > 351 |         console.error(
          |                 ^
      352 |           "Lß╗ûI NGHI├èM TRß╗îNG KHI LOGOUT: C├íc key sau vß║½n c├▓n tß╗ôn tß║íi trong storage:",
      353 |           remainingKeys
      354 |         );

      at Object.error [as logout] (contexts/auth-context.tsx:351:17)
      at __tests__/contexts/auth-context.test.tsx:212:9

    console.log
       [Auth] Processing login response: {
        role: 'student',
        hasClubId: false,
        hasClubIds: false,
        clubId: undefined,
        clubIds: undefined,
        requirePasswordChange: undefined
      }

      at log (contexts/auth-context.tsx:142:13)

    console.log
      AuthContext: Kh├┤ng c├│ intendedPath, ─æiß╗üu h╞░ß╗¢ng mß║╖c ─æß╗ïnh tß╗¢i: /profile

      at Object.log [as login] (contexts/auth-context.tsx:201:17)

    console.log
       [Auth] Processing login response: {
        role: 'club_leader',
        hasClubId: false,
        hasClubIds: false,
        clubId: undefined,
        clubIds: undefined,
        requirePasswordChange: undefined
      }

      at log (contexts/auth-context.tsx:142:13)

    console.log
      AuthContext: Kh├┤ng c├│ intendedPath, ─æiß╗üu h╞░ß╗¢ng mß║╖c ─æß╗ïnh tß╗¢i: /club-leader

      at Object.log [as login] (contexts/auth-context.tsx:201:17)

  ΓùÅ AuthContext ΓÇ║ Login ΓÇ║ should redirect to correct dashboard based on role

    expect(jest.fn()).toHaveBeenCalledWith(...expected)

    Expected: "/admin"

    Number of calls: 0

    Ignored nodes: comments, script, style
    <html>
      <head />
      <body>
        <div />
      </body>
    </html>

      151 |
      152 |       await waitFor(() => {
    > 153 |         expect(mockPush).toHaveBeenCalledWith('/admin')
          |                          ^
      154 |       })
      155 |     })
      156 |   })

      at toHaveBeenCalledWith (__tests__/contexts/auth-context.test.tsx:153:26)
      at runWithExpensiveErrorDiagnosticsDisabled (node_modules/.pnpm/@testing-library+dom@9.3.4/node_modules/@testing-library/dom/dist/config.js:47:12)
      at checkCallback (node_modules/.pnpm/@testing-library+dom@9.3.4/node_modules/@testing-library/dom/dist/wait-for.js:124:77)
      at checkRealTimersCallback (node_modules/.pnpm/@testing-library+dom@9.3.4/node_modules/@testing-library/dom/dist/wait-for.js:118:16)
      at Timeout.task [as _onTimeout] (node_modules/.pnpm/jsdom@20.0.3/node_modules/jsdom/lib/jsdom/browser/Window.js:520:19)

  ΓùÅ AuthContext ΓÇ║ Google Login ΓÇ║ should login successfully with Google token

    expect(received).toBe(expected) // Object.is equality

    Expected: "google@example.com"
    Received: undefined

      176 |       expect(loginSuccess).toBe(true)
      177 |       expect(result.current.isAuthenticated).toBe(true)
    > 178 |       expect(result.current.auth.email).toBe('google@example.com')
          |                                         ^
      179 |     })
      180 |
      181 |     it('should handle Google login failure', async () => {

      at Object.toBe (__tests__/contexts/auth-context.test.tsx:178:41)

  ΓùÅ AuthContext ΓÇ║ Logout ΓÇ║ should logout and clear session data

    expect(jest.fn()).toHaveBeenCalledWith(...expected)

    Expected: "/"

    Number of calls: 0

      217 |       expect(result.current.isAuthenticated).toBe(false)
      218 |       expect(result.current.auth.userId).toBeNull()
    > 219 |       expect(mockPush).toHaveBeenCalledWith('/')
          |                        ^
      220 |     })
      221 |   })
      222 |

      at Object.toHaveBeenCalledWith (__tests__/contexts/auth-context.test.tsx:219:24)

Test Suites: 5 failed, 8 passed, 13 total
Tests:       31 failed, 87 passed, 118 total
Snapshots:   0 total
Time:        5.588 s
Ran all test suites.
ΓÇëELIFECYCLEΓÇë Test failed. See above for more details.
